Archive member included to satisfy reference by file (symbol)

D:/STM32/STM32CubeIDE_1.19.0/STM32CubeIDE/plugins/com.st.stm32cube.ide.mcu.externaltools.gnu-tools-for-stm32.13.3.rel1.win32_1.0.0.202411081344/tools/bin/../lib/gcc/arm-none-eabi/13.3.1/../../../../arm-none-eabi/lib/thumb/v7-m/nofp\libc_nano.a(libc_a-exit.o)
                              D:/STM32/STM32CubeIDE_1.19.0/STM32CubeIDE/plugins/com.st.stm32cube.ide.mcu.externaltools.gnu-tools-for-stm32.13.3.rel1.win32_1.0.0.202411081344/tools/bin/../lib/gcc/arm-none-eabi/13.3.1/../../../../arm-none-eabi/lib/thumb/v7-m/nofp/crt0.o (exit)
D:/STM32/STM32CubeIDE_1.19.0/STM32CubeIDE/plugins/com.st.stm32cube.ide.mcu.externaltools.gnu-tools-for-stm32.13.3.rel1.win32_1.0.0.202411081344/tools/bin/../lib/gcc/arm-none-eabi/13.3.1/../../../../arm-none-eabi/lib/thumb/v7-m/nofp\libc_nano.a(libc_a-findfp.o)
                              D:/STM32/STM32CubeIDE_1.19.0/STM32CubeIDE/plugins/com.st.stm32cube.ide.mcu.externaltools.gnu-tools-for-stm32.13.3.rel1.win32_1.0.0.202411081344/tools/bin/../lib/gcc/arm-none-eabi/13.3.1/../../../../arm-none-eabi/lib/thumb/v7-m/nofp\libc_nano.a(libc_a-exit.o) (__stdio_exit_handler)
D:/STM32/STM32CubeIDE_1.19.0/STM32CubeIDE/plugins/com.st.stm32cube.ide.mcu.externaltools.gnu-tools-for-stm32.13.3.rel1.win32_1.0.0.202411081344/tools/bin/../lib/gcc/arm-none-eabi/13.3.1/../../../../arm-none-eabi/lib/thumb/v7-m/nofp\libc_nano.a(libc_a-fwalk.o)
                              D:/STM32/STM32CubeIDE_1.19.0/STM32CubeIDE/plugins/com.st.stm32cube.ide.mcu.externaltools.gnu-tools-for-stm32.13.3.rel1.win32_1.0.0.202411081344/tools/bin/../lib/gcc/arm-none-eabi/13.3.1/../../../../arm-none-eabi/lib/thumb/v7-m/nofp\libc_nano.a(libc_a-findfp.o) (_fwalk_sglue)
D:/STM32/STM32CubeIDE_1.19.0/STM32CubeIDE/plugins/com.st.stm32cube.ide.mcu.externaltools.gnu-tools-for-stm32.13.3.rel1.win32_1.0.0.202411081344/tools/bin/../lib/gcc/arm-none-eabi/13.3.1/../../../../arm-none-eabi/lib/thumb/v7-m/nofp\libc_nano.a(libc_a-stdio.o)
                              D:/STM32/STM32CubeIDE_1.19.0/STM32CubeIDE/plugins/com.st.stm32cube.ide.mcu.externaltools.gnu-tools-for-stm32.13.3.rel1.win32_1.0.0.202411081344/tools/bin/../lib/gcc/arm-none-eabi/13.3.1/../../../../arm-none-eabi/lib/thumb/v7-m/nofp\libc_nano.a(libc_a-findfp.o) (__sread)
D:/STM32/STM32CubeIDE_1.19.0/STM32CubeIDE/plugins/com.st.stm32cube.ide.mcu.externaltools.gnu-tools-for-stm32.13.3.rel1.win32_1.0.0.202411081344/tools/bin/../lib/gcc/arm-none-eabi/13.3.1/../../../../arm-none-eabi/lib/thumb/v7-m/nofp\libc_nano.a(libc_a-memmove.o)
                              ./Core/Src/UARTComms.o (memmove)
D:/STM32/STM32CubeIDE_1.19.0/STM32CubeIDE/plugins/com.st.stm32cube.ide.mcu.externaltools.gnu-tools-for-stm32.13.3.rel1.win32_1.0.0.202411081344/tools/bin/../lib/gcc/arm-none-eabi/13.3.1/../../../../arm-none-eabi/lib/thumb/v7-m/nofp\libc_nano.a(libc_a-memset.o)
                              D:/STM32/STM32CubeIDE_1.19.0/STM32CubeIDE/plugins/com.st.stm32cube.ide.mcu.externaltools.gnu-tools-for-stm32.13.3.rel1.win32_1.0.0.202411081344/tools/bin/../lib/gcc/arm-none-eabi/13.3.1/../../../../arm-none-eabi/lib/thumb/v7-m/nofp/crt0.o (memset)
D:/STM32/STM32CubeIDE_1.19.0/STM32CubeIDE/plugins/com.st.stm32cube.ide.mcu.externaltools.gnu-tools-for-stm32.13.3.rel1.win32_1.0.0.202411081344/tools/bin/../lib/gcc/arm-none-eabi/13.3.1/../../../../arm-none-eabi/lib/thumb/v7-m/nofp\libc_nano.a(libc_a-closer.o)
                              D:/STM32/STM32CubeIDE_1.19.0/STM32CubeIDE/plugins/com.st.stm32cube.ide.mcu.externaltools.gnu-tools-for-stm32.13.3.rel1.win32_1.0.0.202411081344/tools/bin/../lib/gcc/arm-none-eabi/13.3.1/../../../../arm-none-eabi/lib/thumb/v7-m/nofp\libc_nano.a(libc_a-stdio.o) (_close_r)
D:/STM32/STM32CubeIDE_1.19.0/STM32CubeIDE/plugins/com.st.stm32cube.ide.mcu.externaltools.gnu-tools-for-stm32.13.3.rel1.win32_1.0.0.202411081344/tools/bin/../lib/gcc/arm-none-eabi/13.3.1/../../../../arm-none-eabi/lib/thumb/v7-m/nofp\libc_nano.a(libc_a-reent.o)
                              D:/STM32/STM32CubeIDE_1.19.0/STM32CubeIDE/plugins/com.st.stm32cube.ide.mcu.externaltools.gnu-tools-for-stm32.13.3.rel1.win32_1.0.0.202411081344/tools/bin/../lib/gcc/arm-none-eabi/13.3.1/../../../../arm-none-eabi/lib/thumb/v7-m/nofp\libc_nano.a(libc_a-closer.o) (errno)
D:/STM32/STM32CubeIDE_1.19.0/STM32CubeIDE/plugins/com.st.stm32cube.ide.mcu.externaltools.gnu-tools-for-stm32.13.3.rel1.win32_1.0.0.202411081344/tools/bin/../lib/gcc/arm-none-eabi/13.3.1/../../../../arm-none-eabi/lib/thumb/v7-m/nofp\libc_nano.a(libc_a-impure.o)
                              D:/STM32/STM32CubeIDE_1.19.0/STM32CubeIDE/plugins/com.st.stm32cube.ide.mcu.externaltools.gnu-tools-for-stm32.13.3.rel1.win32_1.0.0.202411081344/tools/bin/../lib/gcc/arm-none-eabi/13.3.1/../../../../arm-none-eabi/lib/thumb/v7-m/nofp\libc_nano.a(libc_a-reent.o) (_impure_ptr)
[...]
Memory Configuration

Name             Origin             Length             Attributes
RAM              0x20000000         0x00005000         xrw
FLASH            0x08000000         0x00010000         xr
*default*        0x00000000         0xffffffff

Linker script and memory map

LOAD D:/STM32/STM32CubeIDE_1.19.0/STM32CubeIDE/plugins/com.st.stm32cube.ide.mcu.externaltools.gnu-tools-for-stm32.13.3.rel1.win32_1.0.0.202411081344/tools/bin/../lib/gcc/arm-none-eabi/13.3.1/thumb/v7-m/nofp/crti.o
LOAD D:/STM32/STM32CubeIDE_1.19.0/STM32CubeIDE/plugins/com.st.stm32cube.ide.mcu.externaltools.gnu-tools-for-stm32.13.3.rel1.win32_1.0.0.202411081344/tools/bin/../lib/gcc/arm-none-eabi/13.3.1/thumb/v7-m/nofp/crtbegin.o
LOAD D:/STM32/STM32CubeIDE_1.19.0/STM32CubeIDE/plugins/com.st.stm32cube.ide.mcu.externaltools.gnu-tools-for-stm32.13.3.rel1.win32_1.0.0.202411081344/tools/bin/../lib/gcc/arm-none-eabi/13.3.1/../../../../arm-none-eabi/lib/thumb/v7-m/nofp/crt0.o
LOAD ./Core/Src/CRCs.o
LOAD ./Core/Src/UARTComms.o
LOAD ./Core/Src/crc.o
LOAD ./Core/Src/dma.o
LOAD ./Core/Src/gpio.o
LOAD ./Core/Src/i2c.o
LOAD ./Core/Src/main.o
LOAD ./Core/Src/stm32f1xx_hal_msp.o
LOAD ./Core/Src/stm32f1xx_it.o
LOAD ./Core/Src/syscalls.o
LOAD ./Core/Src/sysmem.o
LOAD ./Core/Src/system_stm32f1xx.o
LOAD ./Core/Src/usart.o
LOAD ./Core/Startup/startup_stm32f103c8tx.o
LOAD ./Drivers/STM32F1xx_HAL_Driver/Src/stm32f1xx_hal.o
LOAD ./Drivers/STM32F1xx_HAL_Driver/Src/stm32f1xx_hal_cortex.o
LOAD ./Drivers/STM32F1xx_HAL_Driver/Src/stm32f1xx_hal_crc.o
LOAD ./Drivers/STM32F1xx_HAL_Driver/Src/stm32f1xx_hal_dma.o
LOAD ./Drivers/STM32F1xx_HAL_Driver/Src/stm32f1xx_hal_exti.o
LOAD ./Drivers/STM32F1xx_HAL_Driver/Src/stm32f1xx_hal_flash.o
LOAD ./Drivers/STM32F1xx_HAL_Driver/Src/stm32f1xx_hal_flash_ex.o
LOAD ./Drivers/STM32F1xx_HAL_Driver/Src/stm32f1xx_hal_gpio.o
LOAD ./Drivers/STM32F1xx_HAL_Driver/Src/stm32f1xx_hal_gpio_ex.o
LOAD ./Drivers/STM32F1xx_HAL_Driver/Src/stm32f1xx_hal_i2c.o
LOAD ./Drivers/STM32F1xx_HAL_Driver/Src/stm32f1xx_hal_pwr.o
LOAD ./Drivers/STM32F1xx_HAL_Driver/Src/stm32f1xx_hal_rcc.o
LOAD ./Drivers/STM32F1xx_HAL_Driver/Src/stm32f1xx_hal_rcc_ex.o
LOAD ./Drivers/STM32F1xx_HAL_Driver/Src/stm32f1xx_hal_uart.o
START GROUP
LOAD D:/STM32/STM32CubeIDE_1.19.0/STM32CubeIDE/plugins/com.st.stm32cube.ide.mcu.externaltools.gnu-tools-for-stm32.13.3.rel1.win32_1.0.0.202411081344/tools/bin/../lib/gcc/arm-none-eabi/13.3.1/../../../../arm-none-eabi/lib/thumb/v7-m/nofp\libc_nano.a
LOAD D:/STM32/STM32CubeIDE_1.19.0/STM32CubeIDE/plugins/com.st.stm32cube.ide.mcu.externaltools.gnu-tools-for-stm32.13.3.rel1.win32_1.0.0.202411081344/tools/bin/../lib/gcc/arm-none-eabi/13.3.1/../../../../arm-none-eabi/lib/thumb/v7-m/nofp\libm.a
END GROUP
START GROUP
LOAD D:/STM32/STM32CubeIDE_1.19.0/STM32CubeIDE/plugins/com.st.stm32cube.ide.mcu.externaltools.gnu-tools-for-stm32.13.3.rel1.win32_1.0.0.202411081344/tools/bin/../lib/gcc/arm-none-eabi/13.3.1/thumb/v7-m/nofp\libgcc.a
LOAD D:/STM32/STM32CubeIDE_1.19.0/STM32CubeIDE/plugins/com.st.stm32cube.ide.mcu.externaltools.gnu-tools-for-stm32.13.3.rel1.win32_1.0.0.202411081344/tools/bin/../lib/gcc/arm-none-eabi/13.3.1/../../../../arm-none-eabi/lib/thumb/v7-m/nofp\libc_nano.a
END GROUP
START GROUP
LOAD D:/STM32/STM32CubeIDE_1.19.0/STM32CubeIDE/plugins/com.st.stm32cube.ide.mcu.externaltools.gnu-tools-for-stm32.13.3.rel1.win32_1.0.0.202411081344/tools/bin/../lib/gcc/arm-none-eabi/13.3.1/thumb/v7-m/nofp\libgcc.a
LOAD D:/STM32/STM32CubeIDE_1.19.0/STM32CubeIDE/plugins/com.st.stm32cube.ide.mcu.externaltools.gnu-tools-for-stm32.13.3.rel1.win32_1.0.0.202411081344/tools/bin/../lib/gcc/arm-none-eabi/13.3.1/../../../../arm-none-eabi/lib/thumb/v7-m/nofp\libc_nano.a
LOAD D:/STM32/STM32CubeIDE_1.19.0/STM32CubeIDE/plugins/com.st.stm32cube.ide.mcu.externaltools.gnu-tools-for-stm32.13.3.rel1.win32_1.0.0.202411081344/tools/bin/../lib/gcc/arm-none-eabi/13.3.1/../../../../arm-none-eabi/lib/thumb/v7-m/nofp\libnosys.a
END GROUP
START GROUP
LOAD D:/STM32/STM32CubeIDE_1.19.0/STM32CubeIDE/plugins/com.st.stm32cube.ide.mcu.externaltools.gnu-tools-for-stm32.13.3.rel1.win32_1.0.0.202411081344/tools/bin/../lib/gcc/arm-none-eabi/13.3.1/thumb/v7-m/nofp\libgcc.a
LOAD D:/STM32/STM32CubeIDE_1.19.0/STM32CubeIDE/plugins/com.st.stm32cube.ide.mcu.externaltools.gnu-tools-for-stm32.13.3.rel1.win32_1.0.0.202411081344/tools/bin/../lib/gcc/arm-none-eabi/13.3.1/../../../../arm-none-eabi/lib/thumb/v7-m/nofp\libc_nano.a
LOAD D:/STM32/STM32CubeIDE_1.19.0/STM32CubeIDE/plugins/com.st.stm32cube.ide.mcu.externaltools.gnu-tools-for-stm32.13.3.rel1.win32_1.0.0.202411081344/tools/bin/../lib/gcc/arm-none-eabi/13.3.1/../../../../arm-none-eabi/lib/thumb/v7-m/nofp\libnosys.a
END GROUP
LOAD D:/STM32/STM32CubeIDE_1.19.0/STM32CubeIDE/plugins/com.st.stm32cube.ide.mcu.externaltools.gnu-tools-for-stm32.13.3.rel1.win32_1.0.0.202411081344/tools/bin/../lib/gcc/arm-none-eabi/13.3.1/thumb/v7-m/nofp/crtend.o
LOAD D:/STM32/STM32CubeIDE_1.19.0/STM32CubeIDE/plugins/com.st.stm32cube.ide.mcu.externaltools.gnu-tools-for-stm32.13.3.rel1.win32_1.0.0.202411081344/tools/bin/../lib/gcc/arm-none-eabi/13.3.1/thumb/v7-m/nofp/crtn.o
                0x20005000                        _estack = (ORIGIN (RAM) + LENGTH (RAM))
                0x00000200                        _Min_Heap_Size = 0x200
                0x00000400                        _Min_Stack_Size = 0x400

.isr_vector     0x08000000      0x10c
                0x08000000                        . = ALIGN (0x4)
 *(.isr_vector)
 .isr_vector    0x08000000      0x10c ./Core/Startup/startup_stm32f103c8tx.o
                0x08000000                g_pfnVectors
                0x0800010c                        . = ALIGN (0x4)

.text           0x0800010c     0x2c58
                0x0800010c                        . = ALIGN (0x4)
 *(.text)
 .text          0x0800010c       0x40 D:/STM32/STM32CubeIDE_1.19.0/STM32CubeIDE/plugins/com.st.stm32cube.ide.mcu.externaltools.gnu-tools-for-stm32.13.3.rel1.win32_1.0.0.202411081344/tools/bin/../lib/gcc/arm-none-eabi/13.3.1/thumb/v7-m/nofp/crtbegin.o
 *(.text*)
 .text.CRC08_Calculate
                0x0800014c       0x40 ./Core/Src/CRCs.o
                0x0800014c                CRC08_Calculate
 .text.CRC08_Verify
                0x0800018c       0x46 ./Core/Src/CRCs.o
                0x0800018c                CRC08_Verify
 *fill*         0x080001d2        0x2 
 .text.UARTComms_Recieve_Data
                0x080001d4       0x70 ./Core/Src/UARTComms.o
                0x080001d4                UARTComms_Recieve_Data
 .text.HAL_UARTEx_RxEventCallback
                0x08000244       0x3c ./Core/Src/UARTComms.o
                0x08000244                HAL_UARTEx_RxEventCallback
 .text.UARTComms_Init
                0x08000280       0x1c ./Core/Src/UARTComms.o
                0x08000280                UARTComms_Init
 .text.MX_CRC_Init
                0x0800029c       0x28 ./Core/Src/crc.o
                0x0800029c                MX_CRC_Init
 .text.HAL_CRC_MspInit
                0x080002c4       0x3c ./Core/Src/crc.o
                0x080002c4                HAL_CRC_MspInit
 .text.MX_DMA_Init
                0x08000300       0x4c ./Core/Src/dma.o
                0x08000300                MX_DMA_Init
 .text.MX_GPIO_Init
                0x0800034c       0x44 ./Core/Src/gpio.o
                0x0800034c                MX_GPIO_Init
 .text.MX_I2C1_Init
                0x08000390       0x5c ./Core/Src/i2c.o
                0x08000390                MX_I2C1_Init
 .text.HAL_I2C_MspInit
                0x080003ec       0x7c ./Core/Src/i2c.o
                0x080003ec                HAL_I2C_MspInit
 .text.main     0x08000468       0x28 ./Core/Src/main.o
                0x08000468                main
 .text.SystemClock_Config
                0x08000490       0x76 ./Core/Src/main.o
                0x08000490                SystemClock_Config
 .text.Error_Handler
                0x08000506        0xc ./Core/Src/main.o
                0x08000506                Error_Handler
 *fill*         0x08000512        0x2 
 .text.HAL_MspInit
                0x08000514       0x64 ./Core/Src/stm32f1xx_hal_msp.o
                0x08000514                HAL_MspInit
 .text.NMI_Handler
                0x08000578        0x8 ./Core/Src/stm32f1xx_it.o
                0x08000578                NMI_Handler
 .text.HardFault_Handler
                0x08000580        0x8 ./Core/Src/stm32f1xx_it.o
                0x08000580                HardFault_Handler
 .text.MemManage_Handler
                0x08000588        0x8 ./Core/Src/stm32f1xx_it.o
                0x08000588                MemManage_Handler
 .text.BusFault_Handler
                0x08000590        0x8 ./Core/Src/stm32f1xx_it.o
                0x08000590                BusFault_Handler
 .text.UsageFault_Handler
                0x08000598        0x8 ./Core/Src/stm32f1xx_it.o
                0x08000598                UsageFault_Handler
 .text.SVC_Handler
                0x080005a0        0xc ./Core/Src/stm32f1xx_it.o
                0x080005a0                SVC_Handler
 .text.DebugMon_Handler
                0x080005ac        0xc ./Core/Src/stm32f1xx_it.o
                0x080005ac                DebugMon_Handler
 .text.PendSV_Handler
                0x080005b8        0xc ./Core/Src/stm32f1xx_it.o
                0x080005b8                PendSV_Handler
 .text.SysTick_Handler
                0x080005c4        0xc ./Core/Src/stm32f1xx_it.o
                0x080005c4                SysTick_Handler
 .text.DMA1_Channel6_IRQHandler
                0x080005d0       0x14 ./Core/Src/stm32f1xx_it.o
                0x080005d0                DMA1_Channel6_IRQHandler
 .text.DMA1_Channel7_IRQHandler
                0x080005e4       0x14 ./Core/Src/stm32f1xx_it.o
                0x080005e4                DMA1_Channel7_IRQHandler
 .text.USART2_IRQHandler
                0x080005f8       0x14 ./Core/Src/stm32f1xx_it.o
                0x080005f8                USART2_IRQHandler
 .text.SystemInit
                0x0800060c        0xc ./Core/Src/system_stm32f1xx.o
                0x0800060c                SystemInit
 .text.MX_USART2_UART_Init
                0x08000618       0x54 ./Core/Src/usart.o
                0x08000618                MX_USART2_UART_Init
 .text.HAL_UART_MspInit
                0x0800066c      0x150 ./Core/Src/usart.o
                0x0800066c                HAL_UART_MspInit
 .text.Reset_Handler
                0x080007bc       0x48 ./Core/Startup/startup_stm32f103c8tx.o
                0x080007bc                Reset_Handler
 .text.Default_Handler
                0x08000804        0x2 ./Core/Startup/startup_stm32f103c8tx.o
                0x08000804                RTC_Alarm_IRQHandler
                0x08000804                EXTI2_IRQHandler
                0x08000804                TIM1_CC_IRQHandler
                0x08000804                PVD_IRQHandler
                0x08000804                EXTI3_IRQHandler
                0x08000804                EXTI0_IRQHandler
                0x08000804                I2C2_EV_IRQHandler
                0x08000804                ADC1_2_IRQHandler
                0x08000804                SPI1_IRQHandler
                0x08000804                TAMPER_IRQHandler
                0x08000804                DMA1_Channel4_IRQHandler
                0x08000804                USART3_IRQHandler
                0x08000804                RTC_IRQHandler
                0x08000804                CAN1_RX1_IRQHandler
                0x08000804                TIM4_IRQHandler
                0x08000804                I2C1_EV_IRQHandler
                0x08000804                TIM3_IRQHandler
                0x08000804                RCC_IRQHandler
                0x08000804                TIM1_TRG_COM_IRQHandler
                0x08000804                DMA1_Channel1_IRQHandler
                0x08000804                Default_Handler
                0x08000804                EXTI15_10_IRQHandler
                0x08000804                EXTI9_5_IRQHandler
                0x08000804                SPI2_IRQHandler
                0x08000804                DMA1_Channel5_IRQHandler
                0x08000804                EXTI4_IRQHandler
                0x08000804                USB_LP_CAN1_RX0_IRQHandler
                0x08000804                USB_HP_CAN1_TX_IRQHandler
                0x08000804                DMA1_Channel3_IRQHandler
                0x08000804                TIM1_UP_IRQHandler
                0x08000804                WWDG_IRQHandler
                0x08000804                TIM2_IRQHandler
                0x08000804                TIM1_BRK_IRQHandler
                0x08000804                EXTI1_IRQHandler
                0x08000804                I2C2_ER_IRQHandler
                0x08000804                DMA1_Channel2_IRQHandler
                0x08000804                CAN1_SCE_IRQHandler
                0x08000804                FLASH_IRQHandler
                0x08000804                USART1_IRQHandler
                0x08000804                I2C1_ER_IRQHandler
                0x08000804                USBWakeUp_IRQHandler
 *fill*         0x08000806        0x2 
 .text.HAL_Init
                0x08000808       0x2c ./Drivers/STM32F1xx_HAL_Driver/Src/stm32f1xx_hal.o
                0x08000808                HAL_Init
 .text.HAL_InitTick
                0x08000834       0x60 ./Drivers/STM32F1xx_HAL_Driver/Src/stm32f1xx_hal.o
                0x08000834                HAL_InitTick
 .text.HAL_IncTick
                0x08000894       0x24 ./Drivers/STM32F1xx_HAL_Driver/Src/stm32f1xx_hal.o
                0x08000894                HAL_IncTick
 .text.HAL_GetTick
                0x080008b8       0x14 ./Drivers/STM32F1xx_HAL_Driver/Src/stm32f1xx_hal.o
                0x080008b8                HAL_GetTick
 .text.__NVIC_SetPriorityGrouping
                0x080008cc       0x48 ./Drivers/STM32F1xx_HAL_Driver/Src/stm32f1xx_hal_cortex.o
 .text.__NVIC_GetPriorityGrouping
                0x08000914       0x1c ./Drivers/STM32F1xx_HAL_Driver/Src/stm32f1xx_hal_cortex.o
 .text.__NVIC_EnableIRQ
                0x08000930       0x38 ./Drivers/STM32F1xx_HAL_Driver/Src/stm32f1xx_hal_cortex.o
 .text.__NVIC_SetPriority
                0x08000968       0x54 ./Drivers/STM32F1xx_HAL_Driver/Src/stm32f1xx_hal_cortex.o
 .text.NVIC_EncodePriority
                0x080009bc       0x64 ./Drivers/STM32F1xx_HAL_Driver/Src/stm32f1xx_hal_cortex.o
 .text.SysTick_Config
                0x08000a20       0x44 ./Drivers/STM32F1xx_HAL_Driver/Src/stm32f1xx_hal_cortex.o
 .text.HAL_NVIC_SetPriorityGrouping
                0x08000a64       0x16 ./Drivers/STM32F1xx_HAL_Driver/Src/stm32f1xx_hal_cortex.o
                0x08000a64                HAL_NVIC_SetPriorityGrouping
 .text.HAL_NVIC_SetPriority
                0x08000a7a       0x38 ./Drivers/STM32F1xx_HAL_Driver/Src/stm32f1xx_hal_cortex.o
                0x08000a7a                HAL_NVIC_SetPriority
 .text.HAL_NVIC_EnableIRQ
                0x08000ab2       0x1c ./Drivers/STM32F1xx_HAL_Driver/Src/stm32f1xx_hal_cortex.o
                0x08000ab2                HAL_NVIC_EnableIRQ
 .text.HAL_SYSTICK_Config
                0x08000ace       0x18 ./Drivers/STM32F1xx_HAL_Driver/Src/stm32f1xx_hal_cortex.o
                0x08000ace                HAL_SYSTICK_Config
 .text.HAL_CRC_Init
                0x08000ae6       0x38 ./Drivers/STM32F1xx_HAL_Driver/Src/stm32f1xx_hal_crc.o
                0x08000ae6                HAL_CRC_Init
 *fill*         0x08000b1e        0x2 
 .text.HAL_DMA_Init
                0x08000b20       0xb4 ./Drivers/STM32F1xx_HAL_Driver/Src/stm32f1xx_hal_dma.o
                0x08000b20                HAL_DMA_Init
 .text.HAL_DMA_Start_IT
                0x08000bd4       0xc0 ./Drivers/STM32F1xx_HAL_Driver/Src/stm32f1xx_hal_dma.o
                0x08000bd4                HAL_DMA_Start_IT
 .text.HAL_DMA_Abort
                0x08000c94       0x76 ./Drivers/STM32F1xx_HAL_Driver/Src/stm32f1xx_hal_dma.o
                0x08000c94                HAL_DMA_Abort
 *fill*         0x08000d0a        0x2 
 .text.HAL_DMA_Abort_IT
                0x08000d0c       0xf0 ./Drivers/STM32F1xx_HAL_Driver/Src/stm32f1xx_hal_dma.o
                0x08000d0c                HAL_DMA_Abort_IT
 .text.HAL_DMA_IRQHandler
                0x08000dfc      0x20c ./Drivers/STM32F1xx_HAL_Driver/Src/stm32f1xx_hal_dma.o
                0x08000dfc                HAL_DMA_IRQHandler
 .text.DMA_SetConfig
                0x08001008       0x5a ./Drivers/STM32F1xx_HAL_Driver/Src/stm32f1xx_hal_dma.o
 *fill*         0x08001062        0x2 
 .text.HAL_GPIO_Init
                0x08001064      0x308 ./Drivers/STM32F1xx_HAL_Driver/Src/stm32f1xx_hal_gpio.o
                0x08001064                HAL_GPIO_Init
 .text.HAL_I2C_Init
                0x0800136c      0x288 ./Drivers/STM32F1xx_HAL_Driver/Src/stm32f1xx_hal_i2c.o
                0x0800136c                HAL_I2C_Init
 .text.HAL_RCC_OscConfig
                0x080015f4      0x504 ./Drivers/STM32F1xx_HAL_Driver/Src/stm32f1xx_hal_rcc.o
                0x080015f4                HAL_RCC_OscConfig
 .text.HAL_RCC_ClockConfig
                0x08001af8      0x1d4 ./Drivers/STM32F1xx_HAL_Driver/Src/stm32f1xx_hal_rcc.o
                0x08001af8                HAL_RCC_ClockConfig
 .text.HAL_RCC_GetSysClockFreq
                0x08001ccc       0xa8 ./Drivers/STM32F1xx_HAL_Driver/Src/stm32f1xx_hal_rcc.o
                0x08001ccc                HAL_RCC_GetSysClockFreq
 .text.HAL_RCC_GetHCLKFreq
                0x08001d74       0x14 ./Drivers/STM32F1xx_HAL_Driver/Src/stm32f1xx_hal_rcc.o
                0x08001d74                HAL_RCC_GetHCLKFreq
 .text.HAL_RCC_GetPCLK1Freq
                0x08001d88       0x28 ./Drivers/STM32F1xx_HAL_Driver/Src/stm32f1xx_hal_rcc.o
                0x08001d88                HAL_RCC_GetPCLK1Freq
 .text.HAL_RCC_GetPCLK2Freq
                0x08001db0       0x28 ./Drivers/STM32F1xx_HAL_Driver/Src/stm32f1xx_hal_rcc.o
                0x08001db0                HAL_RCC_GetPCLK2Freq
 .text.RCC_Delay
                0x08001dd8       0x3c ./Drivers/STM32F1xx_HAL_Driver/Src/stm32f1xx_hal_rcc.o
 .text.HAL_UART_Init
                0x08001e14       0xa0 ./Drivers/STM32F1xx_HAL_Driver/Src/stm32f1xx_hal_uart.o
                0x08001e14                HAL_UART_Init
 .text.HAL_UARTEx_ReceiveToIdle_DMA
                0x08001eb4       0xb2 ./Drivers/STM32F1xx_HAL_Driver/Src/stm32f1xx_hal_uart.o
                0x08001eb4                HAL_UARTEx_ReceiveToIdle_DMA
 *fill*         0x08001f66        0x2 
 .text.HAL_UART_IRQHandler
                0x08001f68      0x524 ./Drivers/STM32F1xx_HAL_Driver/Src/stm32f1xx_hal_uart.o
                0x08001f68                HAL_UART_IRQHandler
 .text.HAL_UART_TxCpltCallback
                0x0800248c       0x12 ./Drivers/STM32F1xx_HAL_Driver/Src/stm32f1xx_hal_uart.o
                0x0800248c                HAL_UART_TxCpltCallback
 .text.HAL_UART_RxCpltCallback
                0x0800249e       0x12 ./Drivers/STM32F1xx_HAL_Driver/Src/stm32f1xx_hal_uart.o
                0x0800249e                HAL_UART_RxCpltCallback
 .text.HAL_UART_RxHalfCpltCallback
                0x080024b0       0x12 ./Drivers/STM32F1xx_HAL_Driver/Src/stm32f1xx_hal_uart.o
                0x080024b0                HAL_UART_RxHalfCpltCallback
 .text.HAL_UART_ErrorCallback
                0x080024c2       0x12 ./Drivers/STM32F1xx_HAL_Driver/Src/stm32f1xx_hal_uart.o
                0x080024c2                HAL_UART_ErrorCallback
 .text.UART_DMAReceiveCplt
                0x080024d4      0x12c ./Drivers/STM32F1xx_HAL_Driver/Src/stm32f1xx_hal_uart.o
 .text.UART_DMARxHalfCplt
                0x08002600       0x3c ./Drivers/STM32F1xx_HAL_Driver/Src/stm32f1xx_hal_uart.o
 .text.UART_DMAError
                0x0800263c       0x94 ./Drivers/STM32F1xx_HAL_Driver/Src/stm32f1xx_hal_uart.o
 .text.UART_Start_Receive_DMA
                0x080026d0      0x134 ./Drivers/STM32F1xx_HAL_Driver/Src/stm32f1xx_hal_uart.o
                0x080026d0                UART_Start_Receive_DMA
 .text.UART_EndTxTransfer
                0x08002804       0x4e ./Drivers/STM32F1xx_HAL_Driver/Src/stm32f1xx_hal_uart.o
 .text.UART_EndRxTransfer
                0x08002852       0xc4 ./Drivers/STM32F1xx_HAL_Driver/Src/stm32f1xx_hal_uart.o
 .text.UART_DMAAbortOnError
                0x08002916       0x28 ./Drivers/STM32F1xx_HAL_Driver/Src/stm32f1xx_hal_uart.o
 .text.UART_Transmit_IT
                0x0800293e       0x9e ./Drivers/STM32F1xx_HAL_Driver/Src/stm32f1xx_hal_uart.o
 .text.UART_EndTransmit_IT
                0x080029dc       0x30 ./Drivers/STM32F1xx_HAL_Driver/Src/stm32f1xx_hal_uart.o
 .text.UART_Receive_IT
                0x08002a0c      0x17c ./Drivers/STM32F1xx_HAL_Driver/Src/stm32f1xx_hal_uart.o
 .text.UART_SetConfig
                0x08002b88      0x11c ./Drivers/STM32F1xx_HAL_Driver/Src/stm32f1xx_hal_uart.o
 .text.memmove  0x08002ca4       0x34 D:/STM32/STM32CubeIDE_1.19.0/STM32CubeIDE/plugins/com.st.stm32cube.ide.mcu.externaltools.gnu-tools-for-stm32.13.3.rel1.win32_1.0.0.202411081344/tools/bin/../lib/gcc/arm-none-eabi/13.3.1/../../../../arm-none-eabi/lib/thumb/v7-m/nofp\libc_nano.a(libc_a-memmove.o)
                0x08002ca4                memmove
 .text.memset   0x08002cd8       0x10 D:/STM32/STM32CubeIDE_1.19.0/STM32CubeIDE/plugins/com.st.stm32cube.ide.mcu.externaltools.gnu-tools-for-stm32.13.3.rel1.win32_1.0.0.202411081344/tools/bin/../lib/gcc/arm-none-eabi/13.3.1/../../../../arm-none-eabi/lib/thumb/v7-m/nofp\libc_nano.a(libc_a-memset.o)
                0x08002cd8                memset
 .text.__libc_init_array
                0x08002ce8       0x48 D:/STM32/STM32CubeIDE_1.19.0/STM32CubeIDE/plugins/com.st.stm32cube.ide.mcu.externaltools.gnu-tools-for-stm32.13.3.rel1.win32_1.0.0.202411081344/tools/bin/../lib/gcc/arm-none-eabi/13.3.1/../../../../arm-none-eabi/lib/thumb/v7-m/nofp\libc_nano.a(libc_a-init.o)
                0x08002ce8                __libc_init_array
 .text.memcpy   0x08002d30       0x1c D:/STM32/STM32CubeIDE_1.19.0/STM32CubeIDE/plugins/com.st.stm32cube.ide.mcu.externaltools.gnu-tools-for-stm32.13.3.rel1.win32_1.0.0.202411081344/tools/bin/../lib/gcc/arm-none-eabi/13.3.1/../../../../arm-none-eabi/lib/thumb/v7-m/nofp\libc_nano.a(libc_a-memcpy-stub.o)
                0x08002d30                memcpy
 *(.glue_7)
 .glue_7        0x08002d4c        0x0 linker stubs
 *(.glue_7t)
 .glue_7t       0x08002d4c        0x0 linker stubs
 *(.eh_frame)
 .eh_frame      0x08002d4c        0x0 D:/STM32/STM32CubeIDE_1.19.0/STM32CubeIDE/plugins/com.st.stm32cube.ide.mcu.externaltools.gnu-tools-for-stm32.13.3.rel1.win32_1.0.0.202411081344/tools/bin/../lib/gcc/arm-none-eabi/13.3.1/thumb/v7-m/nofp/crtbegin.o
 *(.init)
 .init          0x08002d4c        0x4 D:/STM32/STM32CubeIDE_1.19.0/STM32CubeIDE/plugins/com.st.stm32cube.ide.mcu.externaltools.gnu-tools-for-stm32.13.3.rel1.win32_1.0.0.202411081344/tools/bin/../lib/gcc/arm-none-eabi/13.3.1/thumb/v7-m/nofp/crti.o
                0x08002d4c                _init
 .init          0x08002d50        0x8 D:/STM32/STM32CubeIDE_1.19.0/STM32CubeIDE/plugins/com.st.stm32cube.ide.mcu.externaltools.gnu-tools-for-stm32.13.3.rel1.win32_1.0.0.202411081344/tools/bin/../lib/gcc/arm-none-eabi/13.3.1/thumb/v7-m/nofp/crtn.o
 *(.fini)
 .fini          0x08002d58        0x4 D:/STM32/STM32CubeIDE_1.19.0/STM32CubeIDE/plugins/com.st.stm32cube.ide.mcu.externaltools.gnu-tools-for-stm32.13.3.rel1.win32_1.0.0.202411081344/tools/bin/../lib/gcc/arm-none-eabi/13.3.1/thumb/v7-m/nofp/crti.o
                0x08002d58                _fini
 .fini          0x08002d5c        0x8 D:/STM32/STM32CubeIDE_1.19.0/STM32CubeIDE/plugins/com.st.stm32cube.ide.mcu.externaltools.gnu-tools-for-stm32.13.3.rel1.win32_1.0.0.202411081344/tools/bin/../lib/gcc/arm-none-eabi/13.3.1/thumb/v7-m/nofp/crtn.o
                0x08002d64                        . = ALIGN (0x4)
                0x08002d64                        _etext = .

.vfp11_veneer   0x08002d64        0x0
 .vfp11_veneer  0x08002d64        0x0 linker stubs

.v4_bx          0x08002d64        0x0
 .v4_bx         0x08002d64        0x0 linker stubs

.iplt           0x08002d64        0x0
 .iplt          0x08002d64        0x0 D:/STM32/STM32CubeIDE_1.19.0/STM32CubeIDE/plugins/com.st.stm32cube.ide.mcu.externaltools.gnu-tools-for-stm32.13.3.rel1.win32_1.0.0.202411081344/tools/bin/../lib/gcc/arm-none-eabi/13.3.1/thumb/v7-m/nofp/crtbegin.o

.rodata         0x08002d64      0x12c
                0x08002d64                        . = ALIGN (0x4)
 *(.rodata)
 *(.rodata*)
 .rodata.CRC08_Table
                0x08002d64      0x100 ./Core/Src/CRCs.o
                0x08002d64                CRC08_Table
 .rodata.AHBPrescTable
                0x08002e64       0x10 ./Core/Src/system_stm32f1xx.o
                0x08002e64                AHBPrescTable
 .rodata.APBPrescTable
                0x08002e74        0x8 ./Core/Src/system_stm32f1xx.o
                0x08002e74                APBPrescTable
 .rodata.aPLLMULFactorTable.1
                0x08002e7c       0x10 ./Drivers/STM32F1xx_HAL_Driver/Src/stm32f1xx_hal_rcc.o
 .rodata.aPredivFactorTable.0
                0x08002e8c        0x2 ./Drivers/STM32F1xx_HAL_Driver/Src/stm32f1xx_hal_rcc.o
                0x08002e90                        . = ALIGN (0x4)
 *fill*         0x08002e8e        0x2 

.ARM.extab      0x08002e90        0x0
                0x08002e90                        . = ALIGN (0x4)
 *(.ARM.extab* .gnu.linkonce.armextab.*)
                0x08002e90                        . = ALIGN (0x4)

.ARM            0x08002e90        0x0
                0x08002e90                        . = ALIGN (0x4)
                0x08002e90                        __exidx_start = .
 *(.ARM.exidx*)
                0x08002e90                        __exidx_end = .
                0x08002e90                        . = ALIGN (0x4)

.preinit_array  0x08002e90        0x0
                0x08002e90                        . = ALIGN (0x4)
                0x08002e90                        PROVIDE (__preinit_array_start = .)
 *(.preinit_array*)
                0x08002e90                        PROVIDE (__preinit_array_end = .)
                0x08002e90                        . = ALIGN (0x4)

.init_array     0x08002e90        0x4
                0x08002e90                        . = ALIGN (0x4)
                0x08002e90                        PROVIDE (__init_array_start = .)
 *(SORT_BY_NAME(.init_array.*))
 *(.init_array*)
 .init_array    0x08002e90        0x4 D:/STM32/STM32CubeIDE_1.19.0/STM32CubeIDE/plugins/com.st.stm32cube.ide.mcu.externaltools.gnu-tools-for-stm32.13.3.rel1.win32_1.0.0.202411081344/tools/bin/../lib/gcc/arm-none-eabi/13.3.1/thumb/v7-m/nofp/crtbegin.o
                0x08002e94                        PROVIDE (__init_array_end = .)
                0x08002e94                        . = ALIGN (0x4)

.fini_array     0x08002e94        0x4
                0x08002e94                        . = ALIGN (0x4)
                [!provide]                        PROVIDE (__fini_array_start = .)
 *(SORT_BY_NAME(.fini_array.*))
 *(.fini_array*)
 .fini_array    0x08002e94        0x4 D:/STM32/STM32CubeIDE_1.19.0/STM32CubeIDE/plugins/com.st.stm32cube.ide.mcu.externaltools.gnu-tools-for-stm32.13.3.rel1.win32_1.0.0.202411081344/tools/bin/../lib/gcc/arm-none-eabi/13.3.1/thumb/v7-m/nofp/crtbegin.o
                [!provide]                        PROVIDE (__fini_array_end = .)
                0x08002e98                        . = ALIGN (0x4)
                0x08002e98                        _sidata = LOADADDR (.data)

.rel.dyn        0x08002e98        0x0
 .rel.iplt      0x08002e98        0x0 D:/STM32/STM32CubeIDE_1.19.0/STM32CubeIDE/plugins/com.st.stm32cube.ide.mcu.externaltools.gnu-tools-for-stm32.13.3.rel1.win32_1.0.0.202411081344/tools/bin/../lib/gcc/arm-none-eabi/13.3.1/thumb/v7-m/nofp/crtbegin.o

.data           0x20000000        0xc load address 0x08002e98
                0x20000000                        . = ALIGN (0x4)
                0x20000000                        _sdata = .
 *(.data)
 *(.data*)
 .data.SystemCoreClock
                0x20000000        0x4 ./Core/Src/system_stm32f1xx.o
                0x20000000                SystemCoreClock
 .data.uwTickPrio
                0x20000004        0x4 ./Drivers/STM32F1xx_HAL_Driver/Src/stm32f1xx_hal.o
                0x20000004                uwTickPrio
 .data.uwTickFreq
                0x20000008        0x1 ./Drivers/STM32F1xx_HAL_Driver/Src/stm32f1xx_hal.o
                0x20000008                uwTickFreq
 *(.RamFunc)
 *(.RamFunc*)
                0x2000000c                        . = ALIGN (0x4)
 *fill*         0x20000009        0x3 
                0x2000000c                        _edata = .

.igot.plt       0x2000000c        0x0 load address 0x08002ea4
 .igot.plt      0x2000000c        0x0 D:/STM32/STM32CubeIDE_1.19.0/STM32CubeIDE/plugins/com.st.stm32cube.ide.mcu.externaltools.gnu-tools-for-stm32.13.3.rel1.win32_1.0.0.202411081344/tools/bin/../lib/gcc/arm-none-eabi/13.3.1/thumb/v7-m/nofp/crtbegin.o
                0x2000000c                        . = ALIGN (0x4)

.bss            0x2000000c      0x1b0 load address 0x08002ea4
                0x2000000c                        _sbss = .
                0x2000000c                        __bss_start__ = _sbss
 *(.bss)
 .bss           0x2000000c       0x1c D:/STM32/STM32CubeIDE_1.19.0/STM32CubeIDE/plugins/com.st.stm32cube.ide.mcu.externaltools.gnu-tools-for-stm32.13.3.rel1.win32_1.0.0.202411081344/tools/bin/../lib/gcc/arm-none-eabi/13.3.1/thumb/v7-m/nofp/crtbegin.o
 *(.bss*)
 .bss.receiveBuffer
                0x20000028       0x32 ./Core/Src/UARTComms.o
                0x20000028                receiveBuffer
 .bss.receivedCMD
                0x2000005a        0x1 ./Core/Src/UARTComms.o
                0x2000005a                receivedCMD
 *fill*         0x2000005b        0x1 
 .bss.receivedData
                0x2000005c       0x30 ./Core/Src/UARTComms.o
                0x2000005c                receivedData
 .bss.hcrc      0x2000008c        0x8 ./Core/Src/crc.o
                0x2000008c                hcrc
 .bss.hi2c1     0x20000094       0x54 ./Core/Src/i2c.o
                0x20000094                hi2c1
 .bss.huart2    0x200000e8       0x48 ./Core/Src/usart.o
                0x200000e8                huart2
 .bss.hdma_usart2_rx
                0x20000130       0x44 ./Core/Src/usart.o
                0x20000130                hdma_usart2_rx
 .bss.hdma_usart2_tx
                0x20000174       0x44 ./Core/Src/usart.o
                0x20000174                hdma_usart2_tx
 .bss.uwTick    0x200001b8        0x4 ./Drivers/STM32F1xx_HAL_Driver/Src/stm32f1xx_hal.o
                0x200001b8                uwTick
 *(COMMON)
                0x200001bc                        . = ALIGN (0x4)
                0x200001bc                        _ebss = .
                0x200001bc                        __bss_end__ = _ebss

._user_heap_stack
                0x200001bc      0x604 load address 0x08002ea4
                0x200001c0                        . = ALIGN (0x8)
 *fill*         0x200001bc        0x4 
                [!provide]                        PROVIDE (end = .)
                0x200001c0                        PROVIDE (_end = .)
                0x200003c0                        . = (. + _Min_Heap_Size)
 *fill*         0x200001c0      0x200 
                0x200007c0                        . = (. + _Min_Stack_Size)
 *fill*         0x200003c0      0x400 
                0x200007c0                        . = ALIGN (0x8)

/DISCARD/
 libc.a(*)
 libm.a(*)
 libgcc.a(*)

.ARM.attributes
                0x00000000       0x29
 *(.ARM.attributes)
 .ARM.attributes
                0x00000000       0x1d D:/STM32/STM32CubeIDE_1.19.0/STM32CubeIDE/plugins/com.st.stm32cube.ide.mcu.externaltools.gnu-tools-for-stm32.13.3.rel1.win32_1.0.0.202411081344/tools/bin/../lib/gcc/arm-none-eabi/13.3.1/thumb/v7-m/nofp/crti.o
 .ARM.attributes
                0x0000001d       0x2d D:/STM32/STM32CubeIDE_1.19.0/STM32CubeIDE/plugins/com.st.stm32cube.ide.mcu.externaltools.gnu-tools-for-stm32.13.3.rel1.win32_1.0.0.202411081344/tools/bin/../lib/gcc/arm-none-eabi/13.3.1/thumb/v7-m/nofp/crtbegin.o
 .ARM.attributes
                0x0000004a       0x2d ./Core/Src/CRCs.o
 .ARM.attributes
                0x00000077       0x2d ./Core/Src/UARTComms.o
 .ARM.attributes
                0x000000a4       0x2d ./Core/Src/crc.o
 .ARM.attributes
                0x000000d1       0x2d ./Core/Src/dma.o
 .ARM.attributes
                0x000000fe       0x2d ./Core/Src/gpio.o
 .ARM.attributes
                0x0000012b       0x2d ./Core/Src/i2c.o
 .ARM.attributes
                0x00000158       0x2d ./Core/Src/main.o
 .ARM.attributes
                0x00000185       0x2d ./Core/Src/stm32f1xx_hal_msp.o
 .ARM.attributes
                0x000001b2       0x2d ./Core/Src/stm32f1xx_it.o
 .ARM.attributes
                0x000001df       0x2d ./Core/Src/system_stm32f1xx.o
 .ARM.attributes
                0x0000020c       0x2d ./Core/Src/usart.o
 .ARM.attributes
                0x00000239       0x21 ./Core/Startup/startup_stm32f103c8tx.o
 .ARM.attributes
                0x0000025a       0x2d ./Drivers/STM32F1xx_HAL_Driver/Src/stm32f1xx_hal.o
 .ARM.attributes
                0x00000287       0x2d ./Drivers/STM32F1xx_HAL_Driver/Src/stm32f1xx_hal_cortex.o
 .ARM.attributes
                0x000002b4       0x2d ./Drivers/STM32F1xx_HAL_Driver/Src/stm32f1xx_hal_crc.o
 .ARM.attributes
                0x000002e1       0x2d ./Drivers/STM32F1xx_HAL_Driver/Src/stm32f1xx_hal_dma.o
 .ARM.attributes
                0x0000030e       0x2d ./Drivers/STM32F1xx_HAL_Driver/Src/stm32f1xx_hal_gpio.o
 .ARM.attributes
                0x0000033b       0x2d ./Drivers/STM32F1xx_HAL_Driver/Src/stm32f1xx_hal_i2c.o
 .ARM.attributes
                0x00000368       0x2d ./Drivers/STM32F1xx_HAL_Driver/Src/stm32f1xx_hal_rcc.o
 .ARM.attributes
                0x00000395       0x2d ./Drivers/STM32F1xx_HAL_Driver/Src/stm32f1xx_hal_uart.o
 .ARM.attributes
                0x000003c2       0x2d D:/STM32/STM32CubeIDE_1.19.0/STM32CubeIDE/plugins/com.st.stm32cube.ide.mcu.externaltools.gnu-tools-for-stm32.13.3.rel1.win32_1.0.0.202411081344/tools/bin/../lib/gcc/arm-none-eabi/13.3.1/../../../../arm-none-eabi/lib/thumb/v7-m/nofp\libc_nano.a(libc_a-memmove.o)
 .ARM.attributes
                0x000003ef       0x2d D:/STM32/STM32CubeIDE_1.19.0/STM32CubeIDE/plugins/com.st.stm32cube.ide.mcu.externaltools.gnu-tools-for-stm32.13.3.rel1.win32_1.0.0.202411081344/tools/bin/../lib/gcc/arm-none-eabi/13.3.1/../../../../arm-none-eabi/lib/thumb/v7-m/nofp\libc_nano.a(libc_a-memset.o)
 .ARM.attributes
                0x0000041c       0x2d D:/STM32/STM32CubeIDE_1.19.0/STM32CubeIDE/plugins/com.st.stm32cube.ide.mcu.externaltools.gnu-tools-for-stm32.13.3.rel1.win32_1.0.0.202411081344/tools/bin/../lib/gcc/arm-none-eabi/13.3.1/../../../../arm-none-eabi/lib/thumb/v7-m/nofp\libc_nano.a(libc_a-init.o)
 .ARM.attributes
                0x00000449       0x2d D:/STM32/STM32CubeIDE_1.19.0/STM32CubeIDE/plugins/com.st.stm32cube.ide.mcu.externaltools.gnu-tools-for-stm32.13.3.rel1.win32_1.0.0.202411081344/tools/bin/../lib/gcc/arm-none-eabi/13.3.1/../../../../arm-none-eabi/lib/thumb/v7-m/nofp\libc_nano.a(libc_a-memcpy-stub.o)
 .ARM.attributes
                0x00000476       0x1d D:/STM32/STM32CubeIDE_1.19.0/STM32CubeIDE/plugins/com.st.stm32cube.ide.mcu.externaltools.gnu-tools-for-stm32.13.3.rel1.win32_1.0.0.202411081344/tools/bin/../lib/gcc/arm-none-eabi/13.3.1/thumb/v7-m/nofp/crtn.o
OUTPUT(Custom-Controller-MPU6050.elf elf32-littlearm)
LOAD linker stubs
LOAD D:/STM32/STM32CubeIDE_1.19.0/STM32CubeIDE/plugins/com.st.stm32cube.ide.mcu.externaltools.gnu-tools-for-stm32.13.3.rel1.win32_1.0.0.202411081344/tools/bin/../lib/gcc/arm-none-eabi/13.3.1/../../../../arm-none-eabi/lib/thumb/v7-m/nofp\libc.a
LOAD D:/STM32/STM32CubeIDE_1.19.0/STM32CubeIDE/plugins/com.st.stm32cube.ide.mcu.externaltools.gnu-tools-for-stm32.13.3.rel1.win32_1.0.0.202411081344/tools/bin/../lib/gcc/arm-none-eabi/13.3.1/../../../../arm-none-eabi/lib/thumb/v7-m/nofp\libm.a
LOAD D:/STM32/STM32CubeIDE_1.19.0/STM32CubeIDE/plugins/com.st.stm32cube.ide.mcu.externaltools.gnu-tools-for-stm32.13.3.rel1.win32_1.0.0.202411081344/tools/bin/../lib/gcc/arm-none-eabi/13.3.1/thumb/v7-m/nofp\libgcc.a

.debug_info     0x00000000     0xaf8c
 .debug_info    0x00000000      0x503 ./Core/Src/CRCs.o
 .debug_info    0x00000503      0x74d ./Core/Src/UARTComms.o
 .debug_info    0x00000c50      0x31f ./Core/Src/crc.o
 .debug_info    0x00000f6f      0x2cf ./Core/Src/dma.o
 .debug_info    0x0000123e      0x169 ./Core/Src/gpio.o
 .debug_info    0x000013a7      0x7e3 ./Core/Src/i2c.o
 .debug_info    0x00001b8a      0x2ac ./Core/Src/main.o
 .debug_info    0x00001e36      0x1f1 ./Core/Src/stm32f1xx_hal_msp.o
 .debug_info    0x00002027      0x631 ./Core/Src/stm32f1xx_it.o
 .debug_info    0x00002658      0x222 ./Core/Src/system_stm32f1xx.o
 .debug_info    0x0000287a      0x975 ./Core/Src/usart.o
 .debug_info    0x000031ef       0x30 ./Core/Startup/startup_stm32f103c8tx.o
 .debug_info    0x0000321f      0x704 ./Drivers/STM32F1xx_HAL_Driver/Src/stm32f1xx_hal.o
 .debug_info    0x00003923      0xa87 ./Drivers/STM32F1xx_HAL_Driver/Src/stm32f1xx_hal_cortex.o
 .debug_info    0x000043aa      0x37f ./Drivers/STM32F1xx_HAL_Driver/Src/stm32f1xx_hal_crc.o
 .debug_info    0x00004729      0x6d2 ./Drivers/STM32F1xx_HAL_Driver/Src/stm32f1xx_hal_dma.o
 .debug_info    0x00004dfb      0x5ab ./Drivers/STM32F1xx_HAL_Driver/Src/stm32f1xx_hal_gpio.o
 .debug_info    0x000053a6     0x2524 ./Drivers/STM32F1xx_HAL_Driver/Src/stm32f1xx_hal_i2c.o
 .debug_info    0x000078ca      0x7d5 ./Drivers/STM32F1xx_HAL_Driver/Src/stm32f1xx_hal_rcc.o
 .debug_info    0x0000809f     0x2eed ./Drivers/STM32F1xx_HAL_Driver/Src/stm32f1xx_hal_uart.o

.debug_abbrev   0x00000000     0x22db
 .debug_abbrev  0x00000000      0x1aa ./Core/Src/CRCs.o
 .debug_abbrev  0x000001aa      0x1f8 ./Core/Src/UARTComms.o
 .debug_abbrev  0x000003a2      0x189 ./Core/Src/crc.o
 .debug_abbrev  0x0000052b       0xfc ./Core/Src/dma.o
 .debug_abbrev  0x00000627       0xc6 ./Core/Src/gpio.o
 .debug_abbrev  0x000006ed      0x1de ./Core/Src/i2c.o
 .debug_abbrev  0x000008cb      0x172 ./Core/Src/main.o
 .debug_abbrev  0x00000a3d       0xdb ./Core/Src/stm32f1xx_hal_msp.o
 .debug_abbrev  0x00000b18      0x178 ./Core/Src/stm32f1xx_it.o
 .debug_abbrev  0x00000c90      0x13f ./Core/Src/system_stm32f1xx.o
 .debug_abbrev  0x00000dcf      0x21b ./Core/Src/usart.o
 .debug_abbrev  0x00000fea       0x24 ./Core/Startup/startup_stm32f103c8tx.o
 .debug_abbrev  0x0000100e      0x201 ./Drivers/STM32F1xx_HAL_Driver/Src/stm32f1xx_hal.o
 .debug_abbrev  0x0000120f      0x2f8 ./Drivers/STM32F1xx_HAL_Driver/Src/stm32f1xx_hal_cortex.o
 .debug_abbrev  0x00001507      0x1b1 ./Drivers/STM32F1xx_HAL_Driver/Src/stm32f1xx_hal_crc.o
 .debug_abbrev  0x000016b8      0x20b ./Drivers/STM32F1xx_HAL_Driver/Src/stm32f1xx_hal_dma.o
 .debug_abbrev  0x000018c3      0x1ca ./Drivers/STM32F1xx_HAL_Driver/Src/stm32f1xx_hal_gpio.o
 .debug_abbrev  0x00001a8d      0x2a3 ./Drivers/STM32F1xx_HAL_Driver/Src/stm32f1xx_hal_i2c.o
 .debug_abbrev  0x00001d30      0x2b3 ./Drivers/STM32F1xx_HAL_Driver/Src/stm32f1xx_hal_rcc.o
 .debug_abbrev  0x00001fe3      0x2f8 ./Drivers/STM32F1xx_HAL_Driver/Src/stm32f1xx_hal_uart.o

.debug_aranges  0x00000000      0xad8
 .debug_aranges
                0x00000000       0x70 ./Core/Src/CRCs.o
 .debug_aranges
                0x00000070       0x38 ./Core/Src/UARTComms.o
 .debug_aranges
                0x000000a8       0x30 ./Core/Src/crc.o
 .debug_aranges
                0x000000d8       0x20 ./Core/Src/dma.o
 .debug_aranges
                0x000000f8       0x20 ./Core/Src/gpio.o
 .debug_aranges
                0x00000118       0x30 ./Core/Src/i2c.o
 .debug_aranges
                0x00000148       0x30 ./Core/Src/main.o
 .debug_aranges
                0x00000178       0x20 ./Core/Src/stm32f1xx_hal_msp.o
 .debug_aranges
                0x00000198       0x78 ./Core/Src/stm32f1xx_it.o
 .debug_aranges
                0x00000210       0x28 ./Core/Src/system_stm32f1xx.o
 .debug_aranges
                0x00000238       0x30 ./Core/Src/usart.o
 .debug_aranges
                0x00000268       0x28 ./Core/Startup/startup_stm32f103c8tx.o
 .debug_aranges
                0x00000290       0xe0 ./Drivers/STM32F1xx_HAL_Driver/Src/stm32f1xx_hal.o
 .debug_aranges
                0x00000370      0x100 ./Drivers/STM32F1xx_HAL_Driver/Src/stm32f1xx_hal_cortex.o
 .debug_aranges
                0x00000470       0x50 ./Drivers/STM32F1xx_HAL_Driver/Src/stm32f1xx_hal_crc.o
 .debug_aranges
                0x000004c0       0x80 ./Drivers/STM32F1xx_HAL_Driver/Src/stm32f1xx_hal_dma.o
 .debug_aranges
                0x00000540       0x58 ./Drivers/STM32F1xx_HAL_Driver/Src/stm32f1xx_hal_gpio.o
 .debug_aranges
                0x00000598      0x2a8 ./Drivers/STM32F1xx_HAL_Driver/Src/stm32f1xx_hal_i2c.o
 .debug_aranges
                0x00000840       0x90 ./Drivers/STM32F1xx_HAL_Driver/Src/stm32f1xx_hal_rcc.o
 .debug_aranges
                0x000008d0      0x208 ./Drivers/STM32F1xx_HAL_Driver/Src/stm32f1xx_hal_uart.o

.debug_rnglists
                0x00000000      0x84e
 .debug_rnglists
                0x00000000       0x4f ./Core/Src/CRCs.o
 .debug_rnglists
                0x0000004f       0x25 ./Core/Src/UARTComms.o
 .debug_rnglists
                0x00000074       0x1f ./Core/Src/crc.o
 .debug_rnglists
                0x00000093       0x13 ./Core/Src/dma.o
 .debug_rnglists
                0x000000a6       0x13 ./Core/Src/gpio.o
 .debug_rnglists
                0x000000b9       0x1f ./Core/Src/i2c.o
 .debug_rnglists
                0x000000d8       0x1f ./Core/Src/main.o
 .debug_rnglists
                0x000000f7       0x13 ./Core/Src/stm32f1xx_hal_msp.o
 .debug_rnglists
                0x0000010a       0x55 ./Core/Src/stm32f1xx_it.o
 .debug_rnglists
                0x0000015f       0x1a ./Core/Src/system_stm32f1xx.o
 .debug_rnglists
                0x00000179       0x20 ./Core/Src/usart.o
 .debug_rnglists
                0x00000199       0x19 ./Core/Startup/startup_stm32f103c8tx.o
 .debug_rnglists
                0x000001b2       0xa3 ./Drivers/STM32F1xx_HAL_Driver/Src/stm32f1xx_hal.o
 .debug_rnglists
                0x00000255       0xbb ./Drivers/STM32F1xx_HAL_Driver/Src/stm32f1xx_hal_cortex.o
 .debug_rnglists
                0x00000310       0x37 ./Drivers/STM32F1xx_HAL_Driver/Src/stm32f1xx_hal_crc.o
 .debug_rnglists
                0x00000347       0x64 ./Drivers/STM32F1xx_HAL_Driver/Src/stm32f1xx_hal_dma.o
 .debug_rnglists
                0x000003ab       0x3f ./Drivers/STM32F1xx_HAL_Driver/Src/stm32f1xx_hal_gpio.o
 .debug_rnglists
                0x000003ea      0x23c ./Drivers/STM32F1xx_HAL_Driver/Src/stm32f1xx_hal_i2c.o
 .debug_rnglists
                0x00000626       0x6c ./Drivers/STM32F1xx_HAL_Driver/Src/stm32f1xx_hal_rcc.o
 .debug_rnglists
                0x00000692      0x1bc ./Drivers/STM32F1xx_HAL_Driver/Src/stm32f1xx_hal_uart.o

.debug_macro    0x00000000    0x17bb3
 .debug_macro   0x00000000      0x1d0 ./Core/Src/CRCs.o
 .debug_macro   0x000001d0      0xacc ./Core/Src/CRCs.o
 .debug_macro   0x00000c9c      0x227 ./Core/Src/CRCs.o
 .debug_macro   0x00000ec3       0x2e ./Core/Src/CRCs.o
 .debug_macro   0x00000ef1       0x22 ./Core/Src/CRCs.o
 .debug_macro   0x00000f13       0x22 ./Core/Src/CRCs.o
 .debug_macro   0x00000f35       0x8e ./Core/Src/CRCs.o
 .debug_macro   0x00000fc3       0x51 ./Core/Src/CRCs.o
 .debug_macro   0x00001014      0x103 ./Core/Src/CRCs.o
 .debug_macro   0x00001117       0x6a ./Core/Src/CRCs.o
 .debug_macro   0x00001181      0x1df ./Core/Src/CRCs.o
 .debug_macro   0x00001360       0x1c ./Core/Src/CRCs.o
 .debug_macro   0x0000137c       0x22 ./Core/Src/CRCs.o
 .debug_macro   0x0000139e       0xbd ./Core/Src/CRCs.o
 .debug_macro   0x0000145b      0xd23 ./Core/Src/CRCs.o
 .debug_macro   0x0000217e     0xe09e ./Core/Src/CRCs.o
 .debug_macro   0x0001021c       0x6d ./Core/Src/CRCs.o
 .debug_macro   0x00010289     0x34a2 ./Core/Src/CRCs.o
 .debug_macro   0x0001372b      0x190 ./Core/Src/CRCs.o
 .debug_macro   0x000138bb       0x5c ./Core/Src/CRCs.o
 .debug_macro   0x00013917      0x5bc ./Core/Src/CRCs.o
 .debug_macro   0x00013ed3      0x289 ./Core/Src/CRCs.o
 .debug_macro   0x0001415c      0x1cb ./Core/Src/CRCs.o
 .debug_macro   0x00014327      0x114 ./Core/Src/CRCs.o
 .debug_macro   0x0001443b      0x1b2 ./Core/Src/CRCs.o
 .debug_macro   0x000145ed       0x27 ./Core/Src/CRCs.o
 .debug_macro   0x00014614      0x136 ./Core/Src/CRCs.o
 .debug_macro   0x0001474a      0x1bc ./Core/Src/CRCs.o
 .debug_macro   0x00014906       0x34 ./Core/Src/CRCs.o
 .debug_macro   0x0001493a       0x3c ./Core/Src/CRCs.o
 .debug_macro   0x00014976       0x57 ./Core/Src/CRCs.o
 .debug_macro   0x000149cd       0x22 ./Core/Src/CRCs.o
 .debug_macro   0x000149ef       0x87 ./Core/Src/CRCs.o
 .debug_macro   0x00014a76      0x240 ./Core/Src/CRCs.o
 .debug_macro   0x00014cb6      0x287 ./Core/Src/CRCs.o
 .debug_macro   0x00014f3d      0x140 ./Core/Src/CRCs.o
 .debug_macro   0x0001507d      0x28e ./Core/Src/CRCs.o
 .debug_macro   0x0001530b       0x83 ./Core/Src/CRCs.o
 .debug_macro   0x0001538e      0x2a4 ./Core/Src/UARTComms.o
 .debug_macro   0x00015632       0x61 ./Core/Src/UARTComms.o
 .debug_macro   0x00015693       0x24 ./Core/Src/UARTComms.o
 .debug_macro   0x000156b7       0x43 ./Core/Src/UARTComms.o
 .debug_macro   0x000156fa       0x34 ./Core/Src/UARTComms.o
 .debug_macro   0x0001572e      0x370 ./Core/Src/UARTComms.o
 .debug_macro   0x00015a9e       0x16 ./Core/Src/UARTComms.o
 .debug_macro   0x00015ab4       0x4a ./Core/Src/UARTComms.o
 .debug_macro   0x00015afe       0x34 ./Core/Src/UARTComms.o
 .debug_macro   0x00015b32       0x10 ./Core/Src/UARTComms.o
 .debug_macro   0x00015b42       0x58 ./Core/Src/UARTComms.o
 .debug_macro   0x00015b9a       0x8e ./Core/Src/UARTComms.o
 .debug_macro   0x00015c28       0x1c ./Core/Src/UARTComms.o
 .debug_macro   0x00015c44      0x185 ./Core/Src/UARTComms.o
 .debug_macro   0x00015dc9       0x10 ./Core/Src/UARTComms.o
 .debug_macro   0x00015dd9       0x3c ./Core/Src/UARTComms.o
 .debug_macro   0x00015e15       0x20 ./Core/Src/UARTComms.o
 .debug_macro   0x00015e35      0x1b6 ./Core/Src/crc.o
 .debug_macro   0x00015feb      0x1b6 ./Core/Src/dma.o
 .debug_macro   0x000161a1      0x1b6 ./Core/Src/gpio.o
 .debug_macro   0x00016357      0x1b6 ./Core/Src/i2c.o
 .debug_macro   0x0001650d      0x1ec ./Core/Src/main.o
 .debug_macro   0x000166f9      0x1ac ./Core/Src/stm32f1xx_hal_msp.o
 .debug_macro   0x000168a5      0x1b6 ./Core/Src/stm32f1xx_it.o
 .debug_macro   0x00016a5b      0x1a2 ./Core/Src/system_stm32f1xx.o
 .debug_macro   0x00016bfd      0x1b6 ./Core/Src/usart.o
 .debug_macro   0x00016db3      0x1c6 ./Drivers/STM32F1xx_HAL_Driver/Src/stm32f1xx_hal.o
 .debug_macro   0x00016f79      0x1a2 ./Drivers/STM32F1xx_HAL_Driver/Src/stm32f1xx_hal_cortex.o
 .debug_macro   0x0001711b      0x1a2 ./Drivers/STM32F1xx_HAL_Driver/Src/stm32f1xx_hal_crc.o
 .debug_macro   0x000172bd      0x1a2 ./Drivers/STM32F1xx_HAL_Driver/Src/stm32f1xx_hal_dma.o
 .debug_macro   0x0001745f      0x20d ./Drivers/STM32F1xx_HAL_Driver/Src/stm32f1xx_hal_gpio.o
 .debug_macro   0x0001766c      0x1f0 ./Drivers/STM32F1xx_HAL_Driver/Src/stm32f1xx_hal_i2c.o
 .debug_macro   0x0001785c      0x1b4 ./Drivers/STM32F1xx_HAL_Driver/Src/stm32f1xx_hal_rcc.o
 .debug_macro   0x00017a10      0x1a3 ./Drivers/STM32F1xx_HAL_Driver/Src/stm32f1xx_hal_uart.o

.debug_line     0x00000000     0xf9d8
 .debug_line    0x00000000      0x96b ./Core/Src/CRCs.o
 .debug_line    0x0000096b      0x91b ./Core/Src/UARTComms.o
 .debug_line    0x00001286      0x745 ./Core/Src/crc.o
 .debug_line    0x000019cb      0x703 ./Core/Src/dma.o
 .debug_line    0x000020ce      0x702 ./Core/Src/gpio.o
 .debug_line    0x000027d0      0x76f ./Core/Src/i2c.o
 .debug_line    0x00002f3f      0x7af ./Core/Src/main.o
 .debug_line    0x000036ee      0x706 ./Core/Src/stm32f1xx_hal_msp.o
 .debug_line    0x00003df4      0x7fc ./Core/Src/stm32f1xx_it.o
 .debug_line    0x000045f0      0x784 ./Core/Src/system_stm32f1xx.o
 .debug_line    0x00004d74      0x7ca ./Core/Src/usart.o
 .debug_line    0x0000553e       0x78 ./Core/Startup/startup_stm32f103c8tx.o
 .debug_line    0x000055b6      0x9b5 ./Drivers/STM32F1xx_HAL_Driver/Src/stm32f1xx_hal.o
 .debug_line    0x00005f6b      0xb7f ./Drivers/STM32F1xx_HAL_Driver/Src/stm32f1xx_hal_cortex.o
 .debug_line    0x00006aea      0x82c ./Drivers/STM32F1xx_HAL_Driver/Src/stm32f1xx_hal_crc.o
 .debug_line    0x00007316      0xdbf ./Drivers/STM32F1xx_HAL_Driver/Src/stm32f1xx_hal_dma.o
 .debug_line    0x000080d5      0xa12 ./Drivers/STM32F1xx_HAL_Driver/Src/stm32f1xx_hal_gpio.o
 .debug_line    0x00008ae7     0x3bb2 ./Drivers/STM32F1xx_HAL_Driver/Src/stm32f1xx_hal_i2c.o
 .debug_line    0x0000c699      0xe6e ./Drivers/STM32F1xx_HAL_Driver/Src/stm32f1xx_hal_rcc.o
 .debug_line    0x0000d507     0x24d1 ./Drivers/STM32F1xx_HAL_Driver/Src/stm32f1xx_hal_uart.o

.debug_str      0x00000000    0x843e2
 .debug_str     0x00000000    0x843e2 ./Core/Src/CRCs.o
                              0x7e66f (size before relaxing)
 .debug_str     0x000843e2    0x81b78 ./Core/Src/UARTComms.o
 .debug_str     0x000843e2    0x7e5eb ./Core/Src/crc.o
 .debug_str     0x000843e2    0x7e760 ./Core/Src/dma.o
 .debug_str     0x000843e2    0x7e45c ./Core/Src/gpio.o
 .debug_str     0x000843e2    0x7e9bc ./Core/Src/i2c.o
 .debug_str     0x000843e2    0x7e649 ./Core/Src/main.o
 .debug_str     0x000843e2    0x7e48a ./Core/Src/stm32f1xx_hal_msp.o
 .debug_str     0x000843e2    0x7e93d ./Core/Src/stm32f1xx_it.o
 .debug_str     0x000843e2    0x7e4b5 ./Core/Src/system_stm32f1xx.o
 .debug_str     0x000843e2    0x7ec9f ./Core/Src/usart.o
 .debug_str     0x000843e2       0x7b ./Core/Startup/startup_stm32f103c8tx.o
 .debug_str     0x000843e2    0x7ebe8 ./Drivers/STM32F1xx_HAL_Driver/Src/stm32f1xx_hal.o
 .debug_str     0x000843e2    0x7eb34 ./Drivers/STM32F1xx_HAL_Driver/Src/stm32f1xx_hal_cortex.o
 .debug_str     0x000843e2    0x7e5f7 ./Drivers/STM32F1xx_HAL_Driver/Src/stm32f1xx_hal_crc.o
 .debug_str     0x000843e2    0x7e85e ./Drivers/STM32F1xx_HAL_Driver/Src/stm32f1xx_hal_dma.o
 .debug_str     0x000843e2    0x7e83b ./Drivers/STM32F1xx_HAL_Driver/Src/stm32f1xx_hal_gpio.o
 .debug_str     0x000843e2    0x7f57c ./Drivers/STM32F1xx_HAL_Driver/Src/stm32f1xx_hal_i2c.o
 .debug_str     0x000843e2    0x7e8e4 ./Drivers/STM32F1xx_HAL_Driver/Src/stm32f1xx_hal_rcc.o
 .debug_str     0x000843e2    0x7ef55 ./Drivers/STM32F1xx_HAL_Driver/Src/stm32f1xx_hal_uart.o

.comment        0x00000000       0x43
 .comment       0x00000000       0x43 ./Core/Src/CRCs.o
                                 0x44 (size before relaxing)
 .comment       0x00000043       0x44 ./Core/Src/UARTComms.o
 .comment       0x00000043       0x44 ./Core/Src/crc.o
 .comment       0x00000043       0x44 ./Core/Src/dma.o
 .comment       0x00000043       0x44 ./Core/Src/gpio.o
 .comment       0x00000043       0x44 ./Core/Src/i2c.o
 .comment       0x00000043       0x44 ./Core/Src/main.o
 .comment       0x00000043       0x44 ./Core/Src/stm32f1xx_hal_msp.o
 .comment       0x00000043       0x44 ./Core/Src/stm32f1xx_it.o
 .comment       0x00000043       0x44 ./Core/Src/system_stm32f1xx.o
 .comment       0x00000043       0x44 ./Core/Src/usart.o
 .comment       0x00000043       0x44 ./Drivers/STM32F1xx_HAL_Driver/Src/stm32f1xx_hal.o
 .comment       0x00000043       0x44 ./Drivers/STM32F1xx_HAL_Driver/Src/stm32f1xx_hal_cortex.o
 .comment       0x00000043       0x44 ./Drivers/STM32F1xx_HAL_Driver/Src/stm32f1xx_hal_crc.o
 .comment       0x00000043       0x44 ./Drivers/STM32F1xx_HAL_Driver/Src/stm32f1xx_hal_dma.o
 .comment       0x00000043       0x44 ./Drivers/STM32F1xx_HAL_Driver/Src/stm32f1xx_hal_gpio.o
 .comment       0x00000043       0x44 ./Drivers/STM32F1xx_HAL_Driver/Src/stm32f1xx_hal_i2c.o
 .comment       0x00000043       0x44 ./Drivers/STM32F1xx_HAL_Driver/Src/stm32f1xx_hal_rcc.o
 .comment       0x00000043       0x44 ./Drivers/STM32F1xx_HAL_Driver/Src/stm32f1xx_hal_uart.o

.debug_frame    0x00000000     0x2ab8
 .debug_frame   0x00000000      0x1b4 ./Core/Src/CRCs.o
 .debug_frame   0x000001b4       0x98 ./Core/Src/UARTComms.o
 .debug_frame   0x0000024c       0x7c ./Core/Src/crc.o
 .debug_frame   0x000002c8       0x34 ./Core/Src/dma.o
 .debug_frame   0x000002fc       0x38 ./Core/Src/gpio.o
 .debug_frame   0x00000334       0x74 ./Core/Src/i2c.o
 .debug_frame   0x000003a8       0x68 ./Core/Src/main.o
 .debug_frame   0x00000410       0x38 ./Core/Src/stm32f1xx_hal_msp.o
 .debug_frame   0x00000448      0x158 ./Core/Src/stm32f1xx_it.o
 .debug_frame   0x000005a0       0x58 ./Core/Src/system_stm32f1xx.o
 .debug_frame   0x000005f8       0x74 ./Core/Src/usart.o
 .debug_frame   0x0000066c      0x334 ./Drivers/STM32F1xx_HAL_Driver/Src/stm32f1xx_hal.o
 .debug_frame   0x000009a0      0x428 ./Drivers/STM32F1xx_HAL_Driver/Src/stm32f1xx_hal_cortex.o
 .debug_frame   0x00000dc8      0x120 ./Drivers/STM32F1xx_HAL_Driver/Src/stm32f1xx_hal_crc.o
 .debug_frame   0x00000ee8      0x208 ./Drivers/STM32F1xx_HAL_Driver/Src/stm32f1xx_hal_dma.o
 .debug_frame   0x000010f0      0x14c ./Drivers/STM32F1xx_HAL_Driver/Src/stm32f1xx_hal_gpio.o
 .debug_frame   0x0000123c      0xc84 ./Drivers/STM32F1xx_HAL_Driver/Src/stm32f1xx_hal_i2c.o
 .debug_frame   0x00001ec0      0x218 ./Drivers/STM32F1xx_HAL_Driver/Src/stm32f1xx_hal_rcc.o
 .debug_frame   0x000020d8      0x944 ./Drivers/STM32F1xx_HAL_Driver/Src/stm32f1xx_hal_uart.o
 .debug_frame   0x00002a1c       0x28 D:/STM32/STM32CubeIDE_1.19.0/STM32CubeIDE/plugins/com.st.stm32cube.ide.mcu.externaltools.gnu-tools-for-stm32.13.3.rel1.win32_1.0.0.202411081344/tools/bin/../lib/gcc/arm-none-eabi/13.3.1/../../../../arm-none-eabi/lib/thumb/v7-m/nofp\libc_nano.a(libc_a-memmove.o)
 .debug_frame   0x00002a44       0x20 D:/STM32/STM32CubeIDE_1.19.0/STM32CubeIDE/plugins/com.st.stm32cube.ide.mcu.externaltools.gnu-tools-for-stm32.13.3.rel1.win32_1.0.0.202411081344/tools/bin/../lib/gcc/arm-none-eabi/13.3.1/../../../../arm-none-eabi/lib/thumb/v7-m/nofp\libc_nano.a(libc_a-memset.o)
 .debug_frame   0x00002a64       0x2c D:/STM32/STM32CubeIDE_1.19.0/STM32CubeIDE/plugins/com.st.stm32cube.ide.mcu.externaltools.gnu-tools-for-stm32.13.3.rel1.win32_1.0.0.202411081344/tools/bin/../lib/gcc/arm-none-eabi/13.3.1/../../../../arm-none-eabi/lib/thumb/v7-m/nofp\libc_nano.a(libc_a-init.o)
 .debug_frame   0x00002a90       0x28 D:/STM32/STM32CubeIDE_1.19.0/STM32CubeIDE/plugins/com.st.stm32cube.ide.mcu.externaltools.gnu-tools-for-stm32.13.3.rel1.win32_1.0.0.202411081344/tools/bin/../lib/gcc/arm-none-eabi/13.3.1/../../../../arm-none-eabi/lib/thumb/v7-m/nofp\libc_nano.a(libc_a-memcpy-stub.o)

.debug_line_str
                0x00000000       0x5f
 .debug_line_str
                0x00000000       0x5f ./Core/Startup/startup_stm32f103c8tx.o
