Archive member included to satisfy reference by file (symbol)

D:/STM32/STM32CubeIDE_1.19.0/STM32CubeIDE/plugins/com.st.stm32cube.ide.mcu.externaltools.gnu-tools-for-stm32.13.3.rel1.win32_1.0.0.202411081344/tools/bin/../lib/gcc/arm-none-eabi/13.3.1/../../../../arm-none-eabi/lib/thumb/v7-m/nofp\libc_nano.a(libc_a-exit.o)
                              D:/STM32/STM32CubeIDE_1.19.0/STM32CubeIDE/plugins/com.st.stm32cube.ide.mcu.externaltools.gnu-tools-for-stm32.13.3.rel1.win32_1.0.0.202411081344/tools/bin/../lib/gcc/arm-none-eabi/13.3.1/../../../../arm-none-eabi/lib/thumb/v7-m/nofp/crt0.o (exit)
D:/STM32/STM32CubeIDE_1.19.0/STM32CubeIDE/plugins/com.st.stm32cube.ide.mcu.externaltools.gnu-tools-for-stm32.13.3.rel1.win32_1.0.0.202411081344/tools/bin/../lib/gcc/arm-none-eabi/13.3.1/../../../../arm-none-eabi/lib/thumb/v7-m/nofp\libc_nano.a(libc_a-findfp.o)
                              D:/STM32/STM32CubeIDE_1.19.0/STM32CubeIDE/plugins/com.st.stm32cube.ide.mcu.externaltools.gnu-tools-for-stm32.13.3.rel1.win32_1.0.0.202411081344/tools/bin/../lib/gcc/arm-none-eabi/13.3.1/../../../../arm-none-eabi/lib/thumb/v7-m/nofp\libc_nano.a(libc_a-exit.o) (__stdio_exit_handler)
D:/STM32/STM32CubeIDE_1.19.0/STM32CubeIDE/plugins/com.st.stm32cube.ide.mcu.externaltools.gnu-tools-for-stm32.13.3.rel1.win32_1.0.0.202411081344/tools/bin/../lib/gcc/arm-none-eabi/13.3.1/../../../../arm-none-eabi/lib/thumb/v7-m/nofp\libc_nano.a(libc_a-fwalk.o)
                              D:/STM32/STM32CubeIDE_1.19.0/STM32CubeIDE/plugins/com.st.stm32cube.ide.mcu.externaltools.gnu-tools-for-stm32.13.3.rel1.win32_1.0.0.202411081344/tools/bin/../lib/gcc/arm-none-eabi/13.3.1/../../../../arm-none-eabi/lib/thumb/v7-m/nofp\libc_nano.a(libc_a-findfp.o) (_fwalk_sglue)
D:/STM32/STM32CubeIDE_1.19.0/STM32CubeIDE/plugins/com.st.stm32cube.ide.mcu.externaltools.gnu-tools-for-stm32.13.3.rel1.win32_1.0.0.202411081344/tools/bin/../lib/gcc/arm-none-eabi/13.3.1/../../../../arm-none-eabi/lib/thumb/v7-m/nofp\libc_nano.a(libc_a-sprintf.o)
                              ./Core/Src/OLED.o (sprintf)
D:/STM32/STM32CubeIDE_1.19.0/STM32CubeIDE/plugins/com.st.stm32cube.ide.mcu.externaltools.gnu-tools-for-stm32.13.3.rel1.win32_1.0.0.202411081344/tools/bin/../lib/gcc/arm-none-eabi/13.3.1/../../../../arm-none-eabi/lib/thumb/v7-m/nofp\libc_nano.a(libc_a-stdio.o)
                              D:/STM32/STM32CubeIDE_1.19.0/STM32CubeIDE/plugins/com.st.stm32cube.ide.mcu.externaltools.gnu-tools-for-stm32.13.3.rel1.win32_1.0.0.202411081344/tools/bin/../lib/gcc/arm-none-eabi/13.3.1/../../../../arm-none-eabi/lib/thumb/v7-m/nofp\libc_nano.a(libc_a-findfp.o) (__sread)
D:/STM32/STM32CubeIDE_1.19.0/STM32CubeIDE/plugins/com.st.stm32cube.ide.mcu.externaltools.gnu-tools-for-stm32.13.3.rel1.win32_1.0.0.202411081344/tools/bin/../lib/gcc/arm-none-eabi/13.3.1/../../../../arm-none-eabi/lib/thumb/v7-m/nofp\libc_nano.a(libc_a-memmove.o)
                              ./Core/Src/UARTComms.o (memmove)
D:/STM32/STM32CubeIDE_1.19.0/STM32CubeIDE/plugins/com.st.stm32cube.ide.mcu.externaltools.gnu-tools-for-stm32.13.3.rel1.win32_1.0.0.202411081344/tools/bin/../lib/gcc/arm-none-eabi/13.3.1/../../../../arm-none-eabi/lib/thumb/v7-m/nofp\libc_nano.a(libc_a-memset.o)
                              D:/STM32/STM32CubeIDE_1.19.0/STM32CubeIDE/plugins/com.st.stm32cube.ide.mcu.externaltools.gnu-tools-for-stm32.13.3.rel1.win32_1.0.0.202411081344/tools/bin/../lib/gcc/arm-none-eabi/13.3.1/../../../../arm-none-eabi/lib/thumb/v7-m/nofp/crt0.o (memset)
D:/STM32/STM32CubeIDE_1.19.0/STM32CubeIDE/plugins/com.st.stm32cube.ide.mcu.externaltools.gnu-tools-for-stm32.13.3.rel1.win32_1.0.0.202411081344/tools/bin/../lib/gcc/arm-none-eabi/13.3.1/../../../../arm-none-eabi/lib/thumb/v7-m/nofp\libc_nano.a(libc_a-closer.o)
                              D:/STM32/STM32CubeIDE_1.19.0/STM32CubeIDE/plugins/com.st.stm32cube.ide.mcu.externaltools.gnu-tools-for-stm32.13.3.rel1.win32_1.0.0.202411081344/tools/bin/../lib/gcc/arm-none-eabi/13.3.1/../../../../arm-none-eabi/lib/thumb/v7-m/nofp\libc_nano.a(libc_a-stdio.o) (_close_r)
D:/STM32/STM32CubeIDE_1.19.0/STM32CubeIDE/plugins/com.st.stm32cube.ide.mcu.externaltools.gnu-tools-for-stm32.13.3.rel1.win32_1.0.0.202411081344/tools/bin/../lib/gcc/arm-none-eabi/13.3.1/../../../../arm-none-eabi/lib/thumb/v7-m/nofp\libc_nano.a(libc_a-reent.o)
                              D:/STM32/STM32CubeIDE_1.19.0/STM32CubeIDE/plugins/com.st.stm32cube.ide.mcu.externaltools.gnu-tools-for-stm32.13.3.rel1.win32_1.0.0.202411081344/tools/bin/../lib/gcc/arm-none-eabi/13.3.1/../../../../arm-none-eabi/lib/thumb/v7-m/nofp\libc_nano.a(libc_a-closer.o) (errno)
D:/STM32/STM32CubeIDE_1.19.0/STM32CubeIDE/plugins/com.st.stm32cube.ide.mcu.externaltools.gnu-tools-for-stm32.13.3.rel1.win32_1.0.0.202411081344/tools/bin/../lib/gcc/arm-none-eabi/13.3.1/../../../../arm-none-eabi/lib/thumb/v7-m/nofp\libc_nano.a(libc_a-impure.o)
[...]
Memory Configuration

Name             Origin             Length             Attributes
RAM              0x20000000         0x00005000         xrw
FLASH            0x08000000         0x00010000         xr
*default*        0x00000000         0xffffffff

Linker script and memory map

LOAD D:/STM32/STM32CubeIDE_1.19.0/STM32CubeIDE/plugins/com.st.stm32cube.ide.mcu.externaltools.gnu-tools-for-stm32.13.3.rel1.win32_1.0.0.202411081344/tools/bin/../lib/gcc/arm-none-eabi/13.3.1/thumb/v7-m/nofp/crti.o
LOAD D:/STM32/STM32CubeIDE_1.19.0/STM32CubeIDE/plugins/com.st.stm32cube.ide.mcu.externaltools.gnu-tools-for-stm32.13.3.rel1.win32_1.0.0.202411081344/tools/bin/../lib/gcc/arm-none-eabi/13.3.1/thumb/v7-m/nofp/crtbegin.o
LOAD D:/STM32/STM32CubeIDE_1.19.0/STM32CubeIDE/plugins/com.st.stm32cube.ide.mcu.externaltools.gnu-tools-for-stm32.13.3.rel1.win32_1.0.0.202411081344/tools/bin/../lib/gcc/arm-none-eabi/13.3.1/../../../../arm-none-eabi/lib/thumb/v7-m/nofp/crt0.o
LOAD ./Core/Src/CRCs.o
LOAD ./Core/Src/MPU6050.o
LOAD ./Core/Src/OLED.o
LOAD ./Core/Src/OLED_Font.o
LOAD ./Core/Src/UARTComms.o
LOAD ./Core/Src/crc.o
LOAD ./Core/Src/dma.o
LOAD ./Core/Src/gpio.o
LOAD ./Core/Src/i2c.o
LOAD ./Core/Src/main.o
LOAD ./Core/Src/stm32f1xx_hal_msp.o
LOAD ./Core/Src/stm32f1xx_it.o
LOAD ./Core/Src/syscalls.o
LOAD ./Core/Src/sysmem.o
LOAD ./Core/Src/system_stm32f1xx.o
LOAD ./Core/Src/usart.o
LOAD ./Core/Startup/startup_stm32f103c8tx.o
LOAD ./Drivers/STM32F1xx_HAL_Driver/Src/stm32f1xx_hal.o
LOAD ./Drivers/STM32F1xx_HAL_Driver/Src/stm32f1xx_hal_cortex.o
LOAD ./Drivers/STM32F1xx_HAL_Driver/Src/stm32f1xx_hal_crc.o
LOAD ./Drivers/STM32F1xx_HAL_Driver/Src/stm32f1xx_hal_dma.o
LOAD ./Drivers/STM32F1xx_HAL_Driver/Src/stm32f1xx_hal_exti.o
LOAD ./Drivers/STM32F1xx_HAL_Driver/Src/stm32f1xx_hal_flash.o
LOAD ./Drivers/STM32F1xx_HAL_Driver/Src/stm32f1xx_hal_flash_ex.o
LOAD ./Drivers/STM32F1xx_HAL_Driver/Src/stm32f1xx_hal_gpio.o
LOAD ./Drivers/STM32F1xx_HAL_Driver/Src/stm32f1xx_hal_gpio_ex.o
LOAD ./Drivers/STM32F1xx_HAL_Driver/Src/stm32f1xx_hal_i2c.o
LOAD ./Drivers/STM32F1xx_HAL_Driver/Src/stm32f1xx_hal_pwr.o
LOAD ./Drivers/STM32F1xx_HAL_Driver/Src/stm32f1xx_hal_rcc.o
LOAD ./Drivers/STM32F1xx_HAL_Driver/Src/stm32f1xx_hal_rcc_ex.o
LOAD ./Drivers/STM32F1xx_HAL_Driver/Src/stm32f1xx_hal_uart.o
START GROUP
LOAD D:/STM32/STM32CubeIDE_1.19.0/STM32CubeIDE/plugins/com.st.stm32cube.ide.mcu.externaltools.gnu-tools-for-stm32.13.3.rel1.win32_1.0.0.202411081344/tools/bin/../lib/gcc/arm-none-eabi/13.3.1/../../../../arm-none-eabi/lib/thumb/v7-m/nofp\libc_nano.a
LOAD D:/STM32/STM32CubeIDE_1.19.0/STM32CubeIDE/plugins/com.st.stm32cube.ide.mcu.externaltools.gnu-tools-for-stm32.13.3.rel1.win32_1.0.0.202411081344/tools/bin/../lib/gcc/arm-none-eabi/13.3.1/../../../../arm-none-eabi/lib/thumb/v7-m/nofp\libm.a
END GROUP
START GROUP
LOAD D:/STM32/STM32CubeIDE_1.19.0/STM32CubeIDE/plugins/com.st.stm32cube.ide.mcu.externaltools.gnu-tools-for-stm32.13.3.rel1.win32_1.0.0.202411081344/tools/bin/../lib/gcc/arm-none-eabi/13.3.1/thumb/v7-m/nofp\libgcc.a
LOAD D:/STM32/STM32CubeIDE_1.19.0/STM32CubeIDE/plugins/com.st.stm32cube.ide.mcu.externaltools.gnu-tools-for-stm32.13.3.rel1.win32_1.0.0.202411081344/tools/bin/../lib/gcc/arm-none-eabi/13.3.1/../../../../arm-none-eabi/lib/thumb/v7-m/nofp\libc_nano.a
END GROUP
START GROUP
LOAD D:/STM32/STM32CubeIDE_1.19.0/STM32CubeIDE/plugins/com.st.stm32cube.ide.mcu.externaltools.gnu-tools-for-stm32.13.3.rel1.win32_1.0.0.202411081344/tools/bin/../lib/gcc/arm-none-eabi/13.3.1/thumb/v7-m/nofp\libgcc.a
LOAD D:/STM32/STM32CubeIDE_1.19.0/STM32CubeIDE/plugins/com.st.stm32cube.ide.mcu.externaltools.gnu-tools-for-stm32.13.3.rel1.win32_1.0.0.202411081344/tools/bin/../lib/gcc/arm-none-eabi/13.3.1/../../../../arm-none-eabi/lib/thumb/v7-m/nofp\libc_nano.a
LOAD D:/STM32/STM32CubeIDE_1.19.0/STM32CubeIDE/plugins/com.st.stm32cube.ide.mcu.externaltools.gnu-tools-for-stm32.13.3.rel1.win32_1.0.0.202411081344/tools/bin/../lib/gcc/arm-none-eabi/13.3.1/../../../../arm-none-eabi/lib/thumb/v7-m/nofp\libnosys.a
END GROUP
START GROUP
LOAD D:/STM32/STM32CubeIDE_1.19.0/STM32CubeIDE/plugins/com.st.stm32cube.ide.mcu.externaltools.gnu-tools-for-stm32.13.3.rel1.win32_1.0.0.202411081344/tools/bin/../lib/gcc/arm-none-eabi/13.3.1/thumb/v7-m/nofp\libgcc.a
LOAD D:/STM32/STM32CubeIDE_1.19.0/STM32CubeIDE/plugins/com.st.stm32cube.ide.mcu.externaltools.gnu-tools-for-stm32.13.3.rel1.win32_1.0.0.202411081344/tools/bin/../lib/gcc/arm-none-eabi/13.3.1/../../../../arm-none-eabi/lib/thumb/v7-m/nofp\libc_nano.a
LOAD D:/STM32/STM32CubeIDE_1.19.0/STM32CubeIDE/plugins/com.st.stm32cube.ide.mcu.externaltools.gnu-tools-for-stm32.13.3.rel1.win32_1.0.0.202411081344/tools/bin/../lib/gcc/arm-none-eabi/13.3.1/../../../../arm-none-eabi/lib/thumb/v7-m/nofp\libnosys.a
END GROUP
LOAD D:/STM32/STM32CubeIDE_1.19.0/STM32CubeIDE/plugins/com.st.stm32cube.ide.mcu.externaltools.gnu-tools-for-stm32.13.3.rel1.win32_1.0.0.202411081344/tools/bin/../lib/gcc/arm-none-eabi/13.3.1/thumb/v7-m/nofp/crtend.o
LOAD D:/STM32/STM32CubeIDE_1.19.0/STM32CubeIDE/plugins/com.st.stm32cube.ide.mcu.externaltools.gnu-tools-for-stm32.13.3.rel1.win32_1.0.0.202411081344/tools/bin/../lib/gcc/arm-none-eabi/13.3.1/thumb/v7-m/nofp/crtn.o
                0x20005000                        _estack = (ORIGIN (RAM) + LENGTH (RAM))
                0x00000200                        _Min_Heap_Size = 0x200
                0x00000400                        _Min_Stack_Size = 0x400

.isr_vector     0x08000000      0x10c
                0x08000000                        . = ALIGN (0x4)
 *(.isr_vector)
 .isr_vector    0x08000000      0x10c ./Core/Startup/startup_stm32f103c8tx.o
                0x08000000                g_pfnVectors
                0x0800010c                        . = ALIGN (0x4)

.text           0x0800010c     0x5754
                0x0800010c                        . = ALIGN (0x4)
 *(.text)
 .text          0x0800010c       0x40 D:/STM32/STM32CubeIDE_1.19.0/STM32CubeIDE/plugins/com.st.stm32cube.ide.mcu.externaltools.gnu-tools-for-stm32.13.3.rel1.win32_1.0.0.202411081344/tools/bin/../lib/gcc/arm-none-eabi/13.3.1/thumb/v7-m/nofp/crtbegin.o
 .text          0x0800014c      0x21c D:/STM32/STM32CubeIDE_1.19.0/STM32CubeIDE/plugins/com.st.stm32cube.ide.mcu.externaltools.gnu-tools-for-stm32.13.3.rel1.win32_1.0.0.202411081344/tools/bin/../lib/gcc/arm-none-eabi/13.3.1/thumb/v7-m/nofp\libgcc.a(_arm_addsubsf3.o)
                0x0800014c                __aeabi_frsub
                0x08000154                __subsf3
                0x08000154                __aeabi_fsub
                0x08000158                __aeabi_fadd
                0x08000158                __addsf3
                0x080002b8                __aeabi_ui2f
                0x080002b8                __floatunsisf
                0x080002c0                __aeabi_i2f
                0x080002c0                __floatsisf
                0x080002dc                __aeabi_ul2f
                0x080002dc                __floatundisf
                0x080002ec                __aeabi_l2f
                0x080002ec                __floatdisf
 .text          0x08000368      0x2a0 D:/STM32/STM32CubeIDE_1.19.0/STM32CubeIDE/plugins/com.st.stm32cube.ide.mcu.externaltools.gnu-tools-for-stm32.13.3.rel1.win32_1.0.0.202411081344/tools/bin/../lib/gcc/arm-none-eabi/13.3.1/thumb/v7-m/nofp\libgcc.a(_arm_muldivsf3.o)
                0x08000368                __mulsf3
                0x08000368                __aeabi_fmul
                0x080004d0                __aeabi_fdiv
                0x080004d0                __divsf3
 .text          0x08000608       0xec D:/STM32/STM32CubeIDE_1.19.0/STM32CubeIDE/plugins/com.st.stm32cube.ide.mcu.externaltools.gnu-tools-for-stm32.13.3.rel1.win32_1.0.0.202411081344/tools/bin/../lib/gcc/arm-none-eabi/13.3.1/thumb/v7-m/nofp\libgcc.a(_arm_cmpsf2.o)
                0x08000608                __gesf2
                0x08000608                __gtsf2
                0x08000610                __lesf2
                0x08000610                __ltsf2
                0x08000618                __nesf2
                0x08000618                __eqsf2
                0x08000618                __cmpsf2
                0x08000678                __aeabi_cfrcmple
                0x08000680                __aeabi_cfcmpeq
                0x08000680                __aeabi_cfcmple
                0x08000690                __aeabi_fcmpeq
                0x080006a4                __aeabi_fcmplt
                0x080006b8                __aeabi_fcmple
                0x080006cc                __aeabi_fcmpge
                0x080006e0                __aeabi_fcmpgt
 .text          0x080006f4       0x2c D:/STM32/STM32CubeIDE_1.19.0/STM32CubeIDE/plugins/com.st.stm32cube.ide.mcu.externaltools.gnu-tools-for-stm32.13.3.rel1.win32_1.0.0.202411081344/tools/bin/../lib/gcc/arm-none-eabi/13.3.1/thumb/v7-m/nofp\libgcc.a(_arm_unordsf2.o)
                0x080006f4                __unordsf2
                0x080006f4                __aeabi_fcmpun
 .text          0x08000720       0x40 D:/STM32/STM32CubeIDE_1.19.0/STM32CubeIDE/plugins/com.st.stm32cube.ide.mcu.externaltools.gnu-tools-for-stm32.13.3.rel1.win32_1.0.0.202411081344/tools/bin/../lib/gcc/arm-none-eabi/13.3.1/thumb/v7-m/nofp\libgcc.a(_arm_fixunssfsi.o)
                0x08000720                __fixunssfsi
                0x08000720                __aeabi_f2uiz
 *(.text*)
 .text.CRC08_Calculate
                0x08000760       0x40 ./Core/Src/CRCs.o
                0x08000760                CRC08_Calculate
 .text.CRC08_Verify
                0x080007a0       0x46 ./Core/Src/CRCs.o
                0x080007a0                CRC08_Verify
 *fill*         0x080007e6        0x2 
 .text.MPU6050_WriteReg
                0x080007e8       0x38 ./Core/Src/MPU6050.o
                0x080007e8                MPU6050_WriteReg
 .text.MPU6050_ReadMultiReg
                0x08000820       0x40 ./Core/Src/MPU6050.o
                0x08000820                MPU6050_ReadMultiReg
 .text.MPU6050_Init
                0x08000860       0x3e ./Core/Src/MPU6050.o
                0x08000860                MPU6050_Init
 .text.MPU6050_ReadAll
                0x0800089e       0x96 ./Core/Src/MPU6050.o
                0x0800089e                MPU6050_ReadAll
 .text.MPU6050_Calibrate
                0x08000934       0xec ./Core/Src/MPU6050.o
                0x08000934                MPU6050_Calibrate
 .text.MPU6050_ProcessData
                0x08000a20      0x280 ./Core/Src/MPU6050.o
                0x08000a20                MPU6050_ProcessData
 .text.OLED_Clear
                0x08000ca0       0x46 ./Core/Src/OLED.o
                0x08000ca0                OLED_Clear
 *fill*         0x08000ce6        0x2 
 .text.OLED_WriteCommand
                0x08000ce8       0x34 ./Core/Src/OLED.o
                0x08000ce8                OLED_WriteCommand
 .text.OLED_WriteData
                0x08000d1c       0x34 ./Core/Src/OLED.o
                0x08000d1c                OLED_WriteData
 .text.OLED_SetCursor
                0x08000d50       0x46 ./Core/Src/OLED.o
                0x08000d50                OLED_SetCursor
 *fill*         0x08000d96        0x2 
 .text.OLED_ShowChar
                0x08000d98       0xb0 ./Core/Src/OLED.o
                0x08000d98                OLED_ShowChar
 .text.OLED_ShowString
                0x08000e48       0x4a ./Core/Src/OLED.o
                0x08000e48                OLED_ShowString
 .text.OLED_Pow
                0x08000e92       0x30 ./Core/Src/OLED.o
                0x08000e92                OLED_Pow
 *fill*         0x08000ec2        0x2 
 .text.OLED_ShowFloat
                0x08000ec4       0xb4 ./Core/Src/OLED.o
                0x08000ec4                OLED_ShowFloat
 .text.OLED_Init
                0x08000f78       0x9e ./Core/Src/OLED.o
                0x08000f78                OLED_Init
 *fill*         0x08001016        0x2 
 .text.UARTComms_Recieve_Data
                0x08001018       0x70 ./Core/Src/UARTComms.o
                0x08001018                UARTComms_Recieve_Data
 .text.HAL_UARTEx_RxEventCallback
                0x08001088       0x3c ./Core/Src/UARTComms.o
                0x08001088                HAL_UARTEx_RxEventCallback
 .text.UARTComms_Init
                0x080010c4       0x1c ./Core/Src/UARTComms.o
                0x080010c4                UARTComms_Init
 .text.MX_CRC_Init
                0x080010e0       0x28 ./Core/Src/crc.o
                0x080010e0                MX_CRC_Init
 .text.HAL_CRC_MspInit
                0x08001108       0x3c ./Core/Src/crc.o
                0x08001108                HAL_CRC_MspInit
 .text.MX_DMA_Init
                0x08001144       0x4c ./Core/Src/dma.o
                0x08001144                MX_DMA_Init
 .text.MX_GPIO_Init
                0x08001190       0x44 ./Core/Src/gpio.o
                0x08001190                MX_GPIO_Init
 .text.MX_I2C1_Init
                0x080011d4       0x5c ./Core/Src/i2c.o
                0x080011d4                MX_I2C1_Init
 .text.MX_I2C2_Init
                0x08001230       0x5c ./Core/Src/i2c.o
                0x08001230                MX_I2C2_Init
 .text.HAL_I2C_MspInit
                0x0800128c       0xd8 ./Core/Src/i2c.o
                0x0800128c                HAL_I2C_MspInit
 .text.main     0x08001364       0x94 ./Core/Src/main.o
                0x08001364                main
 .text.SystemClock_Config
                0x080013f8       0x76 ./Core/Src/main.o
                0x080013f8                SystemClock_Config
 .text.Error_Handler
                0x0800146e        0xc ./Core/Src/main.o
                0x0800146e                Error_Handler
 *fill*         0x0800147a        0x2 
 .text.HAL_MspInit
                0x0800147c       0x64 ./Core/Src/stm32f1xx_hal_msp.o
                0x0800147c                HAL_MspInit
 .text.NMI_Handler
                0x080014e0        0x8 ./Core/Src/stm32f1xx_it.o
                0x080014e0                NMI_Handler
 .text.HardFault_Handler
                0x080014e8        0x8 ./Core/Src/stm32f1xx_it.o
                0x080014e8                HardFault_Handler
 .text.MemManage_Handler
                0x080014f0        0x8 ./Core/Src/stm32f1xx_it.o
                0x080014f0                MemManage_Handler
 .text.BusFault_Handler
                0x080014f8        0x8 ./Core/Src/stm32f1xx_it.o
                0x080014f8                BusFault_Handler
 .text.UsageFault_Handler
                0x08001500        0x8 ./Core/Src/stm32f1xx_it.o
                0x08001500                UsageFault_Handler
 .text.SVC_Handler
                0x08001508        0xc ./Core/Src/stm32f1xx_it.o
                0x08001508                SVC_Handler
 .text.DebugMon_Handler
                0x08001514        0xc ./Core/Src/stm32f1xx_it.o
                0x08001514                DebugMon_Handler
 .text.PendSV_Handler
                0x08001520        0xc ./Core/Src/stm32f1xx_it.o
                0x08001520                PendSV_Handler
 .text.SysTick_Handler
                0x0800152c        0xc ./Core/Src/stm32f1xx_it.o
                0x0800152c                SysTick_Handler
 .text.DMA1_Channel6_IRQHandler
                0x08001538       0x14 ./Core/Src/stm32f1xx_it.o
                0x08001538                DMA1_Channel6_IRQHandler
 .text.DMA1_Channel7_IRQHandler
                0x0800154c       0x14 ./Core/Src/stm32f1xx_it.o
                0x0800154c                DMA1_Channel7_IRQHandler
 .text.USART2_IRQHandler
                0x08001560       0x14 ./Core/Src/stm32f1xx_it.o
                0x08001560                USART2_IRQHandler
 .text._sbrk    0x08001574       0x6c ./Core/Src/sysmem.o
                0x08001574                _sbrk
 .text.SystemInit
                0x080015e0        0xc ./Core/Src/system_stm32f1xx.o
                0x080015e0                SystemInit
 .text.MX_USART2_UART_Init
                0x080015ec       0x54 ./Core/Src/usart.o
                0x080015ec                MX_USART2_UART_Init
 .text.HAL_UART_MspInit
                0x08001640      0x150 ./Core/Src/usart.o
                0x08001640                HAL_UART_MspInit
 .text.Reset_Handler
                0x08001790       0x48 ./Core/Startup/startup_stm32f103c8tx.o
                0x08001790                Reset_Handler
 .text.Default_Handler
                0x080017d8        0x2 ./Core/Startup/startup_stm32f103c8tx.o
                0x080017d8                RTC_Alarm_IRQHandler
                0x080017d8                EXTI2_IRQHandler
                0x080017d8                TIM1_CC_IRQHandler
                0x080017d8                PVD_IRQHandler
                0x080017d8                EXTI3_IRQHandler
                0x080017d8                EXTI0_IRQHandler
                0x080017d8                I2C2_EV_IRQHandler
                0x080017d8                ADC1_2_IRQHandler
                0x080017d8                SPI1_IRQHandler
                0x080017d8                TAMPER_IRQHandler
                0x080017d8                DMA1_Channel4_IRQHandler
                0x080017d8                USART3_IRQHandler
                0x080017d8                RTC_IRQHandler
                0x080017d8                CAN1_RX1_IRQHandler
                0x080017d8                TIM4_IRQHandler
                0x080017d8                I2C1_EV_IRQHandler
                0x080017d8                TIM3_IRQHandler
                0x080017d8                RCC_IRQHandler
                0x080017d8                TIM1_TRG_COM_IRQHandler
                0x080017d8                DMA1_Channel1_IRQHandler
                0x080017d8                Default_Handler
                0x080017d8                EXTI15_10_IRQHandler
                0x080017d8                EXTI9_5_IRQHandler
                0x080017d8                SPI2_IRQHandler
                0x080017d8                DMA1_Channel5_IRQHandler
                0x080017d8                EXTI4_IRQHandler
                0x080017d8                USB_LP_CAN1_RX0_IRQHandler
                0x080017d8                USB_HP_CAN1_TX_IRQHandler
                0x080017d8                DMA1_Channel3_IRQHandler
                0x080017d8                TIM1_UP_IRQHandler
                0x080017d8                WWDG_IRQHandler
                0x080017d8                TIM2_IRQHandler
                0x080017d8                TIM1_BRK_IRQHandler
                0x080017d8                EXTI1_IRQHandler
                0x080017d8                I2C2_ER_IRQHandler
                0x080017d8                DMA1_Channel2_IRQHandler
                0x080017d8                CAN1_SCE_IRQHandler
                0x080017d8                FLASH_IRQHandler
                0x080017d8                USART1_IRQHandler
                0x080017d8                I2C1_ER_IRQHandler
                0x080017d8                USBWakeUp_IRQHandler
 *fill*         0x080017da        0x2 
 .text.HAL_Init
                0x080017dc       0x2c ./Drivers/STM32F1xx_HAL_Driver/Src/stm32f1xx_hal.o
                0x080017dc                HAL_Init
 .text.HAL_InitTick
                0x08001808       0x60 ./Drivers/STM32F1xx_HAL_Driver/Src/stm32f1xx_hal.o
                0x08001808                HAL_InitTick
 .text.HAL_IncTick
                0x08001868       0x24 ./Drivers/STM32F1xx_HAL_Driver/Src/stm32f1xx_hal.o
                0x08001868                HAL_IncTick
 .text.HAL_GetTick
                0x0800188c       0x14 ./Drivers/STM32F1xx_HAL_Driver/Src/stm32f1xx_hal.o
                0x0800188c                HAL_GetTick
 .text.HAL_Delay
                0x080018a0       0x48 ./Drivers/STM32F1xx_HAL_Driver/Src/stm32f1xx_hal.o
                0x080018a0                HAL_Delay
 .text.__NVIC_SetPriorityGrouping
                0x080018e8       0x48 ./Drivers/STM32F1xx_HAL_Driver/Src/stm32f1xx_hal_cortex.o
 .text.__NVIC_GetPriorityGrouping
                0x08001930       0x1c ./Drivers/STM32F1xx_HAL_Driver/Src/stm32f1xx_hal_cortex.o
 .text.__NVIC_EnableIRQ
                0x0800194c       0x38 ./Drivers/STM32F1xx_HAL_Driver/Src/stm32f1xx_hal_cortex.o
 .text.__NVIC_SetPriority
                0x08001984       0x54 ./Drivers/STM32F1xx_HAL_Driver/Src/stm32f1xx_hal_cortex.o
 .text.NVIC_EncodePriority
                0x080019d8       0x64 ./Drivers/STM32F1xx_HAL_Driver/Src/stm32f1xx_hal_cortex.o
 .text.SysTick_Config
                0x08001a3c       0x44 ./Drivers/STM32F1xx_HAL_Driver/Src/stm32f1xx_hal_cortex.o
 .text.HAL_NVIC_SetPriorityGrouping
                0x08001a80       0x16 ./Drivers/STM32F1xx_HAL_Driver/Src/stm32f1xx_hal_cortex.o
                0x08001a80                HAL_NVIC_SetPriorityGrouping
 .text.HAL_NVIC_SetPriority
                0x08001a96       0x38 ./Drivers/STM32F1xx_HAL_Driver/Src/stm32f1xx_hal_cortex.o
                0x08001a96                HAL_NVIC_SetPriority
 .text.HAL_NVIC_EnableIRQ
                0x08001ace       0x1c ./Drivers/STM32F1xx_HAL_Driver/Src/stm32f1xx_hal_cortex.o
                0x08001ace                HAL_NVIC_EnableIRQ
 .text.HAL_SYSTICK_Config
                0x08001aea       0x18 ./Drivers/STM32F1xx_HAL_Driver/Src/stm32f1xx_hal_cortex.o
                0x08001aea                HAL_SYSTICK_Config
 .text.HAL_CRC_Init
                0x08001b02       0x38 ./Drivers/STM32F1xx_HAL_Driver/Src/stm32f1xx_hal_crc.o
                0x08001b02                HAL_CRC_Init
 *fill*         0x08001b3a        0x2 
 .text.HAL_DMA_Init
                0x08001b3c       0xb4 ./Drivers/STM32F1xx_HAL_Driver/Src/stm32f1xx_hal_dma.o
                0x08001b3c                HAL_DMA_Init
 .text.HAL_DMA_Start_IT
                0x08001bf0       0xc0 ./Drivers/STM32F1xx_HAL_Driver/Src/stm32f1xx_hal_dma.o
                0x08001bf0                HAL_DMA_Start_IT
 .text.HAL_DMA_Abort
                0x08001cb0       0x76 ./Drivers/STM32F1xx_HAL_Driver/Src/stm32f1xx_hal_dma.o
                0x08001cb0                HAL_DMA_Abort
 *fill*         0x08001d26        0x2 
 .text.HAL_DMA_Abort_IT
                0x08001d28       0xf0 ./Drivers/STM32F1xx_HAL_Driver/Src/stm32f1xx_hal_dma.o
                0x08001d28                HAL_DMA_Abort_IT
 .text.HAL_DMA_IRQHandler
                0x08001e18      0x20c ./Drivers/STM32F1xx_HAL_Driver/Src/stm32f1xx_hal_dma.o
                0x08001e18                HAL_DMA_IRQHandler
 .text.DMA_SetConfig
                0x08002024       0x5a ./Drivers/STM32F1xx_HAL_Driver/Src/stm32f1xx_hal_dma.o
 *fill*         0x0800207e        0x2 
 .text.HAL_GPIO_Init
                0x08002080      0x308 ./Drivers/STM32F1xx_HAL_Driver/Src/stm32f1xx_hal_gpio.o
                0x08002080                HAL_GPIO_Init
 .text.HAL_I2C_Init
                0x08002388      0x288 ./Drivers/STM32F1xx_HAL_Driver/Src/stm32f1xx_hal_i2c.o
                0x08002388                HAL_I2C_Init
 .text.HAL_I2C_Master_Transmit
                0x08002610      0x1fc ./Drivers/STM32F1xx_HAL_Driver/Src/stm32f1xx_hal_i2c.o
                0x08002610                HAL_I2C_Master_Transmit
 .text.HAL_I2C_Master_Receive
                0x0800280c      0x4d8 ./Drivers/STM32F1xx_HAL_Driver/Src/stm32f1xx_hal_i2c.o
                0x0800280c                HAL_I2C_Master_Receive
 .text.I2C_MasterRequestWrite
                0x08002ce4      0x104 ./Drivers/STM32F1xx_HAL_Driver/Src/stm32f1xx_hal_i2c.o
 .text.I2C_MasterRequestRead
                0x08002de8      0x19c ./Drivers/STM32F1xx_HAL_Driver/Src/stm32f1xx_hal_i2c.o
 .text.I2C_WaitOnFlagUntilTimeout
                0x08002f84       0xf4 ./Drivers/STM32F1xx_HAL_Driver/Src/stm32f1xx_hal_i2c.o
 .text.I2C_WaitOnMasterAddressFlagUntilTimeout
                0x08003078      0x140 ./Drivers/STM32F1xx_HAL_Driver/Src/stm32f1xx_hal_i2c.o
 .text.I2C_WaitOnTXEFlagUntilTimeout
                0x080031b8       0x90 ./Drivers/STM32F1xx_HAL_Driver/Src/stm32f1xx_hal_i2c.o
 .text.I2C_WaitOnBTFFlagUntilTimeout
                0x08003248       0x90 ./Drivers/STM32F1xx_HAL_Driver/Src/stm32f1xx_hal_i2c.o
 .text.I2C_WaitOnRXNEFlagUntilTimeout
                0x080032d8       0xba ./Drivers/STM32F1xx_HAL_Driver/Src/stm32f1xx_hal_i2c.o
 .text.I2C_IsAcknowledgeFailed
                0x08003392       0x5c ./Drivers/STM32F1xx_HAL_Driver/Src/stm32f1xx_hal_i2c.o
 *fill*         0x080033ee        0x2 
 .text.HAL_RCC_OscConfig
                0x080033f0      0x504 ./Drivers/STM32F1xx_HAL_Driver/Src/stm32f1xx_hal_rcc.o
                0x080033f0                HAL_RCC_OscConfig
 .text.HAL_RCC_ClockConfig
                0x080038f4      0x1d4 ./Drivers/STM32F1xx_HAL_Driver/Src/stm32f1xx_hal_rcc.o
                0x080038f4                HAL_RCC_ClockConfig
 .text.HAL_RCC_GetSysClockFreq
                0x08003ac8       0xa8 ./Drivers/STM32F1xx_HAL_Driver/Src/stm32f1xx_hal_rcc.o
                0x08003ac8                HAL_RCC_GetSysClockFreq
 .text.HAL_RCC_GetHCLKFreq
                0x08003b70       0x14 ./Drivers/STM32F1xx_HAL_Driver/Src/stm32f1xx_hal_rcc.o
                0x08003b70                HAL_RCC_GetHCLKFreq
 .text.HAL_RCC_GetPCLK1Freq
                0x08003b84       0x28 ./Drivers/STM32F1xx_HAL_Driver/Src/stm32f1xx_hal_rcc.o
                0x08003b84                HAL_RCC_GetPCLK1Freq
 .text.HAL_RCC_GetPCLK2Freq
                0x08003bac       0x28 ./Drivers/STM32F1xx_HAL_Driver/Src/stm32f1xx_hal_rcc.o
                0x08003bac                HAL_RCC_GetPCLK2Freq
 .text.RCC_Delay
                0x08003bd4       0x3c ./Drivers/STM32F1xx_HAL_Driver/Src/stm32f1xx_hal_rcc.o
 .text.HAL_UART_Init
                0x08003c10       0xa0 ./Drivers/STM32F1xx_HAL_Driver/Src/stm32f1xx_hal_uart.o
                0x08003c10                HAL_UART_Init
 .text.HAL_UARTEx_ReceiveToIdle_DMA
                0x08003cb0       0xb2 ./Drivers/STM32F1xx_HAL_Driver/Src/stm32f1xx_hal_uart.o
                0x08003cb0                HAL_UARTEx_ReceiveToIdle_DMA
 *fill*         0x08003d62        0x2 
 .text.HAL_UART_IRQHandler
                0x08003d64      0x524 ./Drivers/STM32F1xx_HAL_Driver/Src/stm32f1xx_hal_uart.o
                0x08003d64                HAL_UART_IRQHandler
 .text.HAL_UART_TxCpltCallback
                0x08004288       0x12 ./Drivers/STM32F1xx_HAL_Driver/Src/stm32f1xx_hal_uart.o
                0x08004288                HAL_UART_TxCpltCallback
 .text.HAL_UART_RxCpltCallback
                0x0800429a       0x12 ./Drivers/STM32F1xx_HAL_Driver/Src/stm32f1xx_hal_uart.o
                0x0800429a                HAL_UART_RxCpltCallback
 .text.HAL_UART_RxHalfCpltCallback
                0x080042ac       0x12 ./Drivers/STM32F1xx_HAL_Driver/Src/stm32f1xx_hal_uart.o
                0x080042ac                HAL_UART_RxHalfCpltCallback
 .text.HAL_UART_ErrorCallback
                0x080042be       0x12 ./Drivers/STM32F1xx_HAL_Driver/Src/stm32f1xx_hal_uart.o
                0x080042be                HAL_UART_ErrorCallback
 .text.UART_DMAReceiveCplt
                0x080042d0      0x12c ./Drivers/STM32F1xx_HAL_Driver/Src/stm32f1xx_hal_uart.o
 .text.UART_DMARxHalfCplt
                0x080043fc       0x3c ./Drivers/STM32F1xx_HAL_Driver/Src/stm32f1xx_hal_uart.o
 .text.UART_DMAError
                0x08004438       0x94 ./Drivers/STM32F1xx_HAL_Driver/Src/stm32f1xx_hal_uart.o
 .text.UART_Start_Receive_DMA
                0x080044cc      0x134 ./Drivers/STM32F1xx_HAL_Driver/Src/stm32f1xx_hal_uart.o
                0x080044cc                UART_Start_Receive_DMA
 .text.UART_EndTxTransfer
                0x08004600       0x4e ./Drivers/STM32F1xx_HAL_Driver/Src/stm32f1xx_hal_uart.o
 .text.UART_EndRxTransfer
                0x0800464e       0xc4 ./Drivers/STM32F1xx_HAL_Driver/Src/stm32f1xx_hal_uart.o
 .text.UART_DMAAbortOnError
                0x08004712       0x28 ./Drivers/STM32F1xx_HAL_Driver/Src/stm32f1xx_hal_uart.o
 .text.UART_Transmit_IT
                0x0800473a       0x9e ./Drivers/STM32F1xx_HAL_Driver/Src/stm32f1xx_hal_uart.o
 .text.UART_EndTransmit_IT
                0x080047d8       0x30 ./Drivers/STM32F1xx_HAL_Driver/Src/stm32f1xx_hal_uart.o
 .text.UART_Receive_IT
                0x08004808      0x17c ./Drivers/STM32F1xx_HAL_Driver/Src/stm32f1xx_hal_uart.o
 .text.UART_SetConfig
                0x08004984      0x11c ./Drivers/STM32F1xx_HAL_Driver/Src/stm32f1xx_hal_uart.o
 .text.sprintf  0x08004aa0       0x44 D:/STM32/STM32CubeIDE_1.19.0/STM32CubeIDE/plugins/com.st.stm32cube.ide.mcu.externaltools.gnu-tools-for-stm32.13.3.rel1.win32_1.0.0.202411081344/tools/bin/../lib/gcc/arm-none-eabi/13.3.1/../../../../arm-none-eabi/lib/thumb/v7-m/nofp\libc_nano.a(libc_a-sprintf.o)
                0x08004aa0                siprintf
                0x08004aa0                sprintf
 .text.memmove  0x08004ae4       0x34 D:/STM32/STM32CubeIDE_1.19.0/STM32CubeIDE/plugins/com.st.stm32cube.ide.mcu.externaltools.gnu-tools-for-stm32.13.3.rel1.win32_1.0.0.202411081344/tools/bin/../lib/gcc/arm-none-eabi/13.3.1/../../../../arm-none-eabi/lib/thumb/v7-m/nofp\libc_nano.a(libc_a-memmove.o)
                0x08004ae4                memmove
 .text.memset   0x08004b18       0x10 D:/STM32/STM32CubeIDE_1.19.0/STM32CubeIDE/plugins/com.st.stm32cube.ide.mcu.externaltools.gnu-tools-for-stm32.13.3.rel1.win32_1.0.0.202411081344/tools/bin/../lib/gcc/arm-none-eabi/13.3.1/../../../../arm-none-eabi/lib/thumb/v7-m/nofp\libc_nano.a(libc_a-memset.o)
                0x08004b18                memset
 .text.__errno  0x08004b28        0xc D:/STM32/STM32CubeIDE_1.19.0/STM32CubeIDE/plugins/com.st.stm32cube.ide.mcu.externaltools.gnu-tools-for-stm32.13.3.rel1.win32_1.0.0.202411081344/tools/bin/../lib/gcc/arm-none-eabi/13.3.1/../../../../arm-none-eabi/lib/thumb/v7-m/nofp\libc_nano.a(libc_a-errno.o)
                0x08004b28                __errno
 .text.__libc_init_array
                0x08004b34       0x48 D:/STM32/STM32CubeIDE_1.19.0/STM32CubeIDE/plugins/com.st.stm32cube.ide.mcu.externaltools.gnu-tools-for-stm32.13.3.rel1.win32_1.0.0.202411081344/tools/bin/../lib/gcc/arm-none-eabi/13.3.1/../../../../arm-none-eabi/lib/thumb/v7-m/nofp\libc_nano.a(libc_a-init.o)
                0x08004b34                __libc_init_array
 .text.__retarget_lock_acquire_recursive
                0x08004b7c        0x2 D:/STM32/STM32CubeIDE_1.19.0/STM32CubeIDE/plugins/com.st.stm32cube.ide.mcu.externaltools.gnu-tools-for-stm32.13.3.rel1.win32_1.0.0.202411081344/tools/bin/../lib/gcc/arm-none-eabi/13.3.1/../../../../arm-none-eabi/lib/thumb/v7-m/nofp\libc_nano.a(libc_a-lock.o)
                0x08004b7c                __retarget_lock_acquire_recursive
 .text.__retarget_lock_release_recursive
                0x08004b7e        0x2 D:/STM32/STM32CubeIDE_1.19.0/STM32CubeIDE/plugins/com.st.stm32cube.ide.mcu.externaltools.gnu-tools-for-stm32.13.3.rel1.win32_1.0.0.202411081344/tools/bin/../lib/gcc/arm-none-eabi/13.3.1/../../../../arm-none-eabi/lib/thumb/v7-m/nofp\libc_nano.a(libc_a-lock.o)
                0x08004b7e                __retarget_lock_release_recursive
 .text.memcpy   0x08004b80       0x1c D:/STM32/STM32CubeIDE_1.19.0/STM32CubeIDE/plugins/com.st.stm32cube.ide.mcu.externaltools.gnu-tools-for-stm32.13.3.rel1.win32_1.0.0.202411081344/tools/bin/../lib/gcc/arm-none-eabi/13.3.1/../../../../arm-none-eabi/lib/thumb/v7-m/nofp\libc_nano.a(libc_a-memcpy-stub.o)
                0x08004b80                memcpy
 .text._free_r  0x08004b9c       0x90 D:/STM32/STM32CubeIDE_1.19.0/STM32CubeIDE/plugins/com.st.stm32cube.ide.mcu.externaltools.gnu-tools-for-stm32.13.3.rel1.win32_1.0.0.202411081344/tools/bin/../lib/gcc/arm-none-eabi/13.3.1/../../../../arm-none-eabi/lib/thumb/v7-m/nofp\libc_nano.a(libc_a-freer.o)
                0x08004b9c                _free_r
 .text.sbrk_aligned
                0x08004c2c       0x44 D:/STM32/STM32CubeIDE_1.19.0/STM32CubeIDE/plugins/com.st.stm32cube.ide.mcu.externaltools.gnu-tools-for-stm32.13.3.rel1.win32_1.0.0.202411081344/tools/bin/../lib/gcc/arm-none-eabi/13.3.1/../../../../arm-none-eabi/lib/thumb/v7-m/nofp\libc_nano.a(libc_a-mallocr.o)
 .text._malloc_r
                0x08004c70      0x100 D:/STM32/STM32CubeIDE_1.19.0/STM32CubeIDE/plugins/com.st.stm32cube.ide.mcu.externaltools.gnu-tools-for-stm32.13.3.rel1.win32_1.0.0.202411081344/tools/bin/../lib/gcc/arm-none-eabi/13.3.1/../../../../arm-none-eabi/lib/thumb/v7-m/nofp\libc_nano.a(libc_a-mallocr.o)
                0x08004c70                _malloc_r
 .text.__malloc_lock
                0x08004d70        0xc D:/STM32/STM32CubeIDE_1.19.0/STM32CubeIDE/plugins/com.st.stm32cube.ide.mcu.externaltools.gnu-tools-for-stm32.13.3.rel1.win32_1.0.0.202411081344/tools/bin/../lib/gcc/arm-none-eabi/13.3.1/../../../../arm-none-eabi/lib/thumb/v7-m/nofp\libc_nano.a(libc_a-mlock.o)
                0x08004d70                __malloc_lock
 .text.__malloc_unlock
                0x08004d7c        0xc D:/STM32/STM32CubeIDE_1.19.0/STM32CubeIDE/plugins/com.st.stm32cube.ide.mcu.externaltools.gnu-tools-for-stm32.13.3.rel1.win32_1.0.0.202411081344/tools/bin/../lib/gcc/arm-none-eabi/13.3.1/../../../../arm-none-eabi/lib/thumb/v7-m/nofp\libc_nano.a(libc_a-mlock.o)
                0x08004d7c                __malloc_unlock
 .text.__ssputs_r
                0x08004d88       0xb6 D:/STM32/STM32CubeIDE_1.19.0/STM32CubeIDE/plugins/com.st.stm32cube.ide.mcu.externaltools.gnu-tools-for-stm32.13.3.rel1.win32_1.0.0.202411081344/tools/bin/../lib/gcc/arm-none-eabi/13.3.1/../../../../arm-none-eabi/lib/thumb/v7-m/nofp\libc_nano.a(libc_a-nano-svfprintf.o)
                0x08004d88                __ssputs_r
 *fill*         0x08004e3e        0x2 
 .text._svfprintf_r
                0x08004e40      0x1f8 D:/STM32/STM32CubeIDE_1.19.0/STM32CubeIDE/plugins/com.st.stm32cube.ide.mcu.externaltools.gnu-tools-for-stm32.13.3.rel1.win32_1.0.0.202411081344/tools/bin/../lib/gcc/arm-none-eabi/13.3.1/../../../../arm-none-eabi/lib/thumb/v7-m/nofp\libc_nano.a(libc_a-nano-svfprintf.o)
                0x08004e40                _svfiprintf_r
                0x08004e40                _svfprintf_r
 .text._printf_common
                0x08005038       0xe4 D:/STM32/STM32CubeIDE_1.19.0/STM32CubeIDE/plugins/com.st.stm32cube.ide.mcu.externaltools.gnu-tools-for-stm32.13.3.rel1.win32_1.0.0.202411081344/tools/bin/../lib/gcc/arm-none-eabi/13.3.1/../../../../arm-none-eabi/lib/thumb/v7-m/nofp\libc_nano.a(libc_a-nano-vfprintf_i.o)
                0x08005038                _printf_common
 .text._printf_i
                0x0800511c      0x23c D:/STM32/STM32CubeIDE_1.19.0/STM32CubeIDE/plugins/com.st.stm32cube.ide.mcu.externaltools.gnu-tools-for-stm32.13.3.rel1.win32_1.0.0.202411081344/tools/bin/../lib/gcc/arm-none-eabi/13.3.1/../../../../arm-none-eabi/lib/thumb/v7-m/nofp\libc_nano.a(libc_a-nano-vfprintf_i.o)
                0x0800511c                _printf_i
 .text._sbrk_r  0x08005358       0x20 D:/STM32/STM32CubeIDE_1.19.0/STM32CubeIDE/plugins/com.st.stm32cube.ide.mcu.externaltools.gnu-tools-for-stm32.13.3.rel1.win32_1.0.0.202411081344/tools/bin/../lib/gcc/arm-none-eabi/13.3.1/../../../../arm-none-eabi/lib/thumb/v7-m/nofp\libc_nano.a(libc_a-sbrkr.o)
                0x08005358                _sbrk_r
 .text.memchr   0x08005378       0x1c D:/STM32/STM32CubeIDE_1.19.0/STM32CubeIDE/plugins/com.st.stm32cube.ide.mcu.externaltools.gnu-tools-for-stm32.13.3.rel1.win32_1.0.0.202411081344/tools/bin/../lib/gcc/arm-none-eabi/13.3.1/../../../../arm-none-eabi/lib/thumb/v7-m/nofp\libc_nano.a(libc_a-memchr-stub.o)
                0x08005378                memchr
 .text._realloc_r
                0x08005394       0x5c D:/STM32/STM32CubeIDE_1.19.0/STM32CubeIDE/plugins/com.st.stm32cube.ide.mcu.externaltools.gnu-tools-for-stm32.13.3.rel1.win32_1.0.0.202411081344/tools/bin/../lib/gcc/arm-none-eabi/13.3.1/../../../../arm-none-eabi/lib/thumb/v7-m/nofp\libc_nano.a(libc_a-reallocr.o)
                0x08005394                _realloc_r
 .text._malloc_usable_size_r
                0x080053f0       0x10 D:/STM32/STM32CubeIDE_1.19.0/STM32CubeIDE/plugins/com.st.stm32cube.ide.mcu.externaltools.gnu-tools-for-stm32.13.3.rel1.win32_1.0.0.202411081344/tools/bin/../lib/gcc/arm-none-eabi/13.3.1/../../../../arm-none-eabi/lib/thumb/v7-m/nofp\libc_nano.a(libc_a-msizer.o)
                0x080053f0                _malloc_usable_size_r
 .text.atan2f   0x08005400        0x4 D:/STM32/STM32CubeIDE_1.19.0/STM32CubeIDE/plugins/com.st.stm32cube.ide.mcu.externaltools.gnu-tools-for-stm32.13.3.rel1.win32_1.0.0.202411081344/tools/bin/../lib/gcc/arm-none-eabi/13.3.1/../../../../arm-none-eabi/lib/thumb/v7-m/nofp\libm.a(libm_a-wf_atan2.o)
                0x08005400                atan2f
 .text.sqrtf    0x08005404       0x34 D:/STM32/STM32CubeIDE_1.19.0/STM32CubeIDE/plugins/com.st.stm32cube.ide.mcu.externaltools.gnu-tools-for-stm32.13.3.rel1.win32_1.0.0.202411081344/tools/bin/../lib/gcc/arm-none-eabi/13.3.1/../../../../arm-none-eabi/lib/thumb/v7-m/nofp\libm.a(libm_a-wf_sqrt.o)
                0x08005404                sqrtf
 .text.__ieee754_sqrtf
                0x08005438       0xe0 D:/STM32/STM32CubeIDE_1.19.0/STM32CubeIDE/plugins/com.st.stm32cube.ide.mcu.externaltools.gnu-tools-for-stm32.13.3.rel1.win32_1.0.0.202411081344/tools/bin/../lib/gcc/arm-none-eabi/13.3.1/../../../../arm-none-eabi/lib/thumb/v7-m/nofp\libm.a(libm_a-ef_sqrt.o)
                0x08005438                __ieee754_sqrtf
 .text.__ieee754_atan2f
                0x08005518      0x110 D:/STM32/STM32CubeIDE_1.19.0/STM32CubeIDE/plugins/com.st.stm32cube.ide.mcu.externaltools.gnu-tools-for-stm32.13.3.rel1.win32_1.0.0.202411081344/tools/bin/../lib/gcc/arm-none-eabi/13.3.1/../../../../arm-none-eabi/lib/thumb/v7-m/nofp\libm.a(libm_a-ef_atan2.o)
                0x08005518                __ieee754_atan2f
 .text.atanf    0x08005628      0x218 D:/STM32/STM32CubeIDE_1.19.0/STM32CubeIDE/plugins/com.st.stm32cube.ide.mcu.externaltools.gnu-tools-for-stm32.13.3.rel1.win32_1.0.0.202411081344/tools/bin/../lib/gcc/arm-none-eabi/13.3.1/../../../../arm-none-eabi/lib/thumb/v7-m/nofp\libm.a(libm_a-sf_atan.o)
                0x08005628                atanf
 .text.fabsf    0x08005840        0x6 D:/STM32/STM32CubeIDE_1.19.0/STM32CubeIDE/plugins/com.st.stm32cube.ide.mcu.externaltools.gnu-tools-for-stm32.13.3.rel1.win32_1.0.0.202411081344/tools/bin/../lib/gcc/arm-none-eabi/13.3.1/../../../../arm-none-eabi/lib/thumb/v7-m/nofp\libm.a(libm_a-sf_fabs.o)
                0x08005840                fabsf
 *(.glue_7)
 .glue_7        0x08005846        0x0 linker stubs
 *(.glue_7t)
 .glue_7t       0x08005846        0x0 linker stubs
 *(.eh_frame)
 *fill*         0x08005846        0x2 
 .eh_frame      0x08005848        0x0 D:/STM32/STM32CubeIDE_1.19.0/STM32CubeIDE/plugins/com.st.stm32cube.ide.mcu.externaltools.gnu-tools-for-stm32.13.3.rel1.win32_1.0.0.202411081344/tools/bin/../lib/gcc/arm-none-eabi/13.3.1/thumb/v7-m/nofp/crtbegin.o
 *(.init)
 .init          0x08005848        0x4 D:/STM32/STM32CubeIDE_1.19.0/STM32CubeIDE/plugins/com.st.stm32cube.ide.mcu.externaltools.gnu-tools-for-stm32.13.3.rel1.win32_1.0.0.202411081344/tools/bin/../lib/gcc/arm-none-eabi/13.3.1/thumb/v7-m/nofp/crti.o
                0x08005848                _init
 .init          0x0800584c        0x8 D:/STM32/STM32CubeIDE_1.19.0/STM32CubeIDE/plugins/com.st.stm32cube.ide.mcu.externaltools.gnu-tools-for-stm32.13.3.rel1.win32_1.0.0.202411081344/tools/bin/../lib/gcc/arm-none-eabi/13.3.1/thumb/v7-m/nofp/crtn.o
 *(.fini)
 .fini          0x08005854        0x4 D:/STM32/STM32CubeIDE_1.19.0/STM32CubeIDE/plugins/com.st.stm32cube.ide.mcu.externaltools.gnu-tools-for-stm32.13.3.rel1.win32_1.0.0.202411081344/tools/bin/../lib/gcc/arm-none-eabi/13.3.1/thumb/v7-m/nofp/crti.o
                0x08005854                _fini
 .fini          0x08005858        0x8 D:/STM32/STM32CubeIDE_1.19.0/STM32CubeIDE/plugins/com.st.stm32cube.ide.mcu.externaltools.gnu-tools-for-stm32.13.3.rel1.win32_1.0.0.202411081344/tools/bin/../lib/gcc/arm-none-eabi/13.3.1/thumb/v7-m/nofp/crtn.o
                0x08005860                        . = ALIGN (0x4)
                0x08005860                        _etext = .

.vfp11_veneer   0x08005860        0x0
 .vfp11_veneer  0x08005860        0x0 linker stubs

.v4_bx          0x08005860        0x0
 .v4_bx         0x08005860        0x0 linker stubs

.iplt           0x08005860        0x0
 .iplt          0x08005860        0x0 D:/STM32/STM32CubeIDE_1.19.0/STM32CubeIDE/plugins/com.st.stm32cube.ide.mcu.externaltools.gnu-tools-for-stm32.13.3.rel1.win32_1.0.0.202411081344/tools/bin/../lib/gcc/arm-none-eabi/13.3.1/thumb/v7-m/nofp/crtbegin.o

.rodata         0x08005860      0x9ac
                0x08005860                        . = ALIGN (0x4)
 *(.rodata)
 .rodata        0x08005860        0xa ./Core/Src/OLED.o
 *(.rodata*)
 *fill*         0x0800586a        0x2 
 .rodata.CRC08_Table
                0x0800586c      0x100 ./Core/Src/CRCs.o
                0x0800586c                CRC08_Table
 .rodata.OLED_F8x16
                0x0800596c      0x800 ./Core/Src/OLED_Font.o
                0x0800596c                OLED_F8x16
 .rodata.AHBPrescTable
                0x0800616c       0x10 ./Core/Src/system_stm32f1xx.o
                0x0800616c                AHBPrescTable
 .rodata.APBPrescTable
                0x0800617c        0x8 ./Core/Src/system_stm32f1xx.o
                0x0800617c                APBPrescTable
 .rodata.aPLLMULFactorTable.1
                0x08006184       0x10 ./Drivers/STM32F1xx_HAL_Driver/Src/stm32f1xx_hal_rcc.o
 .rodata.aPredivFactorTable.0
                0x08006194        0x2 ./Drivers/STM32F1xx_HAL_Driver/Src/stm32f1xx_hal_rcc.o
 .rodata._svfprintf_r.str1.1
                0x08006196       0x33 D:/STM32/STM32CubeIDE_1.19.0/STM32CubeIDE/plugins/com.st.stm32cube.ide.mcu.externaltools.gnu-tools-for-stm32.13.3.rel1.win32_1.0.0.202411081344/tools/bin/../lib/gcc/arm-none-eabi/13.3.1/../../../../arm-none-eabi/lib/thumb/v7-m/nofp\libc_nano.a(libc_a-nano-svfprintf.o)
                                 0x11 (size before relaxing)
 .rodata._printf_i.str1.1
                0x080061c9       0x22 D:/STM32/STM32CubeIDE_1.19.0/STM32CubeIDE/plugins/com.st.stm32cube.ide.mcu.externaltools.gnu-tools-for-stm32.13.3.rel1.win32_1.0.0.202411081344/tools/bin/../lib/gcc/arm-none-eabi/13.3.1/../../../../arm-none-eabi/lib/thumb/v7-m/nofp\libc_nano.a(libc_a-nano-vfprintf_i.o)
 *fill*         0x080061c9        0x3 
 .rodata.tiny   0x080061cc        0x4 D:/STM32/STM32CubeIDE_1.19.0/STM32CubeIDE/plugins/com.st.stm32cube.ide.mcu.externaltools.gnu-tools-for-stm32.13.3.rel1.win32_1.0.0.202411081344/tools/bin/../lib/gcc/arm-none-eabi/13.3.1/../../../../arm-none-eabi/lib/thumb/v7-m/nofp\libm.a(libm_a-ef_sqrt.o)
 .rodata.one    0x080061d0        0x4 D:/STM32/STM32CubeIDE_1.19.0/STM32CubeIDE/plugins/com.st.stm32cube.ide.mcu.externaltools.gnu-tools-for-stm32.13.3.rel1.win32_1.0.0.202411081344/tools/bin/../lib/gcc/arm-none-eabi/13.3.1/../../../../arm-none-eabi/lib/thumb/v7-m/nofp\libm.a(libm_a-ef_sqrt.o)
 .rodata.CSWTCH.9
                0x080061d4        0xc D:/STM32/STM32CubeIDE_1.19.0/STM32CubeIDE/plugins/com.st.stm32cube.ide.mcu.externaltools.gnu-tools-for-stm32.13.3.rel1.win32_1.0.0.202411081344/tools/bin/../lib/gcc/arm-none-eabi/13.3.1/../../../../arm-none-eabi/lib/thumb/v7-m/nofp\libm.a(libm_a-ef_atan2.o)
 .rodata.CSWTCH.8
                0x080061e0        0xc D:/STM32/STM32CubeIDE_1.19.0/STM32CubeIDE/plugins/com.st.stm32cube.ide.mcu.externaltools.gnu-tools-for-stm32.13.3.rel1.win32_1.0.0.202411081344/tools/bin/../lib/gcc/arm-none-eabi/13.3.1/../../../../arm-none-eabi/lib/thumb/v7-m/nofp\libm.a(libm_a-ef_atan2.o)
 .rodata.atanlo
                0x080061ec       0x10 D:/STM32/STM32CubeIDE_1.19.0/STM32CubeIDE/plugins/com.st.stm32cube.ide.mcu.externaltools.gnu-tools-for-stm32.13.3.rel1.win32_1.0.0.202411081344/tools/bin/../lib/gcc/arm-none-eabi/13.3.1/../../../../arm-none-eabi/lib/thumb/v7-m/nofp\libm.a(libm_a-sf_atan.o)
 .rodata.atanhi
                0x080061fc       0x10 D:/STM32/STM32CubeIDE_1.19.0/STM32CubeIDE/plugins/com.st.stm32cube.ide.mcu.externaltools.gnu-tools-for-stm32.13.3.rel1.win32_1.0.0.202411081344/tools/bin/../lib/gcc/arm-none-eabi/13.3.1/../../../../arm-none-eabi/lib/thumb/v7-m/nofp\libm.a(libm_a-sf_atan.o)
                0x0800620c                        . = ALIGN (0x4)

.ARM.extab      0x0800620c        0x0
                0x0800620c                        . = ALIGN (0x4)
 *(.ARM.extab* .gnu.linkonce.armextab.*)
                0x0800620c                        . = ALIGN (0x4)

.ARM            0x0800620c        0x0
                0x0800620c                        . = ALIGN (0x4)
                0x0800620c                        __exidx_start = .
 *(.ARM.exidx*)
                0x0800620c                        __exidx_end = .
                0x0800620c                        . = ALIGN (0x4)

.preinit_array  0x0800620c        0x0
                0x0800620c                        . = ALIGN (0x4)
                0x0800620c                        PROVIDE (__preinit_array_start = .)
 *(.preinit_array*)
                0x0800620c                        PROVIDE (__preinit_array_end = .)
                0x0800620c                        . = ALIGN (0x4)

.init_array     0x0800620c        0x4
                0x0800620c                        . = ALIGN (0x4)
                0x0800620c                        PROVIDE (__init_array_start = .)
 *(SORT_BY_NAME(.init_array.*))
 *(.init_array*)
 .init_array    0x0800620c        0x4 D:/STM32/STM32CubeIDE_1.19.0/STM32CubeIDE/plugins/com.st.stm32cube.ide.mcu.externaltools.gnu-tools-for-stm32.13.3.rel1.win32_1.0.0.202411081344/tools/bin/../lib/gcc/arm-none-eabi/13.3.1/thumb/v7-m/nofp/crtbegin.o
                0x08006210                        PROVIDE (__init_array_end = .)
                0x08006210                        . = ALIGN (0x4)

.fini_array     0x08006210        0x4
                0x08006210                        . = ALIGN (0x4)
                [!provide]                        PROVIDE (__fini_array_start = .)
 *(SORT_BY_NAME(.fini_array.*))
 *(.fini_array*)
 .fini_array    0x08006210        0x4 D:/STM32/STM32CubeIDE_1.19.0/STM32CubeIDE/plugins/com.st.stm32cube.ide.mcu.externaltools.gnu-tools-for-stm32.13.3.rel1.win32_1.0.0.202411081344/tools/bin/../lib/gcc/arm-none-eabi/13.3.1/thumb/v7-m/nofp/crtbegin.o
                [!provide]                        PROVIDE (__fini_array_end = .)
                0x08006214                        . = ALIGN (0x4)
                0x08006214                        _sidata = LOADADDR (.data)

.rel.dyn        0x08006214        0x0
 .rel.iplt      0x08006214        0x0 D:/STM32/STM32CubeIDE_1.19.0/STM32CubeIDE/plugins/com.st.stm32cube.ide.mcu.externaltools.gnu-tools-for-stm32.13.3.rel1.win32_1.0.0.202411081344/tools/bin/../lib/gcc/arm-none-eabi/13.3.1/thumb/v7-m/nofp/crtbegin.o

.data           0x20000000       0x5c load address 0x08006214
                0x20000000                        . = ALIGN (0x4)
                0x20000000                        _sdata = .
 *(.data)
 *(.data*)
 .data.SystemCoreClock
                0x20000000        0x4 ./Core/Src/system_stm32f1xx.o
                0x20000000                SystemCoreClock
 .data.uwTickPrio
                0x20000004        0x4 ./Drivers/STM32F1xx_HAL_Driver/Src/stm32f1xx_hal.o
                0x20000004                uwTickPrio
 .data.uwTickFreq
                0x20000008        0x1 ./Drivers/STM32F1xx_HAL_Driver/Src/stm32f1xx_hal.o
                0x20000008                uwTickFreq
 *fill*         0x20000009        0x3 
 .data._impure_ptr
                0x2000000c        0x4 D:/STM32/STM32CubeIDE_1.19.0/STM32CubeIDE/plugins/com.st.stm32cube.ide.mcu.externaltools.gnu-tools-for-stm32.13.3.rel1.win32_1.0.0.202411081344/tools/bin/../lib/gcc/arm-none-eabi/13.3.1/../../../../arm-none-eabi/lib/thumb/v7-m/nofp\libc_nano.a(libc_a-impure.o)
                0x2000000c                _impure_ptr
 .data._impure_data
                0x20000010       0x4c D:/STM32/STM32CubeIDE_1.19.0/STM32CubeIDE/plugins/com.st.stm32cube.ide.mcu.externaltools.gnu-tools-for-stm32.13.3.rel1.win32_1.0.0.202411081344/tools/bin/../lib/gcc/arm-none-eabi/13.3.1/../../../../arm-none-eabi/lib/thumb/v7-m/nofp\libc_nano.a(libc_a-impure.o)
                0x20000010                _impure_data
 *(.RamFunc)
 *(.RamFunc*)
                0x2000005c                        . = ALIGN (0x4)
                0x2000005c                        _edata = .

.igot.plt       0x2000005c        0x0 load address 0x08006270
 .igot.plt      0x2000005c        0x0 D:/STM32/STM32CubeIDE_1.19.0/STM32CubeIDE/plugins/com.st.stm32cube.ide.mcu.externaltools.gnu-tools-for-stm32.13.3.rel1.win32_1.0.0.202411081344/tools/bin/../lib/gcc/arm-none-eabi/13.3.1/thumb/v7-m/nofp/crtbegin.o
                0x2000005c                        . = ALIGN (0x4)

.bss            0x2000005c      0x350 load address 0x08006270
                0x2000005c                        _sbss = .
                0x2000005c                        __bss_start__ = _sbss
 *(.bss)
 .bss           0x2000005c       0x1c D:/STM32/STM32CubeIDE_1.19.0/STM32CubeIDE/plugins/com.st.stm32cube.ide.mcu.externaltools.gnu-tools-for-stm32.13.3.rel1.win32_1.0.0.202411081344/tools/bin/../lib/gcc/arm-none-eabi/13.3.1/thumb/v7-m/nofp/crtbegin.o
 *(.bss*)
 .bss.receiveBuffer
                0x20000078       0x32 ./Core/Src/UARTComms.o
                0x20000078                receiveBuffer
 .bss.receivedCMD
                0x200000aa        0x1 ./Core/Src/UARTComms.o
                0x200000aa                receivedCMD
 *fill*         0x200000ab        0x1 
 .bss.receivedData
                0x200000ac       0x30 ./Core/Src/UARTComms.o
                0x200000ac                receivedData
 .bss.hcrc      0x200000dc        0x8 ./Core/Src/crc.o
                0x200000dc                hcrc
 .bss.hi2c1     0x200000e4       0x54 ./Core/Src/i2c.o
                0x200000e4                hi2c1
 .bss.hi2c2     0x20000138       0x54 ./Core/Src/i2c.o
                0x20000138                hi2c2
 .bss.__sbrk_heap_end
                0x2000018c        0x4 ./Core/Src/sysmem.o
 .bss.huart2    0x20000190       0x48 ./Core/Src/usart.o
                0x20000190                huart2
 .bss.hdma_usart2_rx
                0x200001d8       0x44 ./Core/Src/usart.o
                0x200001d8                hdma_usart2_rx
 .bss.hdma_usart2_tx
                0x2000021c       0x44 ./Core/Src/usart.o
                0x2000021c                hdma_usart2_tx
 .bss.uwTick    0x20000260        0x4 ./Drivers/STM32F1xx_HAL_Driver/Src/stm32f1xx_hal.o
                0x20000260                uwTick
 .bss.__sf      0x20000264      0x138 D:/STM32/STM32CubeIDE_1.19.0/STM32CubeIDE/plugins/com.st.stm32cube.ide.mcu.externaltools.gnu-tools-for-stm32.13.3.rel1.win32_1.0.0.202411081344/tools/bin/../lib/gcc/arm-none-eabi/13.3.1/../../../../arm-none-eabi/lib/thumb/v7-m/nofp\libc_nano.a(libc_a-findfp.o)
                0x20000264                __sf
 .bss.errno     0x2000039c        0x4 D:/STM32/STM32CubeIDE_1.19.0/STM32CubeIDE/plugins/com.st.stm32cube.ide.mcu.externaltools.gnu-tools-for-stm32.13.3.rel1.win32_1.0.0.202411081344/tools/bin/../lib/gcc/arm-none-eabi/13.3.1/../../../../arm-none-eabi/lib/thumb/v7-m/nofp\libc_nano.a(libc_a-reent.o)
                0x2000039c                errno
 .bss.__lock___malloc_recursive_mutex
                0x200003a0        0x1 D:/STM32/STM32CubeIDE_1.19.0/STM32CubeIDE/plugins/com.st.stm32cube.ide.mcu.externaltools.gnu-tools-for-stm32.13.3.rel1.win32_1.0.0.202411081344/tools/bin/../lib/gcc/arm-none-eabi/13.3.1/../../../../arm-none-eabi/lib/thumb/v7-m/nofp\libc_nano.a(libc_a-lock.o)
                0x200003a0                __lock___malloc_recursive_mutex
 *fill*         0x200003a1        0x3 
 .bss.__malloc_sbrk_start
                0x200003a4        0x4 D:/STM32/STM32CubeIDE_1.19.0/STM32CubeIDE/plugins/com.st.stm32cube.ide.mcu.externaltools.gnu-tools-for-stm32.13.3.rel1.win32_1.0.0.202411081344/tools/bin/../lib/gcc/arm-none-eabi/13.3.1/../../../../arm-none-eabi/lib/thumb/v7-m/nofp\libc_nano.a(libc_a-mallocr.o)
                0x200003a4                __malloc_sbrk_start
 .bss.__malloc_free_list
                0x200003a8        0x4 D:/STM32/STM32CubeIDE_1.19.0/STM32CubeIDE/plugins/com.st.stm32cube.ide.mcu.externaltools.gnu-tools-for-stm32.13.3.rel1.win32_1.0.0.202411081344/tools/bin/../lib/gcc/arm-none-eabi/13.3.1/../../../../arm-none-eabi/lib/thumb/v7-m/nofp\libc_nano.a(libc_a-mallocr.o)
                0x200003a8                __malloc_free_list
 *(COMMON)
                0x200003ac                        . = ALIGN (0x4)
                0x200003ac                        _ebss = .
                0x200003ac                        __bss_end__ = _ebss

._user_heap_stack
                0x200003ac      0x604 load address 0x08006270
                0x200003b0                        . = ALIGN (0x8)
 *fill*         0x200003ac        0x4 
                [!provide]                        PROVIDE (end = .)
                0x200003b0                        PROVIDE (_end = .)
                0x200005b0                        . = (. + _Min_Heap_Size)
 *fill*         0x200003b0      0x200 
                0x200009b0                        . = (. + _Min_Stack_Size)
 *fill*         0x200005b0      0x400 
                0x200009b0                        . = ALIGN (0x8)

/DISCARD/
 libc.a(*)
 libm.a(*)
 libgcc.a(*)

.ARM.attributes
                0x00000000       0x29
 *(.ARM.attributes)
 .ARM.attributes
                0x00000000       0x1d D:/STM32/STM32CubeIDE_1.19.0/STM32CubeIDE/plugins/com.st.stm32cube.ide.mcu.externaltools.gnu-tools-for-stm32.13.3.rel1.win32_1.0.0.202411081344/tools/bin/../lib/gcc/arm-none-eabi/13.3.1/thumb/v7-m/nofp/crti.o
 .ARM.attributes
                0x0000001d       0x2d D:/STM32/STM32CubeIDE_1.19.0/STM32CubeIDE/plugins/com.st.stm32cube.ide.mcu.externaltools.gnu-tools-for-stm32.13.3.rel1.win32_1.0.0.202411081344/tools/bin/../lib/gcc/arm-none-eabi/13.3.1/thumb/v7-m/nofp/crtbegin.o
 .ARM.attributes
                0x0000004a       0x2d ./Core/Src/CRCs.o
 .ARM.attributes
                0x00000077       0x2d ./Core/Src/MPU6050.o
 .ARM.attributes
                0x000000a4       0x2d ./Core/Src/OLED.o
 .ARM.attributes
                0x000000d1       0x2d ./Core/Src/OLED_Font.o
 .ARM.attributes
                0x000000fe       0x2d ./Core/Src/UARTComms.o
 .ARM.attributes
                0x0000012b       0x2d ./Core/Src/crc.o
 .ARM.attributes
                0x00000158       0x2d ./Core/Src/dma.o
 .ARM.attributes
                0x00000185       0x2d ./Core/Src/gpio.o
 .ARM.attributes
                0x000001b2       0x2d ./Core/Src/i2c.o
 .ARM.attributes
                0x000001df       0x2d ./Core/Src/main.o
 .ARM.attributes
                0x0000020c       0x2d ./Core/Src/stm32f1xx_hal_msp.o
 .ARM.attributes
                0x00000239       0x2d ./Core/Src/stm32f1xx_it.o
 .ARM.attributes
                0x00000266       0x2d ./Core/Src/sysmem.o
 .ARM.attributes
                0x00000293       0x2d ./Core/Src/system_stm32f1xx.o
 .ARM.attributes
                0x000002c0       0x2d ./Core/Src/usart.o
 .ARM.attributes
                0x000002ed       0x21 ./Core/Startup/startup_stm32f103c8tx.o
 .ARM.attributes
                0x0000030e       0x2d ./Drivers/STM32F1xx_HAL_Driver/Src/stm32f1xx_hal.o
 .ARM.attributes
                0x0000033b       0x2d ./Drivers/STM32F1xx_HAL_Driver/Src/stm32f1xx_hal_cortex.o
 .ARM.attributes
                0x00000368       0x2d ./Drivers/STM32F1xx_HAL_Driver/Src/stm32f1xx_hal_crc.o
 .ARM.attributes
                0x00000395       0x2d ./Drivers/STM32F1xx_HAL_Driver/Src/stm32f1xx_hal_dma.o
 .ARM.attributes
                0x000003c2       0x2d ./Drivers/STM32F1xx_HAL_Driver/Src/stm32f1xx_hal_gpio.o
 .ARM.attributes
                0x000003ef       0x2d ./Drivers/STM32F1xx_HAL_Driver/Src/stm32f1xx_hal_i2c.o
 .ARM.attributes
                0x0000041c       0x2d ./Drivers/STM32F1xx_HAL_Driver/Src/stm32f1xx_hal_rcc.o
 .ARM.attributes
                0x00000449       0x2d ./Drivers/STM32F1xx_HAL_Driver/Src/stm32f1xx_hal_uart.o
 .ARM.attributes
                0x00000476       0x2d D:/STM32/STM32CubeIDE_1.19.0/STM32CubeIDE/plugins/com.st.stm32cube.ide.mcu.externaltools.gnu-tools-for-stm32.13.3.rel1.win32_1.0.0.202411081344/tools/bin/../lib/gcc/arm-none-eabi/13.3.1/../../../../arm-none-eabi/lib/thumb/v7-m/nofp\libc_nano.a(libc_a-findfp.o)
 .ARM.attributes
                0x000004a3       0x2d D:/STM32/STM32CubeIDE_1.19.0/STM32CubeIDE/plugins/com.st.stm32cube.ide.mcu.externaltools.gnu-tools-for-stm32.13.3.rel1.win32_1.0.0.202411081344/tools/bin/../lib/gcc/arm-none-eabi/13.3.1/../../../../arm-none-eabi/lib/thumb/v7-m/nofp\libc_nano.a(libc_a-sprintf.o)
 .ARM.attributes
                0x000004d0       0x2d D:/STM32/STM32CubeIDE_1.19.0/STM32CubeIDE/plugins/com.st.stm32cube.ide.mcu.externaltools.gnu-tools-for-stm32.13.3.rel1.win32_1.0.0.202411081344/tools/bin/../lib/gcc/arm-none-eabi/13.3.1/../../../../arm-none-eabi/lib/thumb/v7-m/nofp\libc_nano.a(libc_a-memmove.o)
 .ARM.attributes
                0x000004fd       0x2d D:/STM32/STM32CubeIDE_1.19.0/STM32CubeIDE/plugins/com.st.stm32cube.ide.mcu.externaltools.gnu-tools-for-stm32.13.3.rel1.win32_1.0.0.202411081344/tools/bin/../lib/gcc/arm-none-eabi/13.3.1/../../../../arm-none-eabi/lib/thumb/v7-m/nofp\libc_nano.a(libc_a-memset.o)
 .ARM.attributes
                0x0000052a       0x2d D:/STM32/STM32CubeIDE_1.19.0/STM32CubeIDE/plugins/com.st.stm32cube.ide.mcu.externaltools.gnu-tools-for-stm32.13.3.rel1.win32_1.0.0.202411081344/tools/bin/../lib/gcc/arm-none-eabi/13.3.1/../../../../arm-none-eabi/lib/thumb/v7-m/nofp\libc_nano.a(libc_a-reent.o)
 .ARM.attributes
                0x00000557       0x2d D:/STM32/STM32CubeIDE_1.19.0/STM32CubeIDE/plugins/com.st.stm32cube.ide.mcu.externaltools.gnu-tools-for-stm32.13.3.rel1.win32_1.0.0.202411081344/tools/bin/../lib/gcc/arm-none-eabi/13.3.1/../../../../arm-none-eabi/lib/thumb/v7-m/nofp\libc_nano.a(libc_a-impure.o)
 .ARM.attributes
                0x00000584       0x2d D:/STM32/STM32CubeIDE_1.19.0/STM32CubeIDE/plugins/com.st.stm32cube.ide.mcu.externaltools.gnu-tools-for-stm32.13.3.rel1.win32_1.0.0.202411081344/tools/bin/../lib/gcc/arm-none-eabi/13.3.1/../../../../arm-none-eabi/lib/thumb/v7-m/nofp\libc_nano.a(libc_a-errno.o)
 .ARM.attributes
                0x000005b1       0x2d D:/STM32/STM32CubeIDE_1.19.0/STM32CubeIDE/plugins/com.st.stm32cube.ide.mcu.externaltools.gnu-tools-for-stm32.13.3.rel1.win32_1.0.0.202411081344/tools/bin/../lib/gcc/arm-none-eabi/13.3.1/../../../../arm-none-eabi/lib/thumb/v7-m/nofp\libc_nano.a(libc_a-init.o)
 .ARM.attributes
                0x000005de       0x2d D:/STM32/STM32CubeIDE_1.19.0/STM32CubeIDE/plugins/com.st.stm32cube.ide.mcu.externaltools.gnu-tools-for-stm32.13.3.rel1.win32_1.0.0.202411081344/tools/bin/../lib/gcc/arm-none-eabi/13.3.1/../../../../arm-none-eabi/lib/thumb/v7-m/nofp\libc_nano.a(libc_a-lock.o)
 .ARM.attributes
                0x0000060b       0x2d D:/STM32/STM32CubeIDE_1.19.0/STM32CubeIDE/plugins/com.st.stm32cube.ide.mcu.externaltools.gnu-tools-for-stm32.13.3.rel1.win32_1.0.0.202411081344/tools/bin/../lib/gcc/arm-none-eabi/13.3.1/../../../../arm-none-eabi/lib/thumb/v7-m/nofp\libc_nano.a(libc_a-memcpy-stub.o)
 .ARM.attributes
                0x00000638       0x2d D:/STM32/STM32CubeIDE_1.19.0/STM32CubeIDE/plugins/com.st.stm32cube.ide.mcu.externaltools.gnu-tools-for-stm32.13.3.rel1.win32_1.0.0.202411081344/tools/bin/../lib/gcc/arm-none-eabi/13.3.1/../../../../arm-none-eabi/lib/thumb/v7-m/nofp\libc_nano.a(libc_a-freer.o)
 .ARM.attributes
                0x00000665       0x2d D:/STM32/STM32CubeIDE_1.19.0/STM32CubeIDE/plugins/com.st.stm32cube.ide.mcu.externaltools.gnu-tools-for-stm32.13.3.rel1.win32_1.0.0.202411081344/tools/bin/../lib/gcc/arm-none-eabi/13.3.1/../../../../arm-none-eabi/lib/thumb/v7-m/nofp\libc_nano.a(libc_a-mallocr.o)
 .ARM.attributes
                0x00000692       0x2d D:/STM32/STM32CubeIDE_1.19.0/STM32CubeIDE/plugins/com.st.stm32cube.ide.mcu.externaltools.gnu-tools-for-stm32.13.3.rel1.win32_1.0.0.202411081344/tools/bin/../lib/gcc/arm-none-eabi/13.3.1/../../../../arm-none-eabi/lib/thumb/v7-m/nofp\libc_nano.a(libc_a-mlock.o)
 .ARM.attributes
                0x000006bf       0x2d D:/STM32/STM32CubeIDE_1.19.0/STM32CubeIDE/plugins/com.st.stm32cube.ide.mcu.externaltools.gnu-tools-for-stm32.13.3.rel1.win32_1.0.0.202411081344/tools/bin/../lib/gcc/arm-none-eabi/13.3.1/../../../../arm-none-eabi/lib/thumb/v7-m/nofp\libc_nano.a(libc_a-nano-svfprintf.o)
 .ARM.attributes
                0x000006ec       0x2d D:/STM32/STM32CubeIDE_1.19.0/STM32CubeIDE/plugins/com.st.stm32cube.ide.mcu.externaltools.gnu-tools-for-stm32.13.3.rel1.win32_1.0.0.202411081344/tools/bin/../lib/gcc/arm-none-eabi/13.3.1/../../../../arm-none-eabi/lib/thumb/v7-m/nofp\libc_nano.a(libc_a-nano-vfprintf_i.o)
 .ARM.attributes
                0x00000719       0x2d D:/STM32/STM32CubeIDE_1.19.0/STM32CubeIDE/plugins/com.st.stm32cube.ide.mcu.externaltools.gnu-tools-for-stm32.13.3.rel1.win32_1.0.0.202411081344/tools/bin/../lib/gcc/arm-none-eabi/13.3.1/../../../../arm-none-eabi/lib/thumb/v7-m/nofp\libc_nano.a(libc_a-sbrkr.o)
 .ARM.attributes
                0x00000746       0x2d D:/STM32/STM32CubeIDE_1.19.0/STM32CubeIDE/plugins/com.st.stm32cube.ide.mcu.externaltools.gnu-tools-for-stm32.13.3.rel1.win32_1.0.0.202411081344/tools/bin/../lib/gcc/arm-none-eabi/13.3.1/../../../../arm-none-eabi/lib/thumb/v7-m/nofp\libc_nano.a(libc_a-memchr-stub.o)
 .ARM.attributes
                0x00000773       0x2d D:/STM32/STM32CubeIDE_1.19.0/STM32CubeIDE/plugins/com.st.stm32cube.ide.mcu.externaltools.gnu-tools-for-stm32.13.3.rel1.win32_1.0.0.202411081344/tools/bin/../lib/gcc/arm-none-eabi/13.3.1/../../../../arm-none-eabi/lib/thumb/v7-m/nofp\libc_nano.a(libc_a-reallocr.o)
 .ARM.attributes
                0x000007a0       0x2d D:/STM32/STM32CubeIDE_1.19.0/STM32CubeIDE/plugins/com.st.stm32cube.ide.mcu.externaltools.gnu-tools-for-stm32.13.3.rel1.win32_1.0.0.202411081344/tools/bin/../lib/gcc/arm-none-eabi/13.3.1/../../../../arm-none-eabi/lib/thumb/v7-m/nofp\libc_nano.a(libc_a-msizer.o)
 .ARM.attributes
                0x000007cd       0x2d D:/STM32/STM32CubeIDE_1.19.0/STM32CubeIDE/plugins/com.st.stm32cube.ide.mcu.externaltools.gnu-tools-for-stm32.13.3.rel1.win32_1.0.0.202411081344/tools/bin/../lib/gcc/arm-none-eabi/13.3.1/../../../../arm-none-eabi/lib/thumb/v7-m/nofp\libm.a(libm_a-wf_atan2.o)
 .ARM.attributes
                0x000007fa       0x2d D:/STM32/STM32CubeIDE_1.19.0/STM32CubeIDE/plugins/com.st.stm32cube.ide.mcu.externaltools.gnu-tools-for-stm32.13.3.rel1.win32_1.0.0.202411081344/tools/bin/../lib/gcc/arm-none-eabi/13.3.1/../../../../arm-none-eabi/lib/thumb/v7-m/nofp\libm.a(libm_a-wf_sqrt.o)
 .ARM.attributes
                0x00000827       0x2d D:/STM32/STM32CubeIDE_1.19.0/STM32CubeIDE/plugins/com.st.stm32cube.ide.mcu.externaltools.gnu-tools-for-stm32.13.3.rel1.win32_1.0.0.202411081344/tools/bin/../lib/gcc/arm-none-eabi/13.3.1/../../../../arm-none-eabi/lib/thumb/v7-m/nofp\libm.a(libm_a-ef_sqrt.o)
 .ARM.attributes
                0x00000854       0x2d D:/STM32/STM32CubeIDE_1.19.0/STM32CubeIDE/plugins/com.st.stm32cube.ide.mcu.externaltools.gnu-tools-for-stm32.13.3.rel1.win32_1.0.0.202411081344/tools/bin/../lib/gcc/arm-none-eabi/13.3.1/../../../../arm-none-eabi/lib/thumb/v7-m/nofp\libm.a(libm_a-ef_atan2.o)
 .ARM.attributes
                0x00000881       0x2d D:/STM32/STM32CubeIDE_1.19.0/STM32CubeIDE/plugins/com.st.stm32cube.ide.mcu.externaltools.gnu-tools-for-stm32.13.3.rel1.win32_1.0.0.202411081344/tools/bin/../lib/gcc/arm-none-eabi/13.3.1/../../../../arm-none-eabi/lib/thumb/v7-m/nofp\libm.a(libm_a-sf_atan.o)
 .ARM.attributes
                0x000008ae       0x2d D:/STM32/STM32CubeIDE_1.19.0/STM32CubeIDE/plugins/com.st.stm32cube.ide.mcu.externaltools.gnu-tools-for-stm32.13.3.rel1.win32_1.0.0.202411081344/tools/bin/../lib/gcc/arm-none-eabi/13.3.1/../../../../arm-none-eabi/lib/thumb/v7-m/nofp\libm.a(libm_a-sf_fabs.o)
 .ARM.attributes
                0x000008db       0x1d D:/STM32/STM32CubeIDE_1.19.0/STM32CubeIDE/plugins/com.st.stm32cube.ide.mcu.externaltools.gnu-tools-for-stm32.13.3.rel1.win32_1.0.0.202411081344/tools/bin/../lib/gcc/arm-none-eabi/13.3.1/thumb/v7-m/nofp\libgcc.a(_arm_addsubsf3.o)
 .ARM.attributes
                0x000008f8       0x1d D:/STM32/STM32CubeIDE_1.19.0/STM32CubeIDE/plugins/com.st.stm32cube.ide.mcu.externaltools.gnu-tools-for-stm32.13.3.rel1.win32_1.0.0.202411081344/tools/bin/../lib/gcc/arm-none-eabi/13.3.1/thumb/v7-m/nofp\libgcc.a(_arm_muldivsf3.o)
 .ARM.attributes
                0x00000915       0x1d D:/STM32/STM32CubeIDE_1.19.0/STM32CubeIDE/plugins/com.st.stm32cube.ide.mcu.externaltools.gnu-tools-for-stm32.13.3.rel1.win32_1.0.0.202411081344/tools/bin/../lib/gcc/arm-none-eabi/13.3.1/thumb/v7-m/nofp\libgcc.a(_arm_cmpsf2.o)
 .ARM.attributes
                0x00000932       0x1d D:/STM32/STM32CubeIDE_1.19.0/STM32CubeIDE/plugins/com.st.stm32cube.ide.mcu.externaltools.gnu-tools-for-stm32.13.3.rel1.win32_1.0.0.202411081344/tools/bin/../lib/gcc/arm-none-eabi/13.3.1/thumb/v7-m/nofp\libgcc.a(_arm_unordsf2.o)
 .ARM.attributes
                0x0000094f       0x1d D:/STM32/STM32CubeIDE_1.19.0/STM32CubeIDE/plugins/com.st.stm32cube.ide.mcu.externaltools.gnu-tools-for-stm32.13.3.rel1.win32_1.0.0.202411081344/tools/bin/../lib/gcc/arm-none-eabi/13.3.1/thumb/v7-m/nofp\libgcc.a(_arm_fixunssfsi.o)
 .ARM.attributes
                0x0000096c       0x1d D:/STM32/STM32CubeIDE_1.19.0/STM32CubeIDE/plugins/com.st.stm32cube.ide.mcu.externaltools.gnu-tools-for-stm32.13.3.rel1.win32_1.0.0.202411081344/tools/bin/../lib/gcc/arm-none-eabi/13.3.1/thumb/v7-m/nofp/crtn.o
OUTPUT(Custom-Controller-MPU6050.elf elf32-littlearm)
LOAD linker stubs
LOAD D:/STM32/STM32CubeIDE_1.19.0/STM32CubeIDE/plugins/com.st.stm32cube.ide.mcu.externaltools.gnu-tools-for-stm32.13.3.rel1.win32_1.0.0.202411081344/tools/bin/../lib/gcc/arm-none-eabi/13.3.1/../../../../arm-none-eabi/lib/thumb/v7-m/nofp\libc.a
LOAD D:/STM32/STM32CubeIDE_1.19.0/STM32CubeIDE/plugins/com.st.stm32cube.ide.mcu.externaltools.gnu-tools-for-stm32.13.3.rel1.win32_1.0.0.202411081344/tools/bin/../lib/gcc/arm-none-eabi/13.3.1/../../../../arm-none-eabi/lib/thumb/v7-m/nofp\libm.a
LOAD D:/STM32/STM32CubeIDE_1.19.0/STM32CubeIDE/plugins/com.st.stm32cube.ide.mcu.externaltools.gnu-tools-for-stm32.13.3.rel1.win32_1.0.0.202411081344/tools/bin/../lib/gcc/arm-none-eabi/13.3.1/thumb/v7-m/nofp\libgcc.a

.debug_info     0x00000000     0xc7ba
 .debug_info    0x00000000      0x503 ./Core/Src/CRCs.o
 .debug_info    0x00000503      0xae6 ./Core/Src/MPU6050.o
 .debug_info    0x00000fe9      0x8f0 ./Core/Src/OLED.o
 .debug_info    0x000018d9       0x63 ./Core/Src/OLED_Font.o
 .debug_info    0x0000193c      0x74d ./Core/Src/UARTComms.o
 .debug_info    0x00002089      0x31f ./Core/Src/crc.o
 .debug_info    0x000023a8      0x2cf ./Core/Src/dma.o
 .debug_info    0x00002677      0x169 ./Core/Src/gpio.o
 .debug_info    0x000027e0      0x83b ./Core/Src/i2c.o
 .debug_info    0x0000301b      0x4e1 ./Core/Src/main.o
 .debug_info    0x000034fc      0x1f1 ./Core/Src/stm32f1xx_hal_msp.o
 .debug_info    0x000036ed      0x631 ./Core/Src/stm32f1xx_it.o
 .debug_info    0x00003d1e      0x168 ./Core/Src/sysmem.o
 .debug_info    0x00003e86      0x222 ./Core/Src/system_stm32f1xx.o
 .debug_info    0x000040a8      0x975 ./Core/Src/usart.o
 .debug_info    0x00004a1d       0x30 ./Core/Startup/startup_stm32f103c8tx.o
 .debug_info    0x00004a4d      0x704 ./Drivers/STM32F1xx_HAL_Driver/Src/stm32f1xx_hal.o
 .debug_info    0x00005151      0xa87 ./Drivers/STM32F1xx_HAL_Driver/Src/stm32f1xx_hal_cortex.o
 .debug_info    0x00005bd8      0x37f ./Drivers/STM32F1xx_HAL_Driver/Src/stm32f1xx_hal_crc.o
 .debug_info    0x00005f57      0x6d2 ./Drivers/STM32F1xx_HAL_Driver/Src/stm32f1xx_hal_dma.o
 .debug_info    0x00006629      0x5ab ./Drivers/STM32F1xx_HAL_Driver/Src/stm32f1xx_hal_gpio.o
 .debug_info    0x00006bd4     0x2524 ./Drivers/STM32F1xx_HAL_Driver/Src/stm32f1xx_hal_i2c.o
 .debug_info    0x000090f8      0x7d5 ./Drivers/STM32F1xx_HAL_Driver/Src/stm32f1xx_hal_rcc.o
 .debug_info    0x000098cd     0x2eed ./Drivers/STM32F1xx_HAL_Driver/Src/stm32f1xx_hal_uart.o

.debug_abbrev   0x00000000     0x2869
 .debug_abbrev  0x00000000      0x1aa ./Core/Src/CRCs.o
 .debug_abbrev  0x000001aa      0x225 ./Core/Src/MPU6050.o
 .debug_abbrev  0x000003cf      0x222 ./Core/Src/OLED.o
 .debug_abbrev  0x000005f1       0x49 ./Core/Src/OLED_Font.o
 .debug_abbrev  0x0000063a      0x1f8 ./Core/Src/UARTComms.o
 .debug_abbrev  0x00000832      0x189 ./Core/Src/crc.o
 .debug_abbrev  0x000009bb       0xfc ./Core/Src/dma.o
 .debug_abbrev  0x00000ab7       0xc6 ./Core/Src/gpio.o
 .debug_abbrev  0x00000b7d      0x1e4 ./Core/Src/i2c.o
 .debug_abbrev  0x00000d61      0x1ae ./Core/Src/main.o
 .debug_abbrev  0x00000f0f       0xdb ./Core/Src/stm32f1xx_hal_msp.o
 .debug_abbrev  0x00000fea      0x178 ./Core/Src/stm32f1xx_it.o
 .debug_abbrev  0x00001162       0xbc ./Core/Src/sysmem.o
 .debug_abbrev  0x0000121e      0x13f ./Core/Src/system_stm32f1xx.o
 .debug_abbrev  0x0000135d      0x21b ./Core/Src/usart.o
 .debug_abbrev  0x00001578       0x24 ./Core/Startup/startup_stm32f103c8tx.o
 .debug_abbrev  0x0000159c      0x201 ./Drivers/STM32F1xx_HAL_Driver/Src/stm32f1xx_hal.o
 .debug_abbrev  0x0000179d      0x2f8 ./Drivers/STM32F1xx_HAL_Driver/Src/stm32f1xx_hal_cortex.o
 .debug_abbrev  0x00001a95      0x1b1 ./Drivers/STM32F1xx_HAL_Driver/Src/stm32f1xx_hal_crc.o
 .debug_abbrev  0x00001c46      0x20b ./Drivers/STM32F1xx_HAL_Driver/Src/stm32f1xx_hal_dma.o
 .debug_abbrev  0x00001e51      0x1ca ./Drivers/STM32F1xx_HAL_Driver/Src/stm32f1xx_hal_gpio.o
 .debug_abbrev  0x0000201b      0x2a3 ./Drivers/STM32F1xx_HAL_Driver/Src/stm32f1xx_hal_i2c.o
 .debug_abbrev  0x000022be      0x2b3 ./Drivers/STM32F1xx_HAL_Driver/Src/stm32f1xx_hal_rcc.o
 .debug_abbrev  0x00002571      0x2f8 ./Drivers/STM32F1xx_HAL_Driver/Src/stm32f1xx_hal_uart.o

.debug_aranges  0x00000000      0xbe8
 .debug_aranges
                0x00000000       0x70 ./Core/Src/CRCs.o
 .debug_aranges
                0x00000070       0x68 ./Core/Src/MPU6050.o
 .debug_aranges
                0x000000d8       0x68 ./Core/Src/OLED.o
 .debug_aranges
                0x00000140       0x18 ./Core/Src/OLED_Font.o
 .debug_aranges
                0x00000158       0x38 ./Core/Src/UARTComms.o
 .debug_aranges
                0x00000190       0x30 ./Core/Src/crc.o
 .debug_aranges
                0x000001c0       0x20 ./Core/Src/dma.o
 .debug_aranges
                0x000001e0       0x20 ./Core/Src/gpio.o
 .debug_aranges
                0x00000200       0x38 ./Core/Src/i2c.o
 .debug_aranges
                0x00000238       0x30 ./Core/Src/main.o
 .debug_aranges
                0x00000268       0x20 ./Core/Src/stm32f1xx_hal_msp.o
 .debug_aranges
                0x00000288       0x78 ./Core/Src/stm32f1xx_it.o
 .debug_aranges
                0x00000300       0x20 ./Core/Src/sysmem.o
 .debug_aranges
                0x00000320       0x28 ./Core/Src/system_stm32f1xx.o
 .debug_aranges
                0x00000348       0x30 ./Core/Src/usart.o
 .debug_aranges
                0x00000378       0x28 ./Core/Startup/startup_stm32f103c8tx.o
 .debug_aranges
                0x000003a0       0xe0 ./Drivers/STM32F1xx_HAL_Driver/Src/stm32f1xx_hal.o
 .debug_aranges
                0x00000480      0x100 ./Drivers/STM32F1xx_HAL_Driver/Src/stm32f1xx_hal_cortex.o
 .debug_aranges
                0x00000580       0x50 ./Drivers/STM32F1xx_HAL_Driver/Src/stm32f1xx_hal_crc.o
 .debug_aranges
                0x000005d0       0x80 ./Drivers/STM32F1xx_HAL_Driver/Src/stm32f1xx_hal_dma.o
 .debug_aranges
                0x00000650       0x58 ./Drivers/STM32F1xx_HAL_Driver/Src/stm32f1xx_hal_gpio.o
 .debug_aranges
                0x000006a8      0x2a8 ./Drivers/STM32F1xx_HAL_Driver/Src/stm32f1xx_hal_i2c.o
 .debug_aranges
                0x00000950       0x90 ./Drivers/STM32F1xx_HAL_Driver/Src/stm32f1xx_hal_rcc.o
 .debug_aranges
                0x000009e0      0x208 ./Drivers/STM32F1xx_HAL_Driver/Src/stm32f1xx_hal_uart.o

.debug_rnglists
                0x00000000      0x902
 .debug_rnglists
                0x00000000       0x4f ./Core/Src/CRCs.o
 .debug_rnglists
                0x0000004f       0x4d ./Core/Src/MPU6050.o
 .debug_rnglists
                0x0000009c       0x4c ./Core/Src/OLED.o
 .debug_rnglists
                0x000000e8       0x25 ./Core/Src/UARTComms.o
 .debug_rnglists
                0x0000010d       0x1f ./Core/Src/crc.o
 .debug_rnglists
                0x0000012c       0x13 ./Core/Src/dma.o
 .debug_rnglists
                0x0000013f       0x13 ./Core/Src/gpio.o
 .debug_rnglists
                0x00000152       0x26 ./Core/Src/i2c.o
 .debug_rnglists
                0x00000178       0x20 ./Core/Src/main.o
 .debug_rnglists
                0x00000198       0x13 ./Core/Src/stm32f1xx_hal_msp.o
 .debug_rnglists
                0x000001ab       0x55 ./Core/Src/stm32f1xx_it.o
 .debug_rnglists
                0x00000200       0x13 ./Core/Src/sysmem.o
 .debug_rnglists
                0x00000213       0x1a ./Core/Src/system_stm32f1xx.o
 .debug_rnglists
                0x0000022d       0x20 ./Core/Src/usart.o
 .debug_rnglists
                0x0000024d       0x19 ./Core/Startup/startup_stm32f103c8tx.o
 .debug_rnglists
                0x00000266       0xa3 ./Drivers/STM32F1xx_HAL_Driver/Src/stm32f1xx_hal.o
 .debug_rnglists
                0x00000309       0xbb ./Drivers/STM32F1xx_HAL_Driver/Src/stm32f1xx_hal_cortex.o
 .debug_rnglists
                0x000003c4       0x37 ./Drivers/STM32F1xx_HAL_Driver/Src/stm32f1xx_hal_crc.o
 .debug_rnglists
                0x000003fb       0x64 ./Drivers/STM32F1xx_HAL_Driver/Src/stm32f1xx_hal_dma.o
 .debug_rnglists
                0x0000045f       0x3f ./Drivers/STM32F1xx_HAL_Driver/Src/stm32f1xx_hal_gpio.o
 .debug_rnglists
                0x0000049e      0x23c ./Drivers/STM32F1xx_HAL_Driver/Src/stm32f1xx_hal_i2c.o
 .debug_rnglists
                0x000006da       0x6c ./Drivers/STM32F1xx_HAL_Driver/Src/stm32f1xx_hal_rcc.o
 .debug_rnglists
                0x00000746      0x1bc ./Drivers/STM32F1xx_HAL_Driver/Src/stm32f1xx_hal_uart.o

.debug_macro    0x00000000    0x188c5
 .debug_macro   0x00000000      0x1d0 ./Core/Src/CRCs.o
 .debug_macro   0x000001d0      0xacc ./Core/Src/CRCs.o
 .debug_macro   0x00000c9c      0x227 ./Core/Src/CRCs.o
 .debug_macro   0x00000ec3       0x2e ./Core/Src/CRCs.o
 .debug_macro   0x00000ef1       0x22 ./Core/Src/CRCs.o
 .debug_macro   0x00000f13       0x22 ./Core/Src/CRCs.o
 .debug_macro   0x00000f35       0x8e ./Core/Src/CRCs.o
 .debug_macro   0x00000fc3       0x51 ./Core/Src/CRCs.o
 .debug_macro   0x00001014      0x103 ./Core/Src/CRCs.o
 .debug_macro   0x00001117       0x6a ./Core/Src/CRCs.o
 .debug_macro   0x00001181      0x1df ./Core/Src/CRCs.o
 .debug_macro   0x00001360       0x1c ./Core/Src/CRCs.o
 .debug_macro   0x0000137c       0x22 ./Core/Src/CRCs.o
 .debug_macro   0x0000139e       0xbd ./Core/Src/CRCs.o
 .debug_macro   0x0000145b      0xd23 ./Core/Src/CRCs.o
 .debug_macro   0x0000217e     0xe09e ./Core/Src/CRCs.o
 .debug_macro   0x0001021c       0x6d ./Core/Src/CRCs.o
 .debug_macro   0x00010289     0x34a2 ./Core/Src/CRCs.o
 .debug_macro   0x0001372b      0x190 ./Core/Src/CRCs.o
 .debug_macro   0x000138bb       0x5c ./Core/Src/CRCs.o
 .debug_macro   0x00013917      0x5bc ./Core/Src/CRCs.o
 .debug_macro   0x00013ed3      0x289 ./Core/Src/CRCs.o
 .debug_macro   0x0001415c      0x1cb ./Core/Src/CRCs.o
 .debug_macro   0x00014327      0x114 ./Core/Src/CRCs.o
 .debug_macro   0x0001443b      0x1b2 ./Core/Src/CRCs.o
 .debug_macro   0x000145ed       0x27 ./Core/Src/CRCs.o
 .debug_macro   0x00014614      0x136 ./Core/Src/CRCs.o
 .debug_macro   0x0001474a      0x1bc ./Core/Src/CRCs.o
 .debug_macro   0x00014906       0x34 ./Core/Src/CRCs.o
 .debug_macro   0x0001493a       0x3c ./Core/Src/CRCs.o
 .debug_macro   0x00014976       0x57 ./Core/Src/CRCs.o
 .debug_macro   0x000149cd       0x22 ./Core/Src/CRCs.o
 .debug_macro   0x000149ef       0x87 ./Core/Src/CRCs.o
 .debug_macro   0x00014a76      0x240 ./Core/Src/CRCs.o
 .debug_macro   0x00014cb6      0x287 ./Core/Src/CRCs.o
 .debug_macro   0x00014f3d      0x140 ./Core/Src/CRCs.o
 .debug_macro   0x0001507d      0x28e ./Core/Src/CRCs.o
 .debug_macro   0x0001530b       0x83 ./Core/Src/CRCs.o
 .debug_macro   0x0001538e      0x27c ./Core/Src/MPU6050.o
 .debug_macro   0x0001560a       0x61 ./Core/Src/MPU6050.o
 .debug_macro   0x0001566b       0x24 ./Core/Src/MPU6050.o
 .debug_macro   0x0001568f       0x43 ./Core/Src/MPU6050.o
 .debug_macro   0x000156d2       0x34 ./Core/Src/MPU6050.o
 .debug_macro   0x00015706      0x370 ./Core/Src/MPU6050.o
 .debug_macro   0x00015a76       0x16 ./Core/Src/MPU6050.o
 .debug_macro   0x00015a8c       0x4a ./Core/Src/MPU6050.o
 .debug_macro   0x00015ad6       0x34 ./Core/Src/MPU6050.o
 .debug_macro   0x00015b0a       0x10 ./Core/Src/MPU6050.o
 .debug_macro   0x00015b1a       0x58 ./Core/Src/MPU6050.o
 .debug_macro   0x00015b72       0x8e ./Core/Src/MPU6050.o
 .debug_macro   0x00015c00       0x1c ./Core/Src/MPU6050.o
 .debug_macro   0x00015c1c      0x185 ./Core/Src/MPU6050.o
 .debug_macro   0x00015da1      0x19b ./Core/Src/MPU6050.o
 .debug_macro   0x00015f3c       0x82 ./Core/Src/MPU6050.o
 .debug_macro   0x00015fbe      0x2ac ./Core/Src/OLED.o
 .debug_macro   0x0001626a       0x16 ./Core/Src/OLED.o
 .debug_macro   0x00016280       0x3c ./Core/Src/OLED.o
 .debug_macro   0x000162bc       0x10 ./Core/Src/OLED.o
 .debug_macro   0x000162cc       0x16 ./Core/Src/OLED.o
 .debug_macro   0x000162e2       0x16 ./Core/Src/OLED.o
 .debug_macro   0x000162f8      0x146 ./Core/Src/OLED.o
 .debug_macro   0x0001643e       0x11 ./Core/Src/OLED_Font.o
 .debug_macro   0x0001644f      0x2a4 ./Core/Src/UARTComms.o
 .debug_macro   0x000166f3       0x10 ./Core/Src/UARTComms.o
 .debug_macro   0x00016703       0x20 ./Core/Src/UARTComms.o
 .debug_macro   0x00016723      0x1b6 ./Core/Src/crc.o
 .debug_macro   0x000168d9      0x1b6 ./Core/Src/dma.o
 .debug_macro   0x00016a8f      0x1b6 ./Core/Src/gpio.o
 .debug_macro   0x00016c45      0x1b6 ./Core/Src/i2c.o
 .debug_macro   0x00016dfb      0x2c2 ./Core/Src/main.o
 .debug_macro   0x000170bd      0x1ac ./Core/Src/stm32f1xx_hal_msp.o
 .debug_macro   0x00017269      0x1b6 ./Core/Src/stm32f1xx_it.o
 .debug_macro   0x0001741f      0x112 ./Core/Src/sysmem.o
 .debug_macro   0x00017531      0x23c ./Core/Src/sysmem.o
 .debug_macro   0x0001776d      0x1a2 ./Core/Src/system_stm32f1xx.o
 .debug_macro   0x0001790f      0x1b6 ./Core/Src/usart.o
 .debug_macro   0x00017ac5      0x1c6 ./Drivers/STM32F1xx_HAL_Driver/Src/stm32f1xx_hal.o
 .debug_macro   0x00017c8b      0x1a2 ./Drivers/STM32F1xx_HAL_Driver/Src/stm32f1xx_hal_cortex.o
 .debug_macro   0x00017e2d      0x1a2 ./Drivers/STM32F1xx_HAL_Driver/Src/stm32f1xx_hal_crc.o
 .debug_macro   0x00017fcf      0x1a2 ./Drivers/STM32F1xx_HAL_Driver/Src/stm32f1xx_hal_dma.o
 .debug_macro   0x00018171      0x20d ./Drivers/STM32F1xx_HAL_Driver/Src/stm32f1xx_hal_gpio.o
 .debug_macro   0x0001837e      0x1f0 ./Drivers/STM32F1xx_HAL_Driver/Src/stm32f1xx_hal_i2c.o
 .debug_macro   0x0001856e      0x1b4 ./Drivers/STM32F1xx_HAL_Driver/Src/stm32f1xx_hal_rcc.o
 .debug_macro   0x00018722      0x1a3 ./Drivers/STM32F1xx_HAL_Driver/Src/stm32f1xx_hal_uart.o

.debug_line     0x00000000    0x11735
 .debug_line    0x00000000      0x96b ./Core/Src/CRCs.o
 .debug_line    0x0000096b      0xb40 ./Core/Src/MPU6050.o
 .debug_line    0x000014ab      0xa62 ./Core/Src/OLED.o
 .debug_line    0x00001f0d       0x38 ./Core/Src/OLED_Font.o
 .debug_line    0x00001f45      0x91b ./Core/Src/UARTComms.o
 .debug_line    0x00002860      0x745 ./Core/Src/crc.o
 .debug_line    0x00002fa5      0x703 ./Core/Src/dma.o
 .debug_line    0x000036a8      0x702 ./Core/Src/gpio.o
 .debug_line    0x00003daa      0x7dd ./Core/Src/i2c.o
 .debug_line    0x00004587      0x92d ./Core/Src/main.o
 .debug_line    0x00004eb4      0x706 ./Core/Src/stm32f1xx_hal_msp.o
 .debug_line    0x000055ba      0x7fc ./Core/Src/stm32f1xx_it.o
 .debug_line    0x00005db6      0x597 ./Core/Src/sysmem.o
 .debug_line    0x0000634d      0x784 ./Core/Src/system_stm32f1xx.o
 .debug_line    0x00006ad1      0x7ca ./Core/Src/usart.o
 .debug_line    0x0000729b       0x78 ./Core/Startup/startup_stm32f103c8tx.o
 .debug_line    0x00007313      0x9b5 ./Drivers/STM32F1xx_HAL_Driver/Src/stm32f1xx_hal.o
 .debug_line    0x00007cc8      0xb7f ./Drivers/STM32F1xx_HAL_Driver/Src/stm32f1xx_hal_cortex.o
 .debug_line    0x00008847      0x82c ./Drivers/STM32F1xx_HAL_Driver/Src/stm32f1xx_hal_crc.o
 .debug_line    0x00009073      0xdbf ./Drivers/STM32F1xx_HAL_Driver/Src/stm32f1xx_hal_dma.o
 .debug_line    0x00009e32      0xa12 ./Drivers/STM32F1xx_HAL_Driver/Src/stm32f1xx_hal_gpio.o
 .debug_line    0x0000a844     0x3bb2 ./Drivers/STM32F1xx_HAL_Driver/Src/stm32f1xx_hal_i2c.o
 .debug_line    0x0000e3f6      0xe6e ./Drivers/STM32F1xx_HAL_Driver/Src/stm32f1xx_hal_rcc.o
 .debug_line    0x0000f264     0x24d1 ./Drivers/STM32F1xx_HAL_Driver/Src/stm32f1xx_hal_uart.o

.debug_str      0x00000000    0x85c64
 .debug_str     0x00000000    0x85c64 ./Core/Src/CRCs.o
                              0x7e66f (size before relaxing)
 .debug_str     0x00085c64    0x826cf ./Core/Src/MPU6050.o
 .debug_str     0x00085c64    0x821a7 ./Core/Src/OLED.o
 .debug_str     0x00085c64     0x2e58 ./Core/Src/OLED_Font.o
 .debug_str     0x00085c64    0x81b78 ./Core/Src/UARTComms.o
 .debug_str     0x00085c64    0x7e5eb ./Core/Src/crc.o
 .debug_str     0x00085c64    0x7e760 ./Core/Src/dma.o
 .debug_str     0x00085c64    0x7e45c ./Core/Src/gpio.o
 .debug_str     0x00085c64    0x7e9cf ./Core/Src/i2c.o
 .debug_str     0x00085c64    0x8236d ./Core/Src/main.o
 .debug_str     0x00085c64    0x7e48a ./Core/Src/stm32f1xx_hal_msp.o
 .debug_str     0x00085c64    0x7e93d ./Core/Src/stm32f1xx_it.o
 .debug_str     0x00085c64     0x7721 ./Core/Src/sysmem.o
 .debug_str     0x00085c64    0x7e4b5 ./Core/Src/system_stm32f1xx.o
 .debug_str     0x00085c64    0x7ec9f ./Core/Src/usart.o
 .debug_str     0x00085c64       0x7b ./Core/Startup/startup_stm32f103c8tx.o
 .debug_str     0x00085c64    0x7ebe8 ./Drivers/STM32F1xx_HAL_Driver/Src/stm32f1xx_hal.o
 .debug_str     0x00085c64    0x7eb34 ./Drivers/STM32F1xx_HAL_Driver/Src/stm32f1xx_hal_cortex.o
 .debug_str     0x00085c64    0x7e5f7 ./Drivers/STM32F1xx_HAL_Driver/Src/stm32f1xx_hal_crc.o
 .debug_str     0x00085c64    0x7e85e ./Drivers/STM32F1xx_HAL_Driver/Src/stm32f1xx_hal_dma.o
 .debug_str     0x00085c64    0x7e83b ./Drivers/STM32F1xx_HAL_Driver/Src/stm32f1xx_hal_gpio.o
 .debug_str     0x00085c64    0x7f57c ./Drivers/STM32F1xx_HAL_Driver/Src/stm32f1xx_hal_i2c.o
 .debug_str     0x00085c64    0x7e8e4 ./Drivers/STM32F1xx_HAL_Driver/Src/stm32f1xx_hal_rcc.o
 .debug_str     0x00085c64    0x7ef55 ./Drivers/STM32F1xx_HAL_Driver/Src/stm32f1xx_hal_uart.o

.comment        0x00000000       0x43
 .comment       0x00000000       0x43 ./Core/Src/CRCs.o
                                 0x44 (size before relaxing)
 .comment       0x00000043       0x44 ./Core/Src/MPU6050.o
 .comment       0x00000043       0x44 ./Core/Src/OLED.o
 .comment       0x00000043       0x44 ./Core/Src/OLED_Font.o
 .comment       0x00000043       0x44 ./Core/Src/UARTComms.o
 .comment       0x00000043       0x44 ./Core/Src/crc.o
 .comment       0x00000043       0x44 ./Core/Src/dma.o
 .comment       0x00000043       0x44 ./Core/Src/gpio.o
 .comment       0x00000043       0x44 ./Core/Src/i2c.o
 .comment       0x00000043       0x44 ./Core/Src/main.o
 .comment       0x00000043       0x44 ./Core/Src/stm32f1xx_hal_msp.o
 .comment       0x00000043       0x44 ./Core/Src/stm32f1xx_it.o
 .comment       0x00000043       0x44 ./Core/Src/sysmem.o
 .comment       0x00000043       0x44 ./Core/Src/system_stm32f1xx.o
 .comment       0x00000043       0x44 ./Core/Src/usart.o
 .comment       0x00000043       0x44 ./Drivers/STM32F1xx_HAL_Driver/Src/stm32f1xx_hal.o
 .comment       0x00000043       0x44 ./Drivers/STM32F1xx_HAL_Driver/Src/stm32f1xx_hal_cortex.o
 .comment       0x00000043       0x44 ./Drivers/STM32F1xx_HAL_Driver/Src/stm32f1xx_hal_crc.o
 .comment       0x00000043       0x44 ./Drivers/STM32F1xx_HAL_Driver/Src/stm32f1xx_hal_dma.o
 .comment       0x00000043       0x44 ./Drivers/STM32F1xx_HAL_Driver/Src/stm32f1xx_hal_gpio.o
 .comment       0x00000043       0x44 ./Drivers/STM32F1xx_HAL_Driver/Src/stm32f1xx_hal_i2c.o
 .comment       0x00000043       0x44 ./Drivers/STM32F1xx_HAL_Driver/Src/stm32f1xx_hal_rcc.o
 .comment       0x00000043       0x44 ./Drivers/STM32F1xx_HAL_Driver/Src/stm32f1xx_hal_uart.o

.debug_frame    0x00000000     0x35b4
 .debug_frame   0x00000000      0x1b4 ./Core/Src/CRCs.o
 .debug_frame   0x000001b4      0x178 ./Core/Src/MPU6050.o
 .debug_frame   0x0000032c      0x17c ./Core/Src/OLED.o
 .debug_frame   0x000004a8       0x98 ./Core/Src/UARTComms.o
 .debug_frame   0x00000540       0x7c ./Core/Src/crc.o
 .debug_frame   0x000005bc       0x34 ./Core/Src/dma.o
 .debug_frame   0x000005f0       0x38 ./Core/Src/gpio.o
 .debug_frame   0x00000628       0x90 ./Core/Src/i2c.o
 .debug_frame   0x000006b8       0x6c ./Core/Src/main.o
 .debug_frame   0x00000724       0x38 ./Core/Src/stm32f1xx_hal_msp.o
 .debug_frame   0x0000075c      0x158 ./Core/Src/stm32f1xx_it.o
 .debug_frame   0x000008b4       0x34 ./Core/Src/sysmem.o
 .debug_frame   0x000008e8       0x58 ./Core/Src/system_stm32f1xx.o
 .debug_frame   0x00000940       0x74 ./Core/Src/usart.o
 .debug_frame   0x000009b4      0x334 ./Drivers/STM32F1xx_HAL_Driver/Src/stm32f1xx_hal.o
 .debug_frame   0x00000ce8      0x428 ./Drivers/STM32F1xx_HAL_Driver/Src/stm32f1xx_hal_cortex.o
 .debug_frame   0x00001110      0x120 ./Drivers/STM32F1xx_HAL_Driver/Src/stm32f1xx_hal_crc.o
 .debug_frame   0x00001230      0x208 ./Drivers/STM32F1xx_HAL_Driver/Src/stm32f1xx_hal_dma.o
 .debug_frame   0x00001438      0x14c ./Drivers/STM32F1xx_HAL_Driver/Src/stm32f1xx_hal_gpio.o
 .debug_frame   0x00001584      0xc84 ./Drivers/STM32F1xx_HAL_Driver/Src/stm32f1xx_hal_i2c.o
 .debug_frame   0x00002208      0x218 ./Drivers/STM32F1xx_HAL_Driver/Src/stm32f1xx_hal_rcc.o
 .debug_frame   0x00002420      0x944 ./Drivers/STM32F1xx_HAL_Driver/Src/stm32f1xx_hal_uart.o
 .debug_frame   0x00002d64      0x144 D:/STM32/STM32CubeIDE_1.19.0/STM32CubeIDE/plugins/com.st.stm32cube.ide.mcu.externaltools.gnu-tools-for-stm32.13.3.rel1.win32_1.0.0.202411081344/tools/bin/../lib/gcc/arm-none-eabi/13.3.1/../../../../arm-none-eabi/lib/thumb/v7-m/nofp\libc_nano.a(libc_a-findfp.o)
 .debug_frame   0x00002ea8       0x74 D:/STM32/STM32CubeIDE_1.19.0/STM32CubeIDE/plugins/com.st.stm32cube.ide.mcu.externaltools.gnu-tools-for-stm32.13.3.rel1.win32_1.0.0.202411081344/tools/bin/../lib/gcc/arm-none-eabi/13.3.1/../../../../arm-none-eabi/lib/thumb/v7-m/nofp\libc_nano.a(libc_a-sprintf.o)
 .debug_frame   0x00002f1c       0x28 D:/STM32/STM32CubeIDE_1.19.0/STM32CubeIDE/plugins/com.st.stm32cube.ide.mcu.externaltools.gnu-tools-for-stm32.13.3.rel1.win32_1.0.0.202411081344/tools/bin/../lib/gcc/arm-none-eabi/13.3.1/../../../../arm-none-eabi/lib/thumb/v7-m/nofp\libc_nano.a(libc_a-memmove.o)
 .debug_frame   0x00002f44       0x20 D:/STM32/STM32CubeIDE_1.19.0/STM32CubeIDE/plugins/com.st.stm32cube.ide.mcu.externaltools.gnu-tools-for-stm32.13.3.rel1.win32_1.0.0.202411081344/tools/bin/../lib/gcc/arm-none-eabi/13.3.1/../../../../arm-none-eabi/lib/thumb/v7-m/nofp\libc_nano.a(libc_a-memset.o)
 .debug_frame   0x00002f64       0x38 D:/STM32/STM32CubeIDE_1.19.0/STM32CubeIDE/plugins/com.st.stm32cube.ide.mcu.externaltools.gnu-tools-for-stm32.13.3.rel1.win32_1.0.0.202411081344/tools/bin/../lib/gcc/arm-none-eabi/13.3.1/../../../../arm-none-eabi/lib/thumb/v7-m/nofp\libc_nano.a(libc_a-reent.o)
 .debug_frame   0x00002f9c       0x20 D:/STM32/STM32CubeIDE_1.19.0/STM32CubeIDE/plugins/com.st.stm32cube.ide.mcu.externaltools.gnu-tools-for-stm32.13.3.rel1.win32_1.0.0.202411081344/tools/bin/../lib/gcc/arm-none-eabi/13.3.1/../../../../arm-none-eabi/lib/thumb/v7-m/nofp\libc_nano.a(libc_a-errno.o)
 .debug_frame   0x00002fbc       0x2c D:/STM32/STM32CubeIDE_1.19.0/STM32CubeIDE/plugins/com.st.stm32cube.ide.mcu.externaltools.gnu-tools-for-stm32.13.3.rel1.win32_1.0.0.202411081344/tools/bin/../lib/gcc/arm-none-eabi/13.3.1/../../../../arm-none-eabi/lib/thumb/v7-m/nofp\libc_nano.a(libc_a-init.o)
 .debug_frame   0x00002fe8       0xb0 D:/STM32/STM32CubeIDE_1.19.0/STM32CubeIDE/plugins/com.st.stm32cube.ide.mcu.externaltools.gnu-tools-for-stm32.13.3.rel1.win32_1.0.0.202411081344/tools/bin/../lib/gcc/arm-none-eabi/13.3.1/../../../../arm-none-eabi/lib/thumb/v7-m/nofp\libc_nano.a(libc_a-lock.o)
 .debug_frame   0x00003098       0x28 D:/STM32/STM32CubeIDE_1.19.0/STM32CubeIDE/plugins/com.st.stm32cube.ide.mcu.externaltools.gnu-tools-for-stm32.13.3.rel1.win32_1.0.0.202411081344/tools/bin/../lib/gcc/arm-none-eabi/13.3.1/../../../../arm-none-eabi/lib/thumb/v7-m/nofp\libc_nano.a(libc_a-memcpy-stub.o)
 .debug_frame   0x000030c0       0x38 D:/STM32/STM32CubeIDE_1.19.0/STM32CubeIDE/plugins/com.st.stm32cube.ide.mcu.externaltools.gnu-tools-for-stm32.13.3.rel1.win32_1.0.0.202411081344/tools/bin/../lib/gcc/arm-none-eabi/13.3.1/../../../../arm-none-eabi/lib/thumb/v7-m/nofp\libc_nano.a(libc_a-freer.o)
 .debug_frame   0x000030f8       0x50 D:/STM32/STM32CubeIDE_1.19.0/STM32CubeIDE/plugins/com.st.stm32cube.ide.mcu.externaltools.gnu-tools-for-stm32.13.3.rel1.win32_1.0.0.202411081344/tools/bin/../lib/gcc/arm-none-eabi/13.3.1/../../../../arm-none-eabi/lib/thumb/v7-m/nofp\libc_nano.a(libc_a-mallocr.o)
 .debug_frame   0x00003148       0x30 D:/STM32/STM32CubeIDE_1.19.0/STM32CubeIDE/plugins/com.st.stm32cube.ide.mcu.externaltools.gnu-tools-for-stm32.13.3.rel1.win32_1.0.0.202411081344/tools/bin/../lib/gcc/arm-none-eabi/13.3.1/../../../../arm-none-eabi/lib/thumb/v7-m/nofp\libc_nano.a(libc_a-mlock.o)
 .debug_frame   0x00003178       0x90 D:/STM32/STM32CubeIDE_1.19.0/STM32CubeIDE/plugins/com.st.stm32cube.ide.mcu.externaltools.gnu-tools-for-stm32.13.3.rel1.win32_1.0.0.202411081344/tools/bin/../lib/gcc/arm-none-eabi/13.3.1/../../../../arm-none-eabi/lib/thumb/v7-m/nofp\libc_nano.a(libc_a-nano-svfprintf.o)
 .debug_frame   0x00003208       0x60 D:/STM32/STM32CubeIDE_1.19.0/STM32CubeIDE/plugins/com.st.stm32cube.ide.mcu.externaltools.gnu-tools-for-stm32.13.3.rel1.win32_1.0.0.202411081344/tools/bin/../lib/gcc/arm-none-eabi/13.3.1/../../../../arm-none-eabi/lib/thumb/v7-m/nofp\libc_nano.a(libc_a-nano-vfprintf_i.o)
 .debug_frame   0x00003268       0x2c D:/STM32/STM32CubeIDE_1.19.0/STM32CubeIDE/plugins/com.st.stm32cube.ide.mcu.externaltools.gnu-tools-for-stm32.13.3.rel1.win32_1.0.0.202411081344/tools/bin/../lib/gcc/arm-none-eabi/13.3.1/../../../../arm-none-eabi/lib/thumb/v7-m/nofp\libc_nano.a(libc_a-sbrkr.o)
 .debug_frame   0x00003294       0x28 D:/STM32/STM32CubeIDE_1.19.0/STM32CubeIDE/plugins/com.st.stm32cube.ide.mcu.externaltools.gnu-tools-for-stm32.13.3.rel1.win32_1.0.0.202411081344/tools/bin/../lib/gcc/arm-none-eabi/13.3.1/../../../../arm-none-eabi/lib/thumb/v7-m/nofp\libc_nano.a(libc_a-memchr-stub.o)
 .debug_frame   0x000032bc       0x3c D:/STM32/STM32CubeIDE_1.19.0/STM32CubeIDE/plugins/com.st.stm32cube.ide.mcu.externaltools.gnu-tools-for-stm32.13.3.rel1.win32_1.0.0.202411081344/tools/bin/../lib/gcc/arm-none-eabi/13.3.1/../../../../arm-none-eabi/lib/thumb/v7-m/nofp\libc_nano.a(libc_a-reallocr.o)
 .debug_frame   0x000032f8       0x20 D:/STM32/STM32CubeIDE_1.19.0/STM32CubeIDE/plugins/com.st.stm32cube.ide.mcu.externaltools.gnu-tools-for-stm32.13.3.rel1.win32_1.0.0.202411081344/tools/bin/../lib/gcc/arm-none-eabi/13.3.1/../../../../arm-none-eabi/lib/thumb/v7-m/nofp\libc_nano.a(libc_a-msizer.o)
 .debug_frame   0x00003318       0x20 D:/STM32/STM32CubeIDE_1.19.0/STM32CubeIDE/plugins/com.st.stm32cube.ide.mcu.externaltools.gnu-tools-for-stm32.13.3.rel1.win32_1.0.0.202411081344/tools/bin/../lib/gcc/arm-none-eabi/13.3.1/../../../../arm-none-eabi/lib/thumb/v7-m/nofp\libm.a(libm_a-wf_atan2.o)
 .debug_frame   0x00003338       0x2c D:/STM32/STM32CubeIDE_1.19.0/STM32CubeIDE/plugins/com.st.stm32cube.ide.mcu.externaltools.gnu-tools-for-stm32.13.3.rel1.win32_1.0.0.202411081344/tools/bin/../lib/gcc/arm-none-eabi/13.3.1/../../../../arm-none-eabi/lib/thumb/v7-m/nofp\libm.a(libm_a-wf_sqrt.o)
 .debug_frame   0x00003364       0x30 D:/STM32/STM32CubeIDE_1.19.0/STM32CubeIDE/plugins/com.st.stm32cube.ide.mcu.externaltools.gnu-tools-for-stm32.13.3.rel1.win32_1.0.0.202411081344/tools/bin/../lib/gcc/arm-none-eabi/13.3.1/../../../../arm-none-eabi/lib/thumb/v7-m/nofp\libm.a(libm_a-ef_sqrt.o)
 .debug_frame   0x00003394       0x3c D:/STM32/STM32CubeIDE_1.19.0/STM32CubeIDE/plugins/com.st.stm32cube.ide.mcu.externaltools.gnu-tools-for-stm32.13.3.rel1.win32_1.0.0.202411081344/tools/bin/../lib/gcc/arm-none-eabi/13.3.1/../../../../arm-none-eabi/lib/thumb/v7-m/nofp\libm.a(libm_a-ef_atan2.o)
 .debug_frame   0x000033d0       0x30 D:/STM32/STM32CubeIDE_1.19.0/STM32CubeIDE/plugins/com.st.stm32cube.ide.mcu.externaltools.gnu-tools-for-stm32.13.3.rel1.win32_1.0.0.202411081344/tools/bin/../lib/gcc/arm-none-eabi/13.3.1/../../../../arm-none-eabi/lib/thumb/v7-m/nofp\libm.a(libm_a-sf_atan.o)
 .debug_frame   0x00003400       0x20 D:/STM32/STM32CubeIDE_1.19.0/STM32CubeIDE/plugins/com.st.stm32cube.ide.mcu.externaltools.gnu-tools-for-stm32.13.3.rel1.win32_1.0.0.202411081344/tools/bin/../lib/gcc/arm-none-eabi/13.3.1/../../../../arm-none-eabi/lib/thumb/v7-m/nofp\libm.a(libm_a-sf_fabs.o)
 .debug_frame   0x00003420       0x4c D:/STM32/STM32CubeIDE_1.19.0/STM32CubeIDE/plugins/com.st.stm32cube.ide.mcu.externaltools.gnu-tools-for-stm32.13.3.rel1.win32_1.0.0.202411081344/tools/bin/../lib/gcc/arm-none-eabi/13.3.1/thumb/v7-m/nofp\libgcc.a(_arm_addsubsf3.o)
 .debug_frame   0x0000346c       0x38 D:/STM32/STM32CubeIDE_1.19.0/STM32CubeIDE/plugins/com.st.stm32cube.ide.mcu.externaltools.gnu-tools-for-stm32.13.3.rel1.win32_1.0.0.202411081344/tools/bin/../lib/gcc/arm-none-eabi/13.3.1/thumb/v7-m/nofp\libgcc.a(_arm_muldivsf3.o)
 .debug_frame   0x000034a4       0xc8 D:/STM32/STM32CubeIDE_1.19.0/STM32CubeIDE/plugins/com.st.stm32cube.ide.mcu.externaltools.gnu-tools-for-stm32.13.3.rel1.win32_1.0.0.202411081344/tools/bin/../lib/gcc/arm-none-eabi/13.3.1/thumb/v7-m/nofp\libgcc.a(_arm_cmpsf2.o)
 .debug_frame   0x0000356c       0x24 D:/STM32/STM32CubeIDE_1.19.0/STM32CubeIDE/plugins/com.st.stm32cube.ide.mcu.externaltools.gnu-tools-for-stm32.13.3.rel1.win32_1.0.0.202411081344/tools/bin/../lib/gcc/arm-none-eabi/13.3.1/thumb/v7-m/nofp\libgcc.a(_arm_unordsf2.o)
 .debug_frame   0x00003590       0x24 D:/STM32/STM32CubeIDE_1.19.0/STM32CubeIDE/plugins/com.st.stm32cube.ide.mcu.externaltools.gnu-tools-for-stm32.13.3.rel1.win32_1.0.0.202411081344/tools/bin/../lib/gcc/arm-none-eabi/13.3.1/thumb/v7-m/nofp\libgcc.a(_arm_fixunssfsi.o)

.debug_line_str
                0x00000000       0x5f
 .debug_line_str
                0x00000000       0x5f ./Core/Startup/startup_stm32f103c8tx.o