../Core/Src/MPU6050.c:19:6:MPU6050_WriteReg	32	static
../Core/Src/MPU6050.c:30:6:MPU6050_ReadReg	24	static
../Core/Src/MPU6050.c:42:6:MPU6050_ReadMultiReg	24	static
../Core/Src/MPU6050.c:52:6:MPU6050_Init	8	static
../Core/Src/MPU6050.c:68:6:MPU6050_ReadAll	32	static
../Core/Src/MPU6050.c:91:6:MPU6050_GetData	40	static
../Core/Src/MPU6050.c:108:7:MPU6050_Accel_To_G_16G	16	static
../Core/Src/MPU6050.c:118:7:MPU6050_Gyro_To_DegPerSec_2000	16	static
../Core/Src/MPU6050.c:129:6:MPU6050_Calibrate	48	static
../Core/Src/MPU6050.c:160:6:MPU6050_ProcessData	56	static
